******************************************************************************
                  TI ARM Linker PC v16.9.4                     
******************************************************************************
>> Linked Mon Nov 04 22:57:06 2019

OUTPUT FILE NAME:   <Drone.out>
ENTRY POINT SYMBOL: "_c_int00"  address: 2000f8dd


MEMORY CONFIGURATION

         name            origin    length      used     unused   attr    fill
----------------------  --------  ---------  --------  --------  ----  --------
  SRAM_CODE             20004000   00012fff  0000c4e8  00006b17  RW X
  SRAM_DATA             20017000   00019000  00002bf6  0001640a  RW X


SEGMENT ALLOCATION MAP

run origin  load origin   length   init length attrs members
----------  ----------- ---------- ----------- ----- -------
20004000    20004000    0000c4f0   0000c4f0    r-x
  20004000    20004000    00000400   00000400    r-- .intvecs
  20004400    20004400    0000ba0e   0000ba0e    r-x .text
  2000fe10    2000fe10    00000682   00000682    r-- .const
  20010498    20010498    00000058   00000058    r-- .cinit
20017000    20017000    000023f8   00000000    rw-
  20017000    20017000    00002000   00000000    rw- .sysmem
  20019000    20019000    0000035e   00000000    rw- .bss
  20019360    20019360    00000098   00000000    rw- .data
2002f800    2002f800    00000800   00000000    rw-
  2002f800    2002f800    00000800   00000000    rw- .stack


SECTION ALLOCATION MAP

 output                                  attributes/
section   page    origin      length       input sections
--------  ----  ----------  ----------   ----------------
.intvecs   0    20004000    00000400     
                  20004000    00000400     startup_ccs.obj (.intvecs)

.init_array 
*          0    20004000    00000000     UNINITIALIZED

.text      0    20004400    0000ba0e     
                  20004400    0000125c     free_rtos.a : tasks.obj (.text)
                  2000565c    00001122     rtsv7M4_T_le_eabi.lib : _printfi.obj (.text)
                  2000677e    00000002                           : mpu_init.obj (.text)
                  20006780    00000f44     main.obj (.text)
                  200076c4    00000b60     prcm.obj (.text)
                  20008224    00000b24     free_rtos.a : queue.obj (.text)
                  20008d48    00000794     spi.obj (.text)
                  200094dc    00000590     simplelink.a : driver.obj (.text:_SlDrvMsgRead)
                  20009a6c    000004a4     udma.obj (.text)
                  20009f10    0000048c     uart.obj (.text)
                  2000a39c    0000045c     free_rtos.a : osi_freertos.obj (.text)
                  2000a7f8    000003d0     rtsv7M4_T_le_eabi.lib : memory.obj (.text)
                  2000abc8    000003bc     timer.obj (.text)
                  2000af84    00000370     interrupt.obj (.text)
                  2000b2f4    00000300     flash.obj (.text)
                  2000b5f4    00000290     uart_if.obj (.text)
                  2000b884    00000280     pin.obj (.text)
                  2000bb04    0000024c     simplelink.a : driver.obj (.text:_SlDrvRxHdrRead)
                  2000bd50    000001f4     rtsv7M4_T_le_eabi.lib : ull_div_t2.obj (.text)
                  2000bf44    000001d0     simplelink.a : driver.obj (.text:_SlDrvReleasePoolObj)
                  2000c114    000001bc                  : socket.obj (.text:sl_Accept)
                  2000c2d0    000001b6     rtsv7M4_T_le_eabi.lib : fd_add_t2.obj (.text)
                  2000c486    00000002                           : startup.obj (.text)
                  2000c488    0000019c     simplelink.a : driver.obj (.text:_SlDrvMsgWrite)
                  2000c624    00000190                  : driver.obj (.text:_SlDrvDriverCBInit)
                  2000c7b4    00000190                  : driver.obj (.text:_SlDrvWaitForPoolObj)
                  2000c944    00000170                  : driver.obj (.text:_SlFindAndSetActiveObj)
                  2000cab4    00000150                  : cc_pal.obj (.text:spi_Open)
                  2000cc04    0000014c                  : driver.obj (.text:_SlDrvDataWriteOp)
                  2000cd50    0000013c                  : driver.obj (.text:_SlDrvMsgReadCmdCtx)
                  2000ce8c    00000136     rtsv7M4_T_le_eabi.lib : fd_div_t2.obj (.text)
                  2000cfc2    00000002     --HOLE-- [fill = 0]
                  2000cfc4    00000134     simplelink.a : socket.obj (.text:sl_Send)
                  2000d0f8    0000012a     free_rtos.a : list.obj (.text)
                  2000d222    00000002     --HOLE-- [fill = 0]
                  2000d224    00000124     simplelink.a : driver.obj (.text:_SlDrvDriverCBDeinit)
                  2000d348    00000110     free_rtos.a : port.obj (.text)
                  2000d458    00000104     simplelink.a : netapp.obj (.text:_SlDrvNetAppEventHandler)
                  2000d55c    000000fc     rtsv7M4_T_le_eabi.lib : fd_mul_t2.obj (.text)
                  2000d658    000000f0     simplelink.a : device.obj (.text:sl_Stop)
                  2000d748    000000ec                  : device.obj (.text:sl_Start)
                  2000d834    000000e8                  : driver.obj (.text:_SlAsyncEventGenericHandler)
                  2000d91c    000000e8                  : driver.obj (.text:_SlDrvMsgReadSpawnCtx)
                  2000da04    000000e4                  : netapp.obj (.text:sl_NetAppMDNSRegisterUnregisterService)
                  2000dae8    000000dc                  : driver.obj (.text:_SlDrvClassifyRxMsg)
                  2000dbc4    000000dc                  : cc_pal.obj (.text:spi_Read)
                  2000dca0    000000d8                  : netcfg.obj (.text:sl_NetCfgGet)
                  2000dd78    000000d0     rtsv7M4_T_le_eabi.lib : s_scalbn.obj (.text)
                  2000de48    000000cc     simplelink.a : netapp.obj (.text:_sl_HandleAsync_DnsGetHostByService)
                  2000df14    000000cc                  : device.obj (.text:sl_DevGet)
                  2000dfe0    000000c4                  : driver.obj (.text:_SlRemoveFromList)
                  2000e0a4    000000c0                  : driver.obj (.text:_SlDrvCmdOp)
                  2000e164    000000ba     free_rtos.a : portasm.obj (.text)
                  2000e21e    00000002     --HOLE-- [fill = 0]
                  2000e220    000000b8     simplelink.a : socket.obj (.text:sl_Bind)
                  2000e2d8    000000a0                  : driver.obj (.text:_SlDriverHandleError)
                  2000e378    0000009c     rtsv7M4_T_le_eabi.lib : memcpy_t2.obj (.text)
                  2000e414    0000009a     simplelink.a : device.obj (.text:_SlDrvDeviceEventHandler)
                  2000e4ae    00000002     --HOLE-- [fill = 0]
                  2000e4b0    00000098                  : netcfg.obj (.text:sl_NetCfgSet)
                  2000e548    00000098                  : socket.obj (.text:sl_SetSockOpt)
                  2000e5e0    00000098                  : wlan.obj (.text:sl_WlanSet)
                  2000e678    00000090                  : netapp.obj (.text:_sl_HandleAsync_DnsGetHostByName)
                  2000e708    00000090                  : netapp.obj (.text:_sl_HandleAsync_PingResponse)
                  2000e798    00000090                  : wlan.obj (.text:sl_WlanPolicySet)
                  2000e828    0000008c                  : cc_pal.obj (.text:SetupDMAReceive)
                  2000e8b4    0000008c                  : cc_pal.obj (.text:SetupDMASend)
                  2000e940    0000008c                  : driver.obj (.text:_SlDrvIsTimeoutExpired)
                  2000e9cc    0000008c                  : device.obj (.text:_sl_HandleAsync_InitComplete)
                  2000ea58    0000008c                  : socket.obj (.text:sl_Socket)
                  2000eae4    0000008c                  : cc_pal.obj (.text:spi_Write)
                  2000eb70    00000088     rtsv7M4_T_le_eabi.lib : vsnprintf.obj (.text)
                  2000ebf8    00000086                           : fd_cmp_t2.obj (.text:__aeabi_cdcmple)
                  2000ec7e    00000086                           : fd_cmp_t2.obj (.text:__aeabi_cdrcmple)
                  2000ed04    00000084     simplelink.a : wlan.obj (.text:sl_WlanRxFilterSet)
                  2000ed88    00000080                  : socket.obj (.text:_sl_HandleAsync_Connect)
                  2000ee08    00000080                  : cc_pal.obj (.text:spi_Read_CPU)
                  2000ee88    00000080                  : cc_pal.obj (.text:spi_Write_CPU)
                  2000ef08    0000007a     rtsv7M4_T_le_eabi.lib : memset_t2.obj (.text)
                  2000ef82    00000002     --HOLE-- [fill = 0]
                  2000ef84    00000078     simplelink.a : cc_pal.obj (.text:spi_Close)
                  2000effc    00000070     rtsv7M4_T_le_eabi.lib : autoinit.obj (.text)
                  2000f06c    0000006c     simplelink.a : driver.obj (.text:_SlDrvCmdSend)
                  2000f0d8    0000006c                  : netapp.obj (.text:_sl_NetAppSendTokenValue)
                  2000f144    0000006c                  : socket.obj (.text:sl_Listen)
                  2000f1b0    00000068     rtsv7M4_T_le_eabi.lib : copy_decompress_lzss.obj (.text:decompress:lzss)
                  2000f218    00000064     simplelink.a : socket.obj (.text:_sl_HandleAsync_Accept)
                  2000f27c    00000064                  : netapp.obj (.text:sl_NetAppMDNSUnRegisterService)
                  2000f2e0    00000060                  : socket.obj (.text:sl_Close)
                  2000f340    00000060                  : wlan.obj (.text:sl_WlanProfileDel)
                  2000f3a0    00000060                  : wlan.obj (.text:sl_WlanSetMode)
                  2000f400    0000005e     cpu.obj (.text)
                  2000f45e    00000002     --HOLE-- [fill = 0]
                  2000f460    0000005c     rtsv7M4_T_le_eabi.lib : s_frexp.obj (.text)
                  2000f4bc    00000054     simplelink.a : socket.obj (.text:_sl_HandleAsync_Select)
                  2000f510    00000054     rtsv7M4_T_le_eabi.lib : exit.obj (.text)
                  2000f564    00000054                           : ltoa.obj (.text)
                  2000f5b8    00000050     simplelink.a : driver.obj (.text:_SlDrvRxIrqHandler)
                  2000f608    00000050                  : device.obj (.text:_sl_HandleAsync_Stop)
                  2000f658    0000004c                  : driver.obj (.text:_SlDrvProtectAsyncRespSetting)
                  2000f6a4    0000004c                  : socket.obj (.text:_sl_BuildAddress)
                  2000f6f0    0000004c     rtsv7M4_T_le_eabi.lib : atoi.obj (.text)
                  2000f73c    0000004c                           : cpy_tbl.obj (.text)
                  2000f788    00000048     simplelink.a : driver.obj (.text:_SlDrvBasicCmd)
                  2000f7d0    00000048     rtsv7M4_T_le_eabi.lib : fd_toi_t2.obj (.text)
                  2000f818    00000044     simplelink.a : cc_pal.obj (.text:cc_SetupTransfer)
                  2000f85c    00000040                  : driver.obj (.text:_SlDrvSyncObjWaitTimeout)
                  2000f89c    00000040                  : socket.obj (.text:_sl_TruncatePayloadByProtocol)
                  2000f8dc    00000040     rtsv7M4_T_le_eabi.lib : boot.obj (.text)
                  2000f91c    0000003c     simplelink.a : netapp.obj (.text:CopyPingResultsToReport)
                  2000f958    0000003c                  : cc_pal.obj (.text:simplelink_timerA2_start)
                  2000f994    0000003c                  : socket.obj (.text:sl_Htons)
                  2000f9d0    00000038                  : cc_pal.obj (.text:NwpPowerOff)
                  2000fa08    00000038                  : wlan.obj (.text:sl_WlanDisconnect)
                  2000fa40    00000036     rtsv7M4_T_le_eabi.lib : strncpy.obj (.text)
                  2000fa76    0000002e                           : i_tofd_t2.obj (.text)
                  2000faa4    0000002c     simplelink.a : cc_pal.obj (.text:DmaSpiSwIntHandler)
                  2000fad0    0000002c                  : cc_pal.obj (.text:NwpPowerOn)
                  2000fafc    00000028                  : driver.obj (.text:_SlDrvObjGlobalLockWaitForever)
                  2000fb24    00000028                  : driver.obj (.text:_SlDrvProtectionObjLockWaitForever)
                  2000fb4c    00000026                  : cc_pal.obj (.text:NwpRegisterInterruptHandler)
                  2000fb72    00000002     --HOLE-- [fill = 0]
                  2000fb74    00000024                  : driver.obj (.text:_SlDrvGlobalObjUnLock)
                  2000fb98    00000024                  : driver.obj (.text:_SlDrvProtectionObjUnLock)
                  2000fbbc    00000024                  : driver.obj (.text:_SlDrvSyncObjWaitForever)
                  2000fbe0    00000024     rtsv7M4_T_le_eabi.lib : memmov.obj (.text)
                  2000fc04    00000022     simplelink.a : driver.obj (.text:_SlDrvObjLockWaitForever)
                  2000fc26    00000002     --HOLE-- [fill = 0]
                  2000fc28    00000020                  : cc_pal.obj (.text:NwpPrePowerOffTimout0)
                  2000fc48    00000020                  : cc_pal.obj (.text:TimerGetCurrentTimestamp)
                  2000fc68    0000001e                  : driver.obj (.text:_SlDrvObjUnLock)
                  2000fc86    0000001e                  : driver.obj (.text:_SlDrvSyncObjSignal)
                  2000fca4    0000001e                  : cc_pal.obj (.text:cc_UDMAChannelSelect)
                  2000fcc2    0000001c                  : driver.obj (.text:_SlDrvStartMeasureTimeout)
                  2000fcde    0000001c     pinmux.obj (.text)
                  2000fcfa    0000001c     rtsv7M4_T_le_eabi.lib : memccpy.obj (.text)
                  2000fd16    00000002     --HOLE-- [fill = 0]
                  2000fd18    00000018     simplelink.a : device.obj (.text:_sl_GetStartResponseConvert)
                  2000fd30    00000018     rtsv7M4_T_le_eabi.lib : args_main.obj (.text)
                  2000fd48    00000016     simplelink.a : driver.obj (.text:_SlDrvMemZero)
                  2000fd5e    00000016     rtsv7M4_T_le_eabi.lib : strchr.obj (.text)
                  2000fd74    00000014                           : _lock.obj (.text)
                  2000fd88    00000014                           : strlen.obj (.text)
                  2000fd9c    00000010     simplelink.a : driver.obj (.text:_SlDrvDispatchHttpServerEvents)
                  2000fdac    0000000e                  : driver.obj (.text:_SlDrvResetCmdExt)
                  2000fdba    0000000e     rtsv7M4_T_le_eabi.lib : copy_decompress_none.obj (.text:decompress:none)
                  2000fdc8    0000000e     startup_ccs.obj (.text)
                  2000fdd6    00000002     --HOLE-- [fill = 0]
                  2000fdd8    0000000c     simplelink.a : cc_pal.obj (.text:NwpMaskInterrupt)
                  2000fde4    0000000c                  : cc_pal.obj (.text:NwpUnMaskInterrupt)
                  2000fdf0    0000000c     rtsv7M4_T_le_eabi.lib : copy_zero_init.obj (.text:decompress:ZI)
                  2000fdfc    00000008                           : s_copysign.obj (.text)
                  2000fe04    00000006     utils.obj (.text:UtilsDelay)
                  2000fe0a    00000004     rtsv7M4_T_le_eabi.lib : pre_init.obj (.text)

.const     0    2000fe10    00000682     
                  2000fe10    00000101     rtsv7M4_T_le_eabi.lib : ctype.obj (.const:.string:_ctypes_)
                  2000ff11    00000003     --HOLE-- [fill = 0]
                  2000ff14    00000100     pin.obj (.const:g_ulPinToPadMap)
                  20010014    000000d4     interrupt.obj (.const:g_pulRegs)
                  200100e8    000000a8     prcm.obj (.const:PRCM_PeriphRegsList)
                  20010190    00000040     flash.obj (.const:g_pulFMPPERegs)
                  200101d0    00000040     flash.obj (.const:g_pulFMPRERegs)
                  20010210    0000003c     simplelink.a : driver.obj (.const:OpcodeTranslateTable)
                  2001024c    00000038                  : driver.obj (.const:_SlActionLookupTable)
                  20010284    0000002c     main.obj (.const:$P$T1$2)
                  200102b0    00000024     spi.obj (.const:g_ppulSPIIntMap)
                  200102d4    00000022     main.obj (.const:.string:$P$T0$1)
                  200102f6    00000002     --HOLE-- [fill = 0]
                  200102f8    00000020     simplelink.a : driver.obj (.const:RxMsgClassLUT)
                  20010318    00000020     interrupt.obj (.const:g_pulPriority)
                  20010338    00000018     interrupt.obj (.const:g_pulDisRegs)
                  20010350    00000018     interrupt.obj (.const:g_pulEnRegs)
                  20010368    00000018     interrupt.obj (.const:g_pulPendRegs)
                  20010380    00000018     interrupt.obj (.const:g_pulUnpendRegs)
                  20010398    00000018     spi.obj (.const:g_ulSPIDmaMaskMap)
                  200103b0    00000014     simplelink.a : driver.obj (.const:$P$T0$1)
                  200103c4    00000014     main.obj (.const:$P$T2$3)
                  200103d8    00000014     main.obj (.const:.string:$P$T5$6)
                  200103ec    00000010     main.obj (.const:$P$T4$5)
                  200103fc    00000010     simplelink.a : socket.obj (.const:.string:_SlPayloadByProtocolLUT)
                  2001040c    00000010     uart.obj (.const:g_ppulUARTIntMap)
                  2001041c    0000000e     main.obj (.const:.string:$P$T3$4)
                  2001042a    00000008     simplelink.a : device.obj (.const:StartResponseLUT)
                  20010432    00000002     --HOLE-- [fill = 0]
                  20010434    00000008                  : driver.obj (.const:g_H2NCnysPattern)
                  2001043c    00000008                  : driver.obj (.const:g_H2NSyncPattern)
                  20010444    00000005     main.obj (.const:.string:$P$T6$7)
                  20010449    00000001     --HOLE-- [fill = 0]
                  2001044a    00000004     simplelink.a : socket.obj (.const:$P$T0$1)
                  2001044e    00000004                  : socket.obj (.const:_SlAcceptCmdCtrl)
                  20010452    00000004                  : device.obj (.const:_SlDeviceGetCmdCtrl)
                  20010456    00000004                  : socket.obj (.const:_SlListenCmdCtrl)
                  2001045a    00000004                  : netapp.obj (.const:_SlNetAppSendTokenValueCmdCtrl)
                  2001045e    00000004                  : netcfg.obj (.const:_SlNetCfgGetCmdCtrl)
                  20010462    00000004                  : netcfg.obj (.const:_SlNetCfgSetCmdCtrl)
                  20010466    00000004                  : wlan.obj (.const:_SlPolicySetCmdCtrl)
                  2001046a    00000004                  : wlan.obj (.const:_SlProfileDelCmdCtrl)
                  2001046e    00000004                  : netapp.obj (.const:_SlRegisterServiceCtrl)
                  20010472    00000004                  : wlan.obj (.const:_SlRxFilterSetCmdCtrl)
                  20010476    00000004                  : socket.obj (.const:_SlSendCmdCtrl)
                  2001047a    00000004                  : socket.obj (.const:_SlSetSockOptCmdCtrl)
                  2001047e    00000004                  : socket.obj (.const:_SlSockCloseCmdCtrl)
                  20010482    00000004                  : socket.obj (.const:_SlSockSocketCmdCtrl)
                  20010486    00000004                  : device.obj (.const:_SlStopCmdCtrl)
                  2001048a    00000004                  : wlan.obj (.const:_SlWlanCfgSetCmdCtrl)
                  2001048e    00000004                  : wlan.obj (.const:_SlWlanSetModeCmdCtrl)

.cinit     0    20010498    00000058     
                  20010498    00000033     (.cinit..data.load) [load image, compression = lzss]
                  200104cb    00000001     --HOLE-- [fill = 0]
                  200104cc    0000000c     (__TI_handler_table)
                  200104d8    00000008     (.cinit..bss.load) [load image, compression = zero_init]
                  200104e0    00000010     (__TI_cinit_table)

.sysmem    0    20017000    00002000     UNINITIALIZED
                  20017000    00000008     rtsv7M4_T_le_eabi.lib : memory.obj (.sysmem)
                  20017008    00001ff8     --HOLE--

.bss       0    20019000    0000035e     UNINITIALIZED
                  20019000    00000178     simplelink.a : driver.obj (.bss:g_StatMem)
                  20019178    000000c8     free_rtos.a : tasks.obj (.bss:pxReadyTasksLists)
                  20019240    00000050                 : queue.obj (.bss:xQueueRegistry)
                  20019290    00000050     (.common:g_ucDinDout)
                  200192e0    00000014     (.common:xDelayedTaskList1)
                  200192f4    00000014     (.common:xDelayedTaskList2)
                  20019308    00000014     (.common:xPendingReadyList)
                  2001931c    00000014     (.common:xSuspendedTaskList)
                  20019330    00000014     (.common:xTasksWaitingTermination)
                  20019344    00000004     uart_if.obj (.bss)
                  20019348    00000004     (.common:DMAMsgQ)
                  2001934c    00000004     (.common:g_cBsdBuf)
                  20019350    00000004     (.common:g_cDummy)
                  20019354    00000004     (.common:pxDelayedTaskList)
                  20019358    00000004     (.common:pxOverflowDelayedTaskList)
                  2001935c    00000001     (.common:RxIrqCnt)
                  2001935d    00000001     (.common:g_bDeviceRestartIsRequired)

.data      0    20019360    00000098     UNINITIALIZED
                  20019360    00000034     free_rtos.a : tasks.obj (.data)
                  20019394    00000010     main.obj (.data)
                  200193a4    0000000d     simplelink.a : driver.obj (.data)
                  200193b1    00000003     --HOLE--
                  200193b4    0000000c     rtsv7M4_T_le_eabi.lib : exit.obj (.data:$O1$$)
                  200193c0    0000000c                           : memory.obj (.data:$O1$$)
                  200193cc    0000000c     free_rtos.a : osi_freertos.obj (.data)
                  200193d8    00000009     simplelink.a : cc_pal.obj (.data)
                  200193e1    00000003     --HOLE--
                  200193e4    00000008     rtsv7M4_T_le_eabi.lib : _lock.obj (.data:$O1$$)
                  200193ec    00000004     free_rtos.a : port.obj (.data)
                  200193f0    00000004     rtsv7M4_T_le_eabi.lib : errno.obj (.data)
                  200193f4    00000004                           : stkdepth_vars.obj (.data)

.stack     0    2002f800    00000800     UNINITIALIZED
                  2002f800    00000800     --HOLE--

MODULE SUMMARY

       Module                     code    ro data   rw data
       ------                     ----    -------   -------
    .\
       main.obj                   3908    153       20     
       startup_ccs.obj            14      1024      0      
       uart_if.obj                656     0         4      
       pinmux.obj                 28      0         0      
    +--+--------------------------+-------+---------+---------+
       Total:                     4606    1177      24     
                                                           
    .\driverlib\
       prcm.obj                   2912    168       0      
       spi.obj                    1940    60        0      
       interrupt.obj              880     340       0      
       udma.obj                   1188    0         0      
       uart.obj                   1164    16        0      
       timer.obj                  956     0         0      
       flash.obj                  768     128       0      
       pin.obj                    640     256       0      
       cpu.obj                    94      0         0      
       utils.obj                  6       0         0      
    +--+--------------------------+-------+---------+---------+
       Total:                     10548   968       0      
                                                           
    C:/ti/CC3200SDK_1.3.0/cc3200-sdk/oslib/ccs/free_rtos/free_rtos.a
       tasks.obj                  4700    0         360    
       queue.obj                  2852    0         80     
       osi_freertos.obj           1116    0         12     
       list.obj                   298     0         0      
       port.obj                   272     0         4      
       portasm.obj                186     0         0      
    +--+--------------------------+-------+---------+---------+
       Total:                     9424    0         456    
                                                           
    C:/ti/CC3200SDK_1.3.0/cc3200-sdk/simplelink/ccs/OS/simplelink.a
       driver.obj                 7130    184       391    
       socket.obj                 1944    44        0      
       cc_pal.obj                 1780    0         97     
       netapp.obj                 1248    8         0      
       device.obj                 1078    16        0      
       wlan.obj                   676     20        0      
       netcfg.obj                 368     8         0      
    +--+--------------------------+-------+---------+---------+
       Total:                     14224   280       488    
                                                           
    C:\ti\ccsv7\tools\compiler\ti-cgt-arm_16.9.4.LTS\lib\rtsv7M4_T_le_eabi.lib
       _printfi.obj               4386    0         0      
       memory.obj                 976     0         12     
       ull_div_t2.obj             500     0         0      
       fd_add_t2.obj              438     0         0      
       fd_div_t2.obj              310     0         0      
       fd_cmp_t2.obj              268     0         0      
       ctype.obj                  0       257       0      
       fd_mul_t2.obj              252     0         0      
       s_scalbn.obj               208     0         0      
       memcpy_t2.obj              156     0         0      
       vsnprintf.obj              136     0         0      
       memset_t2.obj              122     0         0      
       autoinit.obj               112     0         0      
       copy_decompress_lzss.obj   104     0         0      
       exit.obj                   84      0         12     
       s_frexp.obj                92      0         0      
       ltoa.obj                   84      0         0      
       atoi.obj                   76      0         0      
       cpy_tbl.obj                76      0         0      
       fd_toi_t2.obj              72      0         0      
       boot.obj                   64      0         0      
       strncpy.obj                54      0         0      
       i_tofd_t2.obj              46      0         0      
       memmov.obj                 36      0         0      
       _lock.obj                  20      0         8      
       memccpy.obj                28      0         0      
       args_main.obj              24      0         0      
       strchr.obj                 22      0         0      
       strlen.obj                 20      0         0      
       copy_decompress_none.obj   14      0         0      
       copy_zero_init.obj         12      0         0      
       s_copysign.obj             8       0         0      
       errno.obj                  0       0         4      
       pre_init.obj               4       0         0      
       stkdepth_vars.obj          0       0         4      
       mpu_init.obj               2       0         0      
       startup.obj                2       0         0      
    +--+--------------------------+-------+---------+---------+
       Total:                     8808    257       40     
                                                           
       Heap:                      0       0         8192   
       Stack:                     0       0         2048   
       Linker Generated:          0       87        0      
    +--+--------------------------+-------+---------+---------+
       Grand Total:               47610   2769      11248  


LINKER GENERATED COPY TABLES

__TI_cinit_table @ 200104e0 records: 2, size/record: 8, table size: 16
	.data: load addr=20010498, load size=00000033 bytes, run addr=20019360, run size=00000098 bytes, compression=lzss
	.bss: load addr=200104d8, load size=00000008 bytes, run addr=20019000, run size=0000035e bytes, compression=zero_init


LINKER GENERATED HANDLER TABLE

__TI_handler_table @ 200104cc records: 3, size/record: 4, table size: 12
	index: 0, handler: __TI_decompress_lzss
	index: 1, handler: __TI_decompress_none
	index: 2, handler: __TI_zero_init


GLOBAL SYMBOLS: SORTED ALPHABETICALLY BY Name 

address   name                                  
-------   ----                                  
2000f511  C$$EXIT                               
2000f455  CPUbasepriGet                         
2000f43f  CPUbasepriSet                         
2000f401  CPUcpsid                              
2000f41f  CPUcpsie                              
2000f415  CPUprimask                            
2000f433  CPUwfi                                
2000b635  ClearTerm                             
20019348  DMAMsgQ                               
2000faa5  DmaSpiSwIntHandler                    
2000b63f  Error                                 
2000b2f5  FlashDisable                          
2000b32b  FlashErase                            
2000b365  FlashEraseNonBlocking                 
2000b59f  FlashIntClear                         
2000b56f  FlashIntDisable                       
2000b55b  FlashIntEnable                        
2000b537  FlashIntRegister                      
2000b583  FlashIntStatus                        
2000b54b  FlashIntUnregister                    
2000b383  FlashMassErase                        
2000b3af  FlashMassEraseNonBlocking             
2000b3bf  FlashProgram                          
2000b441  FlashProgramNonBlocking               
2000b4c3  FlashProtectGet                       
2000b677  GetCmd                                
2000b5f5  InitTerm                              
2000b141  IntDisable                            
2000b0a7  IntEnable                             
2000af91  IntMasterDisable                      
2000af87  IntMasterEnable                       
2000b269  IntPendClear                          
2000b1db  IntPendSet                            
2000b083  IntPriorityGet                        
2000affb  IntPriorityGroupingGet                
2000afe1  IntPriorityGroupingSet                
2000b2cd  IntPriorityMaskGet                    
2000b2c1  IntPriorityMaskSet                    
2000b033  IntPrioritySet                        
2000afab  IntRegister                           
2000afc7  IntUnregister                         
2000af9b  IntVTableBaseSet                      
2000b613  Message                               
2000fdd9  NwpMaskInterrupt                      
2000f9d1  NwpPowerOff                           
2000fad1  NwpPowerOn                            
2000fc29  NwpPrePowerOffTimout0                 
2000fb4d  NwpRegisterInterruptHandler           
2000fde5  NwpUnMaskInterrupt                    
20010210  OpcodeTranslateTable                  
20008029  PRCMCC3200MCUInit                     
2000818d  PRCMCameraFreqSet                     
20008161  PRCMHIBRegRead                        
20008177  PRCMHIBRegWrite                       
20007c29  PRCMHibernateEnter                    
20007b39  PRCMHibernateIntervalSet              
20007bb1  PRCMHibernateWakeUpGPIOSelect         
20007b1d  PRCMHibernateWakeupCauseGet           
20007ad9  PRCMHibernateWakeupSourceDisable      
20007a95  PRCMHibernateWakeupSourceEnable       
200078f1  PRCMI2SClockFreqSet                   
20007dc1  PRCMIntDisable                        
20007d8d  PRCMIntEnable                         
20007d65  PRCMIntRegister                       
20007df5  PRCMIntStatus                         
20007d79  PRCMIntUnregister                     
20007957  PRCMLPDSEnter                         
20007991  PRCMLPDSEnterKeepDebugIf              
200079fd  PRCMLPDSIntervalSet                   
2000793f  PRCMLPDSRestoreInfoSet                
20007a25  PRCMLPDSWakeUpGPIOSelect              
200079f3  PRCMLPDSWakeupCauseGet                
200079df  PRCMLPDSWakeupSourceDisable           
200079bd  PRCMLPDSWakeupSourceEnable            
20007767  PRCMMCUReset                          
20007d45  PRCMOCRRegisterRead                   
20007d21  PRCMOCRRegisterWrite                  
200077db  PRCMPeripheralClkDisable              
200077a9  PRCMPeripheralClkEnable               
200077fb  PRCMPeripheralClockGet                
20007879  PRCMPeripheralReset                   
200078c7  PRCMPeripheralStatusGet               
20007e99  PRCMRTCGet                            
20007e03  PRCMRTCInUseGet                       
20007dfb  PRCMRTCInUseSet                       
20007fa1  PRCMRTCMatchGet                       
20007f15  PRCMRTCMatchSet                       
20007e19  PRCMRTCSet                            
20007a75  PRCMSRAMRetentionDisable              
20007a51  PRCMSRAMRetentionEnable               
20007a3f  PRCMSleepEnter                        
20007c8b  PRCMSlowClkCtrFastGet                 
20007c49  PRCMSlowClkCtrGet                     
20007ce1  PRCMSlowClkCtrMatchGet                
20007cbf  PRCMSlowClkCtrMatchSet                
20007787  PRCMSysResetCauseGet                  
2000b945  PinConfigGet                          
2000b983  PinConfigSet                          
2000b91b  PinDirModeGet                         
2000b8e7  PinDirModeSet                         
2000b8bd  PinModeGet                            
2000b885  PinModeSet                            
2000fcdf  PinMuxConfig                          
2000bacb  PinTypeADC                            
2000ba81  PinTypeCamera                         
2000ba9b  PinTypeGPIO                           
2000ba17  PinTypeI2C                            
2000ba4d  PinTypeI2S                            
2000badf  PinTypeSDHost                         
2000ba33  PinTypeSPI                            
2000ba67  PinTypeTimer                          
2000b9fd  PinTypeUART                           
2000b7c5  Report                                
2000fdc9  ResetISR                              
2001935c  RxIrqCnt                              
UNDEFED   SHT$$INIT_ARRAY$$Base                 
UNDEFED   SHT$$INIT_ARRAY$$Limit                
20009423  SPICSDisable                          
2000940b  SPICSEnable                           
200090a5  SPIConfigSetExpClk                    
20009167  SPIDataGet                            
2000913d  SPIDataGetNonBlocking                 
200091af  SPIDataPut                            
20009187  SPIDataPutNonBlocking                 
20009037  SPIDisable                            
20009069  SPIDmaDisable                         
2000904f  SPIDmaEnable                          
2000901f  SPIEnable                             
200091e7  SPIFIFODisable                        
200091cd  SPIFIFOEnable                         
20009235  SPIFIFOLevelGet                       
20009201  SPIFIFOLevelSet                       
200093cd  SPIIntClear                           
2000930f  SPIIntDisable                         
200092cb  SPIIntEnable                          
2000928b  SPIIntRegister                        
20009359  SPIIntStatus                          
200092b1  SPIIntUnregister                      
20009083  SPIReset                              
2000943b  SPITransfer                           
20009269  SPIWordCountSet                       
2000690f  SimpleLinkGeneralEventHandler         
20006903  SimpleLinkHttpServerCallback          
2000685d  SimpleLinkNetAppEventHandler          
20006971  SimpleLinkPingReport                  
20006929  SimpleLinkSockEventHandler            
200067d1  SimpleLinkWlanEventHandler            
20007191  StatusDroneFeedBack                   
2000ac05  TimerConfigure                        
2000ac75  TimerControlEvent                     
2000ac3f  TimerControlLevel                     
2000aca1  TimerControlStall                     
2000af6b  TimerDMAEventGet                      
2000af59  TimerDMAEventSet                      
2000abe7  TimerDisable                          
2000abc9  TimerEnable                           
2000fc49  TimerGetCurrentTimestamp              
2000af47  TimerIntClear                         
2000af11  TimerIntDisable                       
2000aef5  TimerIntEnable                        
2000ae2d  TimerIntRegister                      
2000af29  TimerIntStatus                        
2000ae99  TimerIntUnregister                    
2000ad8d  TimerLoadGet                          
2000ad63  TimerLoadSet                          
2000ae11  TimerMatchGet                         
2000ade7  TimerMatchSet                         
2000ad01  TimerPrescaleGet                      
2000ad47  TimerPrescaleMatchGet                 
2000ad1d  TimerPrescaleMatchSet                 
2000acd7  TimerPrescaleSet                      
2000ada9  TimerValueGet                         
2000adc5  TimerValueSet                         
2000b72d  TrimSpace                             
2000a26d  UARTBreakCtl                          
2000a297  UARTBusy                              
2000a215  UARTCharGet                           
2000a1f9  UARTCharGetNonBlocking                
2000a24f  UARTCharPut                           
2000a22b  UARTCharPutNonBlocking                
2000a1bf  UARTCharsAvail                        
2000a031  UARTConfigGetExpClk                   
20009fbb  UARTConfigSetExpClk                   
2000a35f  UARTDMADisable                        
2000a347  UARTDMAEnable                         
2000a0a1  UARTDisable                           
2000a07d  UARTEnable                            
2000a0e1  UARTFIFODisable                       
2000a0cb  UARTFIFOEnable                        
20009f93  UARTFIFOLevelGet                      
20009f7b  UARTFIFOLevelSet                      
2000a17f  UARTFlowControlGet                    
2000a163  UARTFlowControlSet                    
2000a335  UARTIntClear                          
2000a2ff  UARTIntDisable                        
2000a2e7  UARTIntEnable                         
2000a2af  UARTIntRegister                       
2000a317  UARTIntStatus                         
2000a2cd  UARTIntUnregister                     
2000a11b  UARTModemControlClear                 
2000a13f  UARTModemControlGet                   
2000a0f7  UARTModemControlSet                   
2000a151  UARTModemStatusGet                    
20009f69  UARTParityModeGet                     
20009f4d  UARTParityModeSet                     
2000a38d  UARTRxErrorClear                      
2000a377  UARTRxErrorGet                        
2000a1d7  UARTSpaceAvail                        
2000a1ad  UARTTxIntModeGet                      
2000a191  UARTTxIntModeSet                      
2000fe05  UtilsDelay                            
2000a665  VDeleteSimpleLinkSpawnTask            
2000a615  VStartSimpleLinkSpawnTask             
20007071  WlanAPMode                            
2001024c  _SlActionLookupTable                  
2000e2d9  _SlDriverHandleError                  
2000f789  _SlDrvBasicCmd                        
2000e0a5  _SlDrvCmdOp                           
2000f06d  _SlDrvCmdSend                         
2000cc05  _SlDrvDataWriteOp                     
2000e415  _SlDrvDeviceEventHandler              
2000fd9d  _SlDrvDispatchHttpServerEvents        
2000d225  _SlDrvDriverCBDeinit                  
2000c625  _SlDrvDriverCBInit                    
2000fb75  _SlDrvGlobalObjUnLock                 
2000e941  _SlDrvIsTimeoutExpired                
2000fd49  _SlDrvMemZero                         
2000d91d  _SlDrvMsgReadSpawnCtx                 
2000d459  _SlDrvNetAppEventHandler              
2000fc05  _SlDrvObjLockWaitForever              
2000fc69  _SlDrvObjUnLock                       
2000f659  _SlDrvProtectAsyncRespSetting         
2000fb25  _SlDrvProtectionObjLockWaitForever    
2000fb99  _SlDrvProtectionObjUnLock             
2000bf45  _SlDrvReleasePoolObj                  
2000fdad  _SlDrvResetCmdExt                     
2000f5b9  _SlDrvRxIrqHandler                    
2000fcc3  _SlDrvStartMeasureTimeout             
2000fc87  _SlDrvSyncObjSignal                   
2000fbbd  _SlDrvSyncObjWaitForever              
2000f85d  _SlDrvSyncObjWaitTimeout              
2000c7b5  _SlDrvWaitForPoolObj                  
2001045a  _SlNetAppSendTokenValueCmdCtrl        
20030000  __STACK_END                           
00000800  __STACK_SIZE                          
00002000  __SYSMEM_SIZE                         
200104e0  __TI_CINIT_Base                       
200104f0  __TI_CINIT_Limit                      
200104cc  __TI_Handler_Table_Base               
200104d8  __TI_Handler_Table_Limit              
2000effd  __TI_auto_init                        
200193b4  __TI_cleanup_ptr                      
2000f1b1  __TI_decompress_lzss                  
2000fdbb  __TI_decompress_none                  
200193b8  __TI_dtors_ptr                        
200193bc  __TI_enable_exit_profile_output       
ffffffff  __TI_pprof_out_hndl                   
20005e95  __TI_printfi                          
ffffffff  __TI_prof_data_size                   
ffffffff  __TI_prof_data_start                  
20010498  __TI_static_base__                    
2000fdf1  __TI_zero_init                        
2000ebf9  __aeabi_cdcmpeq                       
2000ebf9  __aeabi_cdcmple                       
2000ec7f  __aeabi_cdrcmple                      
2000f7d1  __aeabi_d2iz                          
2000c2db  __aeabi_dadd                          
2000ce8d  __aeabi_ddiv                          
2000d55d  __aeabi_dmul                          
2000c2d1  __aeabi_dsub                          
2000fa77  __aeabi_i2d                           
2000ef09  __aeabi_memclr                        
2000ef09  __aeabi_memclr4                       
2000ef09  __aeabi_memclr8                       
2000e379  __aeabi_memcpy                        
2000e379  __aeabi_memcpy4                       
2000e379  __aeabi_memcpy8                       
2000ef0b  __aeabi_memset                        
2000ef0b  __aeabi_memset4                       
2000ef0b  __aeabi_memset8                       
2000bd51  __aeabi_uldivmod                      
ffffffff  __binit__                             
ffffffff  __c_args__                            
2000677f  __mpu_init                            
2002f800  __stack                               
2000fd31  _args_main                            
2000f8dd  _c_int00                              
2000fe10  _ctypes_                              
200193e4  _lock                                 
2000fd83  _nop                                  
2000fd7b  _register_lock                        
2000fd75  _register_unlock                      
2000f219  _sl_HandleAsync_Accept                
2000ed89  _sl_HandleAsync_Connect               
2000e679  _sl_HandleAsync_DnsGetHostByName      
2000de49  _sl_HandleAsync_DnsGetHostByService   
2000e9cd  _sl_HandleAsync_InitComplete          
2000e709  _sl_HandleAsync_PingResponse          
2000f4bd  _sl_HandleAsync_Select                
2000f609  _sl_HandleAsync_Stop                  
2000f0d9  _sl_NetAppSendTokenValue              
20017000  _sys_memory                           
2000c487  _system_post_cinit                    
2000fe0b  _system_pre_init                      
200193e8  _unlock                               
2000f515  abort                                 
2000f6f1  atoi                                  
ffffffff  binit                                 
2000ab99  calloc                                
2000f73d  copy_in                               
2000fdfd  copysign                              
2000fdfd  copysignl                             
20004691  eTaskGetState                         
200193f0  errno                                 
2000f51d  exit                                  
2000a8e3  free                                  
2000f461  frexp                                 
2000f461  frexpl                                
200193a4  g_SlDeviceStatus                      
200193d8  g_SpiFd                               
2001935d  g_bDeviceRestartIsRequired            
2001934c  g_cBsdBuf                             
20019350  g_cDummy                              
200193a8  g_pCB                                 
200193dc  g_pHostIntHdl                         
20004000  g_pfnVectors                          
200193e0  g_ucDMAEnabled                        
20019290  g_ucDinDout                           
200193a0  g_uiGatewayIP                         
2001939c  g_ulPingPacketsRecv                   
20019398  g_ulStaIp                             
20019394  g_ulStatus                            
2000dd79  ldexp                                 
2000dd79  ldexpl                                
2000f565  ltoa                                  
200074ed  main                                  
200193f4  main_func_sp                          
2000a879  malloc                                
2000a769  mem_Free                              
2000a75d  mem_Malloc                            
2000a789  mem_copy                              
2000a775  mem_set                               
2000aaad  memalign                              
2000fcfb  memccpy                               
2000e379  memcpy                                
2000fbe1  memmove                               
2000ef11  memset                                
2000a7f9  minit                                 
2000a7df  osi_ContextRestore                    
2000a7dd  osi_ContextSave                       
2000a79d  osi_EnterCritical                     
2000a7a7  osi_ExitCritical                      
2000a3c3  osi_InterruptDeRegister               
2000a39d  osi_InterruptRegister                 
2000a4cd  osi_LockObjCreate                     
2000a541  osi_LockObjDelete                     
2000a551  osi_LockObjLock                       
2000a57d  osi_LockObjUnlock                     
2000a691  osi_MsgQCreate                        
2000a6d5  osi_MsgQDelete                        
2000a721  osi_MsgQRead                          
2000a6ef  osi_MsgQWrite                         
2000a7b9  osi_Sleep                             
2000a5a7  osi_Spawn                             
2000a4ab  osi_SyncObjClear                      
2000a3d5  osi_SyncObjCreate                     
2000a405  osi_SyncObjDelete                     
2000a41f  osi_SyncObjSignal                     
2000a447  osi_SyncObjSignalFromISR              
2000a47f  osi_SyncObjWait                       
2000a4f3  osi_TaskCreate                        
2000a533  osi_TaskDelete                        
2000a7c9  osi_TaskDisable                       
2000a7d3  osi_TaskEnable                        
2000a7b1  osi_start                             
200193ac  pPingCallBackFunc                     
20004bb5  pcTaskGetTaskName                     
2000e219  portCLZ                               
2000e201  prvPortStartFirstTask                 
20006781  pvPortMalloc                          
20019360  pxCurrentTCB                          
2000d349  pxPortInitialiseStack                 
2000a9a5  realloc                               
2000dd79  scalbn                                
2000dd79  scalbnl                               
2000f959  simplelink_timerA2_start              
2000c115  sl_Accept                             
2000e221  sl_Bind                               
2000f2e1  sl_Close                              
2000df15  sl_DevGet                             
2000f995  sl_Htons                              
2000f145  sl_Listen                             
2000da05  sl_NetAppMDNSRegisterUnregisterService
2000f27d  sl_NetAppMDNSUnRegisterService        
2000dca1  sl_NetCfgGet                          
2000e4b1  sl_NetCfgSet                          
2000cfc5  sl_Send                               
2000e549  sl_SetSockOpt                         
2000ea59  sl_Socket                             
2000d749  sl_Start                              
2000d659  sl_Stop                               
2000fa09  sl_WlanDisconnect                     
2000e799  sl_WlanPolicySet                      
2000f341  sl_WlanProfileDel                     
2000ed05  sl_WlanRxFilterSet                    
2000e5e1  sl_WlanSet                            
2000f3a1  sl_WlanSetMode                        
2000ef85  spi_Close                             
2000cab5  spi_Open                              
2000dbc5  spi_Read                              
2000eae5  spi_Write                             
2000fd5f  strchr                                
2000fd89  strlen                                
2000fa41  strncpy                               
20009eb1  uDMAChannelAssign                     
20009b65  uDMAChannelAttributeDisable           
20009b11  uDMAChannelAttributeEnable            
20009bb9  uDMAChannelAttributeGet               
20009c29  uDMAChannelControlSet                 
20009aa3  uDMAChannelDisable                    
20009a8b  uDMAChannelEnable                     
20009abb  uDMAChannelIsEnabled                  
20009e2d  uDMAChannelModeGet                    
20009af9  uDMAChannelRequest                    
20009d5d  uDMAChannelScatterGatherSet           
20009de5  uDMAChannelSizeGet                    
20009c65  uDMAChannelTransferSet                
20009af3  uDMAControlAlternateBaseGet           
20009aed  uDMAControlBaseGet                    
20009add  uDMAControlBaseSet                    
20009a75  uDMADisable                           
20009a6d  uDMAEnable                            
20009a83  uDMAErrorStatusClear                  
20009a7d  uDMAErrorStatusGet                    
20009ea1  uDMAIntClear                          
20009e73  uDMAIntRegister                       
20009e9b  uDMAIntStatus                         
20009e89  uDMAIntUnregister                     
200089a5  ucQueueGetQueueType                   
2000e169  ulPortSetInterruptMask                
2000d1db  uxListRemove                          
20008985  uxQueueGetQueueNumber                 
20008919  uxQueueMessagesWaiting                
2000894f  uxQueueMessagesWaitingFromISR         
2000892f  uxQueueSpacesAvailable                
20004ba9  uxTaskGetNumberOfTasks                
20004bd9  uxTaskGetSystemState                  
200050cd  uxTaskGetTaskNumber                   
20004725  uxTaskPriorityGet                     
20005625  uxTaskResetEventItemValue             
200067c3  vApplicationIdleHook                  
200067c5  vApplicationMallocFailedHook          
200067c7  vApplicationStackOverflowHook         
200067b9  vAssertCalled                         
2000d0f9  vListInitialise                       
2000d129  vListInitialiseItem                   
2000d175  vListInsert                           
2000d139  vListInsertEnd                        
2000e17f  vPortClearInterruptMask               
2000d3c5  vPortEndScheduler                     
2000d3d9  vPortEnterCritical                    
2000d3f1  vPortExitCritical                     
200067a1  vPortFree                             
2000e1d9  vPortSVCHandler                       
2000d425  vPortSetupTimerInterrupt              
2000d3c7  vPortYield                            
20008bbf  vQueueAddToRegistry                   
20008961  vQueueDelete                          
20008993  vQueueSetQueueNumber                  
20008c01  vQueueUnregisterQueue                 
2000463b  vTaskDelay                            
2000459f  vTaskDelayUntil                       
2000450f  vTaskDelete                           
20004a8d  vTaskEndScheduler                     
200050bf  vTaskMissedYield                      
20004e55  vTaskPlaceOnEventList                 
20004eb9  vTaskPlaceOnUnorderedEventList        
2000559b  vTaskPriorityDisinherit               
200054e1  vTaskPriorityInherit                  
2000475d  vTaskPrioritySet                      
20004955  vTaskResume                           
200050ed  vTaskSetTaskNumber                    
2000501f  vTaskSetTimeOutState                  
20004a43  vTaskStartScheduler                   
20004861  vTaskSuspend                          
20004a9f  vTaskSuspendAll                       
20004dd5  vTaskSwitchContext                    
2000eb71  vsnprintf                             
200193cc  xHigherPriorityTaskWoken              
2000e18d  xPortPendSVHandler                    
2000d399  xPortStartScheduler                   
2000d409  xPortSysTickHandler                   
20008c4f  xQueueAddToSet                        
20008581  xQueueAltGenericReceive               
200084d5  xQueueAltGenericSend                  
200083a9  xQueueCreateCountingSemaphore         
2000832b  xQueueCreateMutex                     
20008c3b  xQueueCreateSet                       
200082b5  xQueueGenericCreate                   
2000871b  xQueueGenericReceive                  
20008225  xQueueGenericReset                    
200083c9  xQueueGenericSend                     
2000867f  xQueueGenericSendFromISR              
20008b5b  xQueueIsQueueEmptyFromISR             
20008b9d  xQueueIsQueueFullFromISR              
200088d5  xQueuePeekFromISR                     
2000885d  xQueueReceiveFromISR                  
20019240  xQueueRegistry                        
20008c83  xQueueRemoveFromSet                   
20008cc5  xQueueSelectFromSet                   
20008cdf  xQueueSelectFromSetFromISR            
200193d0  xSimpleLinkSpawnQueue                 
200193d4  xSimpleLinkSpawnTaskHndl              
20005045  xTaskCheckForTimeOut                  
20004401  xTaskGenericCreate                    
20005495  xTaskGetCurrentTaskHandle             
20004c97  xTaskGetIdleTaskHandle                
200054a9  xTaskGetSchedulerState                
20004b7d  xTaskGetTickCount                     
20004b91  xTaskGetTickCountFromISR              
20004cb1  xTaskIncrementTick                    
20004f2d  xTaskRemoveFromEventList              
20004fb1  xTaskRemoveFromUnorderedEventList     
20004ab1  xTaskResumeAll                        
200049c9  xTaskResumeFromISR                    


GLOBAL SYMBOLS: SORTED BY Symbol Address 

address   name                                  
-------   ----                                  
00000800  __STACK_SIZE                          
00002000  __SYSMEM_SIZE                         
20004000  g_pfnVectors                          
20004401  xTaskGenericCreate                    
2000450f  vTaskDelete                           
2000459f  vTaskDelayUntil                       
2000463b  vTaskDelay                            
20004691  eTaskGetState                         
20004725  uxTaskPriorityGet                     
2000475d  vTaskPrioritySet                      
20004861  vTaskSuspend                          
20004955  vTaskResume                           
200049c9  xTaskResumeFromISR                    
20004a43  vTaskStartScheduler                   
20004a8d  vTaskEndScheduler                     
20004a9f  vTaskSuspendAll                       
20004ab1  xTaskResumeAll                        
20004b7d  xTaskGetTickCount                     
20004b91  xTaskGetTickCountFromISR              
20004ba9  uxTaskGetNumberOfTasks                
20004bb5  pcTaskGetTaskName                     
20004bd9  uxTaskGetSystemState                  
20004c97  xTaskGetIdleTaskHandle                
20004cb1  xTaskIncrementTick                    
20004dd5  vTaskSwitchContext                    
20004e55  vTaskPlaceOnEventList                 
20004eb9  vTaskPlaceOnUnorderedEventList        
20004f2d  xTaskRemoveFromEventList              
20004fb1  xTaskRemoveFromUnorderedEventList     
2000501f  vTaskSetTimeOutState                  
20005045  xTaskCheckForTimeOut                  
200050bf  vTaskMissedYield                      
200050cd  uxTaskGetTaskNumber                   
200050ed  vTaskSetTaskNumber                    
20005495  xTaskGetCurrentTaskHandle             
200054a9  xTaskGetSchedulerState                
200054e1  vTaskPriorityInherit                  
2000559b  vTaskPriorityDisinherit               
20005625  uxTaskResetEventItemValue             
20005e95  __TI_printfi                          
2000677f  __mpu_init                            
20006781  pvPortMalloc                          
200067a1  vPortFree                             
200067b9  vAssertCalled                         
200067c3  vApplicationIdleHook                  
200067c5  vApplicationMallocFailedHook          
200067c7  vApplicationStackOverflowHook         
200067d1  SimpleLinkWlanEventHandler            
2000685d  SimpleLinkNetAppEventHandler          
20006903  SimpleLinkHttpServerCallback          
2000690f  SimpleLinkGeneralEventHandler         
20006929  SimpleLinkSockEventHandler            
20006971  SimpleLinkPingReport                  
20007071  WlanAPMode                            
20007191  StatusDroneFeedBack                   
200074ed  main                                  
20007767  PRCMMCUReset                          
20007787  PRCMSysResetCauseGet                  
200077a9  PRCMPeripheralClkEnable               
200077db  PRCMPeripheralClkDisable              
200077fb  PRCMPeripheralClockGet                
20007879  PRCMPeripheralReset                   
200078c7  PRCMPeripheralStatusGet               
200078f1  PRCMI2SClockFreqSet                   
2000793f  PRCMLPDSRestoreInfoSet                
20007957  PRCMLPDSEnter                         
20007991  PRCMLPDSEnterKeepDebugIf              
200079bd  PRCMLPDSWakeupSourceEnable            
200079df  PRCMLPDSWakeupSourceDisable           
200079f3  PRCMLPDSWakeupCauseGet                
200079fd  PRCMLPDSIntervalSet                   
20007a25  PRCMLPDSWakeUpGPIOSelect              
20007a3f  PRCMSleepEnter                        
20007a51  PRCMSRAMRetentionEnable               
20007a75  PRCMSRAMRetentionDisable              
20007a95  PRCMHibernateWakeupSourceEnable       
20007ad9  PRCMHibernateWakeupSourceDisable      
20007b1d  PRCMHibernateWakeupCauseGet           
20007b39  PRCMHibernateIntervalSet              
20007bb1  PRCMHibernateWakeUpGPIOSelect         
20007c29  PRCMHibernateEnter                    
20007c49  PRCMSlowClkCtrGet                     
20007c8b  PRCMSlowClkCtrFastGet                 
20007cbf  PRCMSlowClkCtrMatchSet                
20007ce1  PRCMSlowClkCtrMatchGet                
20007d21  PRCMOCRRegisterWrite                  
20007d45  PRCMOCRRegisterRead                   
20007d65  PRCMIntRegister                       
20007d79  PRCMIntUnregister                     
20007d8d  PRCMIntEnable                         
20007dc1  PRCMIntDisable                        
20007df5  PRCMIntStatus                         
20007dfb  PRCMRTCInUseSet                       
20007e03  PRCMRTCInUseGet                       
20007e19  PRCMRTCSet                            
20007e99  PRCMRTCGet                            
20007f15  PRCMRTCMatchSet                       
20007fa1  PRCMRTCMatchGet                       
20008029  PRCMCC3200MCUInit                     
20008161  PRCMHIBRegRead                        
20008177  PRCMHIBRegWrite                       
2000818d  PRCMCameraFreqSet                     
20008225  xQueueGenericReset                    
200082b5  xQueueGenericCreate                   
2000832b  xQueueCreateMutex                     
200083a9  xQueueCreateCountingSemaphore         
200083c9  xQueueGenericSend                     
200084d5  xQueueAltGenericSend                  
20008581  xQueueAltGenericReceive               
2000867f  xQueueGenericSendFromISR              
2000871b  xQueueGenericReceive                  
2000885d  xQueueReceiveFromISR                  
200088d5  xQueuePeekFromISR                     
20008919  uxQueueMessagesWaiting                
2000892f  uxQueueSpacesAvailable                
2000894f  uxQueueMessagesWaitingFromISR         
20008961  vQueueDelete                          
20008985  uxQueueGetQueueNumber                 
20008993  vQueueSetQueueNumber                  
200089a5  ucQueueGetQueueType                   
20008b5b  xQueueIsQueueEmptyFromISR             
20008b9d  xQueueIsQueueFullFromISR              
20008bbf  vQueueAddToRegistry                   
20008c01  vQueueUnregisterQueue                 
20008c3b  xQueueCreateSet                       
20008c4f  xQueueAddToSet                        
20008c83  xQueueRemoveFromSet                   
20008cc5  xQueueSelectFromSet                   
20008cdf  xQueueSelectFromSetFromISR            
2000901f  SPIEnable                             
20009037  SPIDisable                            
2000904f  SPIDmaEnable                          
20009069  SPIDmaDisable                         
20009083  SPIReset                              
200090a5  SPIConfigSetExpClk                    
2000913d  SPIDataGetNonBlocking                 
20009167  SPIDataGet                            
20009187  SPIDataPutNonBlocking                 
200091af  SPIDataPut                            
200091cd  SPIFIFOEnable                         
200091e7  SPIFIFODisable                        
20009201  SPIFIFOLevelSet                       
20009235  SPIFIFOLevelGet                       
20009269  SPIWordCountSet                       
2000928b  SPIIntRegister                        
200092b1  SPIIntUnregister                      
200092cb  SPIIntEnable                          
2000930f  SPIIntDisable                         
20009359  SPIIntStatus                          
200093cd  SPIIntClear                           
2000940b  SPICSEnable                           
20009423  SPICSDisable                          
2000943b  SPITransfer                           
20009a6d  uDMAEnable                            
20009a75  uDMADisable                           
20009a7d  uDMAErrorStatusGet                    
20009a83  uDMAErrorStatusClear                  
20009a8b  uDMAChannelEnable                     
20009aa3  uDMAChannelDisable                    
20009abb  uDMAChannelIsEnabled                  
20009add  uDMAControlBaseSet                    
20009aed  uDMAControlBaseGet                    
20009af3  uDMAControlAlternateBaseGet           
20009af9  uDMAChannelRequest                    
20009b11  uDMAChannelAttributeEnable            
20009b65  uDMAChannelAttributeDisable           
20009bb9  uDMAChannelAttributeGet               
20009c29  uDMAChannelControlSet                 
20009c65  uDMAChannelTransferSet                
20009d5d  uDMAChannelScatterGatherSet           
20009de5  uDMAChannelSizeGet                    
20009e2d  uDMAChannelModeGet                    
20009e73  uDMAIntRegister                       
20009e89  uDMAIntUnregister                     
20009e9b  uDMAIntStatus                         
20009ea1  uDMAIntClear                          
20009eb1  uDMAChannelAssign                     
20009f4d  UARTParityModeSet                     
20009f69  UARTParityModeGet                     
20009f7b  UARTFIFOLevelSet                      
20009f93  UARTFIFOLevelGet                      
20009fbb  UARTConfigSetExpClk                   
2000a031  UARTConfigGetExpClk                   
2000a07d  UARTEnable                            
2000a0a1  UARTDisable                           
2000a0cb  UARTFIFOEnable                        
2000a0e1  UARTFIFODisable                       
2000a0f7  UARTModemControlSet                   
2000a11b  UARTModemControlClear                 
2000a13f  UARTModemControlGet                   
2000a151  UARTModemStatusGet                    
2000a163  UARTFlowControlSet                    
2000a17f  UARTFlowControlGet                    
2000a191  UARTTxIntModeSet                      
2000a1ad  UARTTxIntModeGet                      
2000a1bf  UARTCharsAvail                        
2000a1d7  UARTSpaceAvail                        
2000a1f9  UARTCharGetNonBlocking                
2000a215  UARTCharGet                           
2000a22b  UARTCharPutNonBlocking                
2000a24f  UARTCharPut                           
2000a26d  UARTBreakCtl                          
2000a297  UARTBusy                              
2000a2af  UARTIntRegister                       
2000a2cd  UARTIntUnregister                     
2000a2e7  UARTIntEnable                         
2000a2ff  UARTIntDisable                        
2000a317  UARTIntStatus                         
2000a335  UARTIntClear                          
2000a347  UARTDMAEnable                         
2000a35f  UARTDMADisable                        
2000a377  UARTRxErrorGet                        
2000a38d  UARTRxErrorClear                      
2000a39d  osi_InterruptRegister                 
2000a3c3  osi_InterruptDeRegister               
2000a3d5  osi_SyncObjCreate                     
2000a405  osi_SyncObjDelete                     
2000a41f  osi_SyncObjSignal                     
2000a447  osi_SyncObjSignalFromISR              
2000a47f  osi_SyncObjWait                       
2000a4ab  osi_SyncObjClear                      
2000a4cd  osi_LockObjCreate                     
2000a4f3  osi_TaskCreate                        
2000a533  osi_TaskDelete                        
2000a541  osi_LockObjDelete                     
2000a551  osi_LockObjLock                       
2000a57d  osi_LockObjUnlock                     
2000a5a7  osi_Spawn                             
2000a615  VStartSimpleLinkSpawnTask             
2000a665  VDeleteSimpleLinkSpawnTask            
2000a691  osi_MsgQCreate                        
2000a6d5  osi_MsgQDelete                        
2000a6ef  osi_MsgQWrite                         
2000a721  osi_MsgQRead                          
2000a75d  mem_Malloc                            
2000a769  mem_Free                              
2000a775  mem_set                               
2000a789  mem_copy                              
2000a79d  osi_EnterCritical                     
2000a7a7  osi_ExitCritical                      
2000a7b1  osi_start                             
2000a7b9  osi_Sleep                             
2000a7c9  osi_TaskDisable                       
2000a7d3  osi_TaskEnable                        
2000a7dd  osi_ContextSave                       
2000a7df  osi_ContextRestore                    
2000a7f9  minit                                 
2000a879  malloc                                
2000a8e3  free                                  
2000a9a5  realloc                               
2000aaad  memalign                              
2000ab99  calloc                                
2000abc9  TimerEnable                           
2000abe7  TimerDisable                          
2000ac05  TimerConfigure                        
2000ac3f  TimerControlLevel                     
2000ac75  TimerControlEvent                     
2000aca1  TimerControlStall                     
2000acd7  TimerPrescaleSet                      
2000ad01  TimerPrescaleGet                      
2000ad1d  TimerPrescaleMatchSet                 
2000ad47  TimerPrescaleMatchGet                 
2000ad63  TimerLoadSet                          
2000ad8d  TimerLoadGet                          
2000ada9  TimerValueGet                         
2000adc5  TimerValueSet                         
2000ade7  TimerMatchSet                         
2000ae11  TimerMatchGet                         
2000ae2d  TimerIntRegister                      
2000ae99  TimerIntUnregister                    
2000aef5  TimerIntEnable                        
2000af11  TimerIntDisable                       
2000af29  TimerIntStatus                        
2000af47  TimerIntClear                         
2000af59  TimerDMAEventSet                      
2000af6b  TimerDMAEventGet                      
2000af87  IntMasterEnable                       
2000af91  IntMasterDisable                      
2000af9b  IntVTableBaseSet                      
2000afab  IntRegister                           
2000afc7  IntUnregister                         
2000afe1  IntPriorityGroupingSet                
2000affb  IntPriorityGroupingGet                
2000b033  IntPrioritySet                        
2000b083  IntPriorityGet                        
2000b0a7  IntEnable                             
2000b141  IntDisable                            
2000b1db  IntPendSet                            
2000b269  IntPendClear                          
2000b2c1  IntPriorityMaskSet                    
2000b2cd  IntPriorityMaskGet                    
2000b2f5  FlashDisable                          
2000b32b  FlashErase                            
2000b365  FlashEraseNonBlocking                 
2000b383  FlashMassErase                        
2000b3af  FlashMassEraseNonBlocking             
2000b3bf  FlashProgram                          
2000b441  FlashProgramNonBlocking               
2000b4c3  FlashProtectGet                       
2000b537  FlashIntRegister                      
2000b54b  FlashIntUnregister                    
2000b55b  FlashIntEnable                        
2000b56f  FlashIntDisable                       
2000b583  FlashIntStatus                        
2000b59f  FlashIntClear                         
2000b5f5  InitTerm                              
2000b613  Message                               
2000b635  ClearTerm                             
2000b63f  Error                                 
2000b677  GetCmd                                
2000b72d  TrimSpace                             
2000b7c5  Report                                
2000b885  PinModeSet                            
2000b8bd  PinModeGet                            
2000b8e7  PinDirModeSet                         
2000b91b  PinDirModeGet                         
2000b945  PinConfigGet                          
2000b983  PinConfigSet                          
2000b9fd  PinTypeUART                           
2000ba17  PinTypeI2C                            
2000ba33  PinTypeSPI                            
2000ba4d  PinTypeI2S                            
2000ba67  PinTypeTimer                          
2000ba81  PinTypeCamera                         
2000ba9b  PinTypeGPIO                           
2000bacb  PinTypeADC                            
2000badf  PinTypeSDHost                         
2000bd51  __aeabi_uldivmod                      
2000bf45  _SlDrvReleasePoolObj                  
2000c115  sl_Accept                             
2000c2d1  __aeabi_dsub                          
2000c2db  __aeabi_dadd                          
2000c487  _system_post_cinit                    
2000c625  _SlDrvDriverCBInit                    
2000c7b5  _SlDrvWaitForPoolObj                  
2000cab5  spi_Open                              
2000cc05  _SlDrvDataWriteOp                     
2000ce8d  __aeabi_ddiv                          
2000cfc5  sl_Send                               
2000d0f9  vListInitialise                       
2000d129  vListInitialiseItem                   
2000d139  vListInsertEnd                        
2000d175  vListInsert                           
2000d1db  uxListRemove                          
2000d225  _SlDrvDriverCBDeinit                  
2000d349  pxPortInitialiseStack                 
2000d399  xPortStartScheduler                   
2000d3c5  vPortEndScheduler                     
2000d3c7  vPortYield                            
2000d3d9  vPortEnterCritical                    
2000d3f1  vPortExitCritical                     
2000d409  xPortSysTickHandler                   
2000d425  vPortSetupTimerInterrupt              
2000d459  _SlDrvNetAppEventHandler              
2000d55d  __aeabi_dmul                          
2000d659  sl_Stop                               
2000d749  sl_Start                              
2000d91d  _SlDrvMsgReadSpawnCtx                 
2000da05  sl_NetAppMDNSRegisterUnregisterService
2000dbc5  spi_Read                              
2000dca1  sl_NetCfgGet                          
2000dd79  ldexp                                 
2000dd79  ldexpl                                
2000dd79  scalbn                                
2000dd79  scalbnl                               
2000de49  _sl_HandleAsync_DnsGetHostByService   
2000df15  sl_DevGet                             
2000e0a5  _SlDrvCmdOp                           
2000e169  ulPortSetInterruptMask                
2000e17f  vPortClearInterruptMask               
2000e18d  xPortPendSVHandler                    
2000e1d9  vPortSVCHandler                       
2000e201  prvPortStartFirstTask                 
2000e219  portCLZ                               
2000e221  sl_Bind                               
2000e2d9  _SlDriverHandleError                  
2000e379  __aeabi_memcpy                        
2000e379  __aeabi_memcpy4                       
2000e379  __aeabi_memcpy8                       
2000e379  memcpy                                
2000e415  _SlDrvDeviceEventHandler              
2000e4b1  sl_NetCfgSet                          
2000e549  sl_SetSockOpt                         
2000e5e1  sl_WlanSet                            
2000e679  _sl_HandleAsync_DnsGetHostByName      
2000e709  _sl_HandleAsync_PingResponse          
2000e799  sl_WlanPolicySet                      
2000e941  _SlDrvIsTimeoutExpired                
2000e9cd  _sl_HandleAsync_InitComplete          
2000ea59  sl_Socket                             
2000eae5  spi_Write                             
2000eb71  vsnprintf                             
2000ebf9  __aeabi_cdcmpeq                       
2000ebf9  __aeabi_cdcmple                       
2000ec7f  __aeabi_cdrcmple                      
2000ed05  sl_WlanRxFilterSet                    
2000ed89  _sl_HandleAsync_Connect               
2000ef09  __aeabi_memclr                        
2000ef09  __aeabi_memclr4                       
2000ef09  __aeabi_memclr8                       
2000ef0b  __aeabi_memset                        
2000ef0b  __aeabi_memset4                       
2000ef0b  __aeabi_memset8                       
2000ef11  memset                                
2000ef85  spi_Close                             
2000effd  __TI_auto_init                        
2000f06d  _SlDrvCmdSend                         
2000f0d9  _sl_NetAppSendTokenValue              
2000f145  sl_Listen                             
2000f1b1  __TI_decompress_lzss                  
2000f219  _sl_HandleAsync_Accept                
2000f27d  sl_NetAppMDNSUnRegisterService        
2000f2e1  sl_Close                              
2000f341  sl_WlanProfileDel                     
2000f3a1  sl_WlanSetMode                        
2000f401  CPUcpsid                              
2000f415  CPUprimask                            
2000f41f  CPUcpsie                              
2000f433  CPUwfi                                
2000f43f  CPUbasepriSet                         
2000f455  CPUbasepriGet                         
2000f461  frexp                                 
2000f461  frexpl                                
2000f4bd  _sl_HandleAsync_Select                
2000f511  C$$EXIT                               
2000f515  abort                                 
2000f51d  exit                                  
2000f565  ltoa                                  
2000f5b9  _SlDrvRxIrqHandler                    
2000f609  _sl_HandleAsync_Stop                  
2000f659  _SlDrvProtectAsyncRespSetting         
2000f6f1  atoi                                  
2000f73d  copy_in                               
2000f789  _SlDrvBasicCmd                        
2000f7d1  __aeabi_d2iz                          
2000f85d  _SlDrvSyncObjWaitTimeout              
2000f8dd  _c_int00                              
2000f959  simplelink_timerA2_start              
2000f995  sl_Htons                              
2000f9d1  NwpPowerOff                           
2000fa09  sl_WlanDisconnect                     
2000fa41  strncpy                               
2000fa77  __aeabi_i2d                           
2000faa5  DmaSpiSwIntHandler                    
2000fad1  NwpPowerOn                            
2000fb25  _SlDrvProtectionObjLockWaitForever    
2000fb4d  NwpRegisterInterruptHandler           
2000fb75  _SlDrvGlobalObjUnLock                 
2000fb99  _SlDrvProtectionObjUnLock             
2000fbbd  _SlDrvSyncObjWaitForever              
2000fbe1  memmove                               
2000fc05  _SlDrvObjLockWaitForever              
2000fc29  NwpPrePowerOffTimout0                 
2000fc49  TimerGetCurrentTimestamp              
2000fc69  _SlDrvObjUnLock                       
2000fc87  _SlDrvSyncObjSignal                   
2000fcc3  _SlDrvStartMeasureTimeout             
2000fcdf  PinMuxConfig                          
2000fcfb  memccpy                               
2000fd31  _args_main                            
2000fd49  _SlDrvMemZero                         
2000fd5f  strchr                                
2000fd75  _register_unlock                      
2000fd7b  _register_lock                        
2000fd83  _nop                                  
2000fd89  strlen                                
2000fd9d  _SlDrvDispatchHttpServerEvents        
2000fdad  _SlDrvResetCmdExt                     
2000fdbb  __TI_decompress_none                  
2000fdc9  ResetISR                              
2000fdd9  NwpMaskInterrupt                      
2000fde5  NwpUnMaskInterrupt                    
2000fdf1  __TI_zero_init                        
2000fdfd  copysign                              
2000fdfd  copysignl                             
2000fe05  UtilsDelay                            
2000fe0b  _system_pre_init                      
2000fe10  _ctypes_                              
20010210  OpcodeTranslateTable                  
2001024c  _SlActionLookupTable                  
2001045a  _SlNetAppSendTokenValueCmdCtrl        
20010498  __TI_static_base__                    
200104cc  __TI_Handler_Table_Base               
200104d8  __TI_Handler_Table_Limit              
200104e0  __TI_CINIT_Base                       
200104f0  __TI_CINIT_Limit                      
20017000  _sys_memory                           
20019240  xQueueRegistry                        
20019290  g_ucDinDout                           
20019348  DMAMsgQ                               
2001934c  g_cBsdBuf                             
20019350  g_cDummy                              
2001935c  RxIrqCnt                              
2001935d  g_bDeviceRestartIsRequired            
20019360  pxCurrentTCB                          
20019394  g_ulStatus                            
20019398  g_ulStaIp                             
2001939c  g_ulPingPacketsRecv                   
200193a0  g_uiGatewayIP                         
200193a4  g_SlDeviceStatus                      
200193a8  g_pCB                                 
200193ac  pPingCallBackFunc                     
200193b4  __TI_cleanup_ptr                      
200193b8  __TI_dtors_ptr                        
200193bc  __TI_enable_exit_profile_output       
200193cc  xHigherPriorityTaskWoken              
200193d0  xSimpleLinkSpawnQueue                 
200193d4  xSimpleLinkSpawnTaskHndl              
200193d8  g_SpiFd                               
200193dc  g_pHostIntHdl                         
200193e0  g_ucDMAEnabled                        
200193e4  _lock                                 
200193e8  _unlock                               
200193f0  errno                                 
200193f4  main_func_sp                          
2002f800  __stack                               
20030000  __STACK_END                           
ffffffff  __TI_pprof_out_hndl                   
ffffffff  __TI_prof_data_size                   
ffffffff  __TI_prof_data_start                  
ffffffff  __binit__                             
ffffffff  __c_args__                            
ffffffff  binit                                 
UNDEFED   SHT$$INIT_ARRAY$$Base                 
UNDEFED   SHT$$INIT_ARRAY$$Limit                

[525 symbols]
