<?xml version="1.0"?>
<link_info>
   <banner>TI ARM Linker PC v16.9.4.LTS</banner>
   <copyright>Copyright (c) 1996-2017 Texas Instruments Incorporated</copyright>
   <link_time>0x5dc09eb2</link_time>
   <link_errors>0x0</link_errors>
   <output_file>Drone.out</output_file>
   <entry_point>
      <name>_c_int00</name>
      <address>0x2000f8dd</address>
   </entry_point>
   <input_file_list>
      <input_file id="fl-2">
         <path>.\</path>
         <kind>object</kind>
         <file>main.obj</file>
         <name>main.obj</name>
      </input_file>
      <input_file id="fl-3">
         <path>.\</path>
         <kind>object</kind>
         <file>network_common.obj</file>
         <name>network_common.obj</name>
      </input_file>
      <input_file id="fl-4">
         <path>.\</path>
         <kind>object</kind>
         <file>pinmux.obj</file>
         <name>pinmux.obj</name>
      </input_file>
      <input_file id="fl-5">
         <path>.\</path>
         <kind>object</kind>
         <file>startup_ccs.obj</file>
         <name>startup_ccs.obj</name>
      </input_file>
      <input_file id="fl-6">
         <path>.\</path>
         <kind>object</kind>
         <file>uart_if.obj</file>
         <name>uart_if.obj</name>
      </input_file>
      <input_file id="fl-7">
         <path>.\driverlib\</path>
         <kind>object</kind>
         <file>adc.obj</file>
         <name>adc.obj</name>
      </input_file>
      <input_file id="fl-8">
         <path>.\driverlib\</path>
         <kind>object</kind>
         <file>aes.obj</file>
         <name>aes.obj</name>
      </input_file>
      <input_file id="fl-9">
         <path>.\driverlib\</path>
         <kind>object</kind>
         <file>camera.obj</file>
         <name>camera.obj</name>
      </input_file>
      <input_file id="fl-a">
         <path>.\driverlib\</path>
         <kind>object</kind>
         <file>cpu.obj</file>
         <name>cpu.obj</name>
      </input_file>
      <input_file id="fl-b">
         <path>.\driverlib\</path>
         <kind>object</kind>
         <file>crc.obj</file>
         <name>crc.obj</name>
      </input_file>
      <input_file id="fl-c">
         <path>.\driverlib\</path>
         <kind>object</kind>
         <file>des.obj</file>
         <name>des.obj</name>
      </input_file>
      <input_file id="fl-d">
         <path>.\driverlib\</path>
         <kind>object</kind>
         <file>flash.obj</file>
         <name>flash.obj</name>
      </input_file>
      <input_file id="fl-e">
         <path>.\driverlib\</path>
         <kind>object</kind>
         <file>gpio.obj</file>
         <name>gpio.obj</name>
      </input_file>
      <input_file id="fl-f">
         <path>.\driverlib\</path>
         <kind>object</kind>
         <file>hwspinlock.obj</file>
         <name>hwspinlock.obj</name>
      </input_file>
      <input_file id="fl-10">
         <path>.\driverlib\</path>
         <kind>object</kind>
         <file>i2c.obj</file>
         <name>i2c.obj</name>
      </input_file>
      <input_file id="fl-11">
         <path>.\driverlib\</path>
         <kind>object</kind>
         <file>i2s.obj</file>
         <name>i2s.obj</name>
      </input_file>
      <input_file id="fl-12">
         <path>.\driverlib\</path>
         <kind>object</kind>
         <file>interrupt.obj</file>
         <name>interrupt.obj</name>
      </input_file>
      <input_file id="fl-13">
         <path>.\driverlib\</path>
         <kind>object</kind>
         <file>pin.obj</file>
         <name>pin.obj</name>
      </input_file>
      <input_file id="fl-14">
         <path>.\driverlib\</path>
         <kind>object</kind>
         <file>prcm.obj</file>
         <name>prcm.obj</name>
      </input_file>
      <input_file id="fl-15">
         <path>.\driverlib\</path>
         <kind>object</kind>
         <file>sdhost.obj</file>
         <name>sdhost.obj</name>
      </input_file>
      <input_file id="fl-16">
         <path>.\driverlib\</path>
         <kind>object</kind>
         <file>shamd5.obj</file>
         <name>shamd5.obj</name>
      </input_file>
      <input_file id="fl-17">
         <path>.\driverlib\</path>
         <kind>object</kind>
         <file>spi.obj</file>
         <name>spi.obj</name>
      </input_file>
      <input_file id="fl-18">
         <path>.\driverlib\</path>
         <kind>object</kind>
         <file>systick.obj</file>
         <name>systick.obj</name>
      </input_file>
      <input_file id="fl-19">
         <path>.\driverlib\</path>
         <kind>object</kind>
         <file>timer.obj</file>
         <name>timer.obj</name>
      </input_file>
      <input_file id="fl-1a">
         <path>.\driverlib\</path>
         <kind>object</kind>
         <file>uart.obj</file>
         <name>uart.obj</name>
      </input_file>
      <input_file id="fl-1b">
         <path>.\driverlib\</path>
         <kind>object</kind>
         <file>udma.obj</file>
         <name>udma.obj</name>
      </input_file>
      <input_file id="fl-1c">
         <path>.\driverlib\</path>
         <kind>object</kind>
         <file>utils.obj</file>
         <name>utils.obj</name>
      </input_file>
      <input_file id="fl-1d">
         <path>.\driverlib\</path>
         <kind>object</kind>
         <file>wdt.obj</file>
         <name>wdt.obj</name>
      </input_file>
      <input_file id="fl-28">
         <kind>object</kind>
         <file>&lt;internal&gt;</file>
         <name>&lt;internal&gt;</name>
      </input_file>
      <input_file id="fl-de">
         <path>C:\ti\ccsv7\tools\compiler\ti-cgt-arm_16.9.4.LTS\lib\</path>
         <kind>archive</kind>
         <file>rtsv7M4_T_le_eabi.lib</file>
         <name>boot.obj</name>
      </input_file>
      <input_file id="fl-df">
         <path>C:\ti\ccsv7\tools\compiler\ti-cgt-arm_16.9.4.LTS\lib\</path>
         <kind>archive</kind>
         <file>rtsv7M4_T_le_eabi.lib</file>
         <name>copy_decompress_lzss.obj</name>
      </input_file>
      <input_file id="fl-e0">
         <path>C:\ti\ccsv7\tools\compiler\ti-cgt-arm_16.9.4.LTS\lib\</path>
         <kind>archive</kind>
         <file>rtsv7M4_T_le_eabi.lib</file>
         <name>copy_decompress_none.obj</name>
      </input_file>
      <input_file id="fl-e1">
         <path>C:\ti\ccsv7\tools\compiler\ti-cgt-arm_16.9.4.LTS\lib\</path>
         <kind>archive</kind>
         <file>rtsv7M4_T_le_eabi.lib</file>
         <name>copy_zero_init.obj</name>
      </input_file>
      <input_file id="fl-e2">
         <path>C:\ti\ccsv7\tools\compiler\ti-cgt-arm_16.9.4.LTS\lib\</path>
         <kind>archive</kind>
         <file>rtsv7M4_T_le_eabi.lib</file>
         <name>exit.obj</name>
      </input_file>
      <input_file id="fl-e3">
         <path>C:\ti\ccsv7\tools\compiler\ti-cgt-arm_16.9.4.LTS\lib\</path>
         <kind>archive</kind>
         <file>rtsv7M4_T_le_eabi.lib</file>
         <name>memcpy_t2.obj</name>
      </input_file>
      <input_file id="fl-e4">
         <path>C:\ti\ccsv7\tools\compiler\ti-cgt-arm_16.9.4.LTS\lib\</path>
         <kind>archive</kind>
         <file>rtsv7M4_T_le_eabi.lib</file>
         <name>memmov.obj</name>
      </input_file>
      <input_file id="fl-e5">
         <path>C:\ti\ccsv7\tools\compiler\ti-cgt-arm_16.9.4.LTS\lib\</path>
         <kind>archive</kind>
         <file>rtsv7M4_T_le_eabi.lib</file>
         <name>memory.obj</name>
      </input_file>
      <input_file id="fl-e6">
         <path>C:\ti\ccsv7\tools\compiler\ti-cgt-arm_16.9.4.LTS\lib\</path>
         <kind>archive</kind>
         <file>rtsv7M4_T_le_eabi.lib</file>
         <name>memset_t2.obj</name>
      </input_file>
      <input_file id="fl-e7">
         <path>C:\ti\ccsv7\tools\compiler\ti-cgt-arm_16.9.4.LTS\lib\</path>
         <kind>archive</kind>
         <file>rtsv7M4_T_le_eabi.lib</file>
         <name>mpu_init.obj</name>
      </input_file>
      <input_file id="fl-e8">
         <path>C:\ti\ccsv7\tools\compiler\ti-cgt-arm_16.9.4.LTS\lib\</path>
         <kind>archive</kind>
         <file>rtsv7M4_T_le_eabi.lib</file>
         <name>pre_init.obj</name>
      </input_file>
      <input_file id="fl-e9">
         <path>C:\ti\ccsv7\tools\compiler\ti-cgt-arm_16.9.4.LTS\lib\</path>
         <kind>archive</kind>
         <file>rtsv7M4_T_le_eabi.lib</file>
         <name>stkdepth_vars.obj</name>
      </input_file>
      <input_file id="fl-ea">
         <path>C:\ti\ccsv7\tools\compiler\ti-cgt-arm_16.9.4.LTS\lib\</path>
         <kind>archive</kind>
         <file>rtsv7M4_T_le_eabi.lib</file>
         <name>strlen.obj</name>
      </input_file>
      <input_file id="fl-eb">
         <path>C:\ti\ccsv7\tools\compiler\ti-cgt-arm_16.9.4.LTS\lib\</path>
         <kind>archive</kind>
         <file>rtsv7M4_T_le_eabi.lib</file>
         <name>strncpy.obj</name>
      </input_file>
      <input_file id="fl-ec">
         <path>C:\ti\ccsv7\tools\compiler\ti-cgt-arm_16.9.4.LTS\lib\</path>
         <kind>archive</kind>
         <file>rtsv7M4_T_le_eabi.lib</file>
         <name>ull_div_t2.obj</name>
      </input_file>
      <input_file id="fl-ed">
         <path>C:\ti\ccsv7\tools\compiler\ti-cgt-arm_16.9.4.LTS\lib\</path>
         <kind>archive</kind>
         <file>rtsv7M4_T_le_eabi.lib</file>
         <name>vsnprintf.obj</name>
      </input_file>
      <input_file id="fl-ee">
         <path>C:\ti\ccsv7\tools\compiler\ti-cgt-arm_16.9.4.LTS\lib\</path>
         <kind>archive</kind>
         <file>rtsv7M4_T_le_eabi.lib</file>
         <name>_lock.obj</name>
      </input_file>
      <input_file id="fl-ef">
         <path>C:\ti\ccsv7\tools\compiler\ti-cgt-arm_16.9.4.LTS\lib\</path>
         <kind>archive</kind>
         <file>rtsv7M4_T_le_eabi.lib</file>
         <name>_printfi.obj</name>
      </input_file>
      <input_file id="fl-f0">
         <path>C:\ti\ccsv7\tools\compiler\ti-cgt-arm_16.9.4.LTS\lib\</path>
         <kind>archive</kind>
         <file>rtsv7M4_T_le_eabi.lib</file>
         <name>args_main.obj</name>
      </input_file>
      <input_file id="fl-f1">
         <path>C:\ti\ccsv7\tools\compiler\ti-cgt-arm_16.9.4.LTS\lib\</path>
         <kind>archive</kind>
         <file>rtsv7M4_T_le_eabi.lib</file>
         <name>atoi.obj</name>
      </input_file>
      <input_file id="fl-f2">
         <path>C:\ti\ccsv7\tools\compiler\ti-cgt-arm_16.9.4.LTS\lib\</path>
         <kind>archive</kind>
         <file>rtsv7M4_T_le_eabi.lib</file>
         <name>autoinit.obj</name>
      </input_file>
      <input_file id="fl-f3">
         <path>C:\ti\ccsv7\tools\compiler\ti-cgt-arm_16.9.4.LTS\lib\</path>
         <kind>archive</kind>
         <file>rtsv7M4_T_le_eabi.lib</file>
         <name>cpy_tbl.obj</name>
      </input_file>
      <input_file id="fl-f4">
         <path>C:\ti\ccsv7\tools\compiler\ti-cgt-arm_16.9.4.LTS\lib\</path>
         <kind>archive</kind>
         <file>rtsv7M4_T_le_eabi.lib</file>
         <name>ctype.obj</name>
      </input_file>
      <input_file id="fl-f5">
         <path>C:\ti\ccsv7\tools\compiler\ti-cgt-arm_16.9.4.LTS\lib\</path>
         <kind>archive</kind>
         <file>rtsv7M4_T_le_eabi.lib</file>
         <name>fd_add_t2.obj</name>
      </input_file>
      <input_file id="fl-f6">
         <path>C:\ti\ccsv7\tools\compiler\ti-cgt-arm_16.9.4.LTS\lib\</path>
         <kind>archive</kind>
         <file>rtsv7M4_T_le_eabi.lib</file>
         <name>fd_cmp_t2.obj</name>
      </input_file>
      <input_file id="fl-f7">
         <path>C:\ti\ccsv7\tools\compiler\ti-cgt-arm_16.9.4.LTS\lib\</path>
         <kind>archive</kind>
         <file>rtsv7M4_T_le_eabi.lib</file>
         <name>fd_div_t2.obj</name>
      </input_file>
      <input_file id="fl-f8">
         <path>C:\ti\ccsv7\tools\compiler\ti-cgt-arm_16.9.4.LTS\lib\</path>
         <kind>archive</kind>
         <file>rtsv7M4_T_le_eabi.lib</file>
         <name>fd_mul_t2.obj</name>
      </input_file>
      <input_file id="fl-f9">
         <path>C:\ti\ccsv7\tools\compiler\ti-cgt-arm_16.9.4.LTS\lib\</path>
         <kind>archive</kind>
         <file>rtsv7M4_T_le_eabi.lib</file>
         <name>fd_toi_t2.obj</name>
      </input_file>
      <input_file id="fl-fa">
         <path>C:\ti\ccsv7\tools\compiler\ti-cgt-arm_16.9.4.LTS\lib\</path>
         <kind>archive</kind>
         <file>rtsv7M4_T_le_eabi.lib</file>
         <name>i_tofd_t2.obj</name>
      </input_file>
      <input_file id="fl-fb">
         <path>C:\ti\ccsv7\tools\compiler\ti-cgt-arm_16.9.4.LTS\lib\</path>
         <kind>archive</kind>
         <file>rtsv7M4_T_le_eabi.lib</file>
         <name>ltoa.obj</name>
      </input_file>
      <input_file id="fl-fc">
         <path>C:\ti\ccsv7\tools\compiler\ti-cgt-arm_16.9.4.LTS\lib\</path>
         <kind>archive</kind>
         <file>rtsv7M4_T_le_eabi.lib</file>
         <name>memccpy.obj</name>
      </input_file>
      <input_file id="fl-fd">
         <path>C:\ti\ccsv7\tools\compiler\ti-cgt-arm_16.9.4.LTS\lib\</path>
         <kind>archive</kind>
         <file>rtsv7M4_T_le_eabi.lib</file>
         <name>s_frexp.obj</name>
      </input_file>
      <input_file id="fl-fe">
         <path>C:\ti\ccsv7\tools\compiler\ti-cgt-arm_16.9.4.LTS\lib\</path>
         <kind>archive</kind>
         <file>rtsv7M4_T_le_eabi.lib</file>
         <name>s_scalbn.obj</name>
      </input_file>
      <input_file id="fl-ff">
         <path>C:\ti\ccsv7\tools\compiler\ti-cgt-arm_16.9.4.LTS\lib\</path>
         <kind>archive</kind>
         <file>rtsv7M4_T_le_eabi.lib</file>
         <name>startup.obj</name>
      </input_file>
      <input_file id="fl-100">
         <path>C:\ti\ccsv7\tools\compiler\ti-cgt-arm_16.9.4.LTS\lib\</path>
         <kind>archive</kind>
         <file>rtsv7M4_T_le_eabi.lib</file>
         <name>strchr.obj</name>
      </input_file>
      <input_file id="fl-101">
         <path>C:\ti\ccsv7\tools\compiler\ti-cgt-arm_16.9.4.LTS\lib\</path>
         <kind>archive</kind>
         <file>rtsv7M4_T_le_eabi.lib</file>
         <name>errno.obj</name>
      </input_file>
      <input_file id="fl-102">
         <path>C:\ti\ccsv7\tools\compiler\ti-cgt-arm_16.9.4.LTS\lib\</path>
         <kind>archive</kind>
         <file>rtsv7M4_T_le_eabi.lib</file>
         <name>s_copysign.obj</name>
      </input_file>
      <input_file id="fl-103">
         <path>C:\ti\CC3200SDK_1.3.0\cc3200-sdk\oslib\ccs\free_rtos\</path>
         <kind>archive</kind>
         <file>free_rtos.a</file>
         <name>osi_freertos.obj</name>
      </input_file>
      <input_file id="fl-104">
         <path>C:\ti\CC3200SDK_1.3.0\cc3200-sdk\oslib\ccs\free_rtos\</path>
         <kind>archive</kind>
         <file>free_rtos.a</file>
         <name>port.obj</name>
      </input_file>
      <input_file id="fl-105">
         <path>C:\ti\CC3200SDK_1.3.0\cc3200-sdk\oslib\ccs\free_rtos\</path>
         <kind>archive</kind>
         <file>free_rtos.a</file>
         <name>portasm.obj</name>
      </input_file>
      <input_file id="fl-106">
         <path>C:\ti\CC3200SDK_1.3.0\cc3200-sdk\oslib\ccs\free_rtos\</path>
         <kind>archive</kind>
         <file>free_rtos.a</file>
         <name>queue.obj</name>
      </input_file>
      <input_file id="fl-107">
         <path>C:\ti\CC3200SDK_1.3.0\cc3200-sdk\oslib\ccs\free_rtos\</path>
         <kind>archive</kind>
         <file>free_rtos.a</file>
         <name>tasks.obj</name>
      </input_file>
      <input_file id="fl-108">
         <path>C:\ti\CC3200SDK_1.3.0\cc3200-sdk\oslib\ccs\free_rtos\</path>
         <kind>archive</kind>
         <file>free_rtos.a</file>
         <name>list.obj</name>
      </input_file>
      <input_file id="fl-109">
         <path>C:\ti\CC3200SDK_1.3.0\cc3200-sdk\simplelink\ccs\OS\</path>
         <kind>archive</kind>
         <file>simplelink.a</file>
         <name>device.obj</name>
      </input_file>
      <input_file id="fl-10a">
         <path>C:\ti\CC3200SDK_1.3.0\cc3200-sdk\simplelink\ccs\OS\</path>
         <kind>archive</kind>
         <file>simplelink.a</file>
         <name>driver.obj</name>
      </input_file>
      <input_file id="fl-10b">
         <path>C:\ti\CC3200SDK_1.3.0\cc3200-sdk\simplelink\ccs\OS\</path>
         <kind>archive</kind>
         <file>simplelink.a</file>
         <name>netapp.obj</name>
      </input_file>
      <input_file id="fl-10c">
         <path>C:\ti\CC3200SDK_1.3.0\cc3200-sdk\simplelink\ccs\OS\</path>
         <kind>archive</kind>
         <file>simplelink.a</file>
         <name>netcfg.obj</name>
      </input_file>
      <input_file id="fl-10d">
         <path>C:\ti\CC3200SDK_1.3.0\cc3200-sdk\simplelink\ccs\OS\</path>
         <kind>archive</kind>
         <file>simplelink.a</file>
         <name>socket.obj</name>
      </input_file>
      <input_file id="fl-10e">
         <path>C:\ti\CC3200SDK_1.3.0\cc3200-sdk\simplelink\ccs\OS\</path>
         <kind>archive</kind>
         <file>simplelink.a</file>
         <name>wlan.obj</name>
      </input_file>
      <input_file id="fl-10f">
         <path>C:\ti\CC3200SDK_1.3.0\cc3200-sdk\simplelink\ccs\OS\</path>
         <kind>archive</kind>
         <file>simplelink.a</file>
         <name>cc_pal.obj</name>
      </input_file>
   </input_file_list>
   <object_component_list>
      <object_component id="oc-f">
         <name>.intvecs</name>
         <load_address>0x20004000</load_address>
         <run_address>0x20004000</run_address>
         <size>0x400</size>
         <input_file_ref idref="fl-5"/>
      </object_component>
      <object_component id="oc-8b">
         <name>.text</name>
         <load_address>0x20004400</load_address>
         <run_address>0x20004400</run_address>
         <size>0x125c</size>
         <input_file_ref idref="fl-107"/>
      </object_component>
      <object_component id="oc-3ba">
         <name>.text</name>
         <load_address>0x2000565c</load_address>
         <run_address>0x2000565c</run_address>
         <size>0x1122</size>
         <input_file_ref idref="fl-ef"/>
      </object_component>
      <object_component id="oc-64">
         <name>.text</name>
         <load_address>0x2000677e</load_address>
         <run_address>0x2000677e</run_address>
         <size>0x2</size>
         <input_file_ref idref="fl-e7"/>
      </object_component>
      <object_component id="oc-cc">
         <name>.text</name>
         <load_address>0x20006780</load_address>
         <run_address>0x20006780</run_address>
         <size>0xf44</size>
         <input_file_ref idref="fl-2"/>
      </object_component>
      <object_component id="oc-1d3">
         <name>.text</name>
         <load_address>0x200076c4</load_address>
         <run_address>0x200076c4</run_address>
         <size>0xb60</size>
         <input_file_ref idref="fl-14"/>
      </object_component>
      <object_component id="oc-32a">
         <name>.text</name>
         <load_address>0x20008224</load_address>
         <run_address>0x20008224</run_address>
         <size>0xb24</size>
         <input_file_ref idref="fl-106"/>
      </object_component>
      <object_component id="oc-3dd">
         <name>.text</name>
         <load_address>0x20008d48</load_address>
         <run_address>0x20008d48</run_address>
         <size>0x794</size>
         <input_file_ref idref="fl-17"/>
      </object_component>
      <object_component id="oc-574">
         <name>.text:_SlDrvMsgRead</name>
         <load_address>0x200094dc</load_address>
         <run_address>0x200094dc</run_address>
         <size>0x590</size>
         <input_file_ref idref="fl-10a"/>
      </object_component>
      <object_component id="oc-558">
         <name>.text</name>
         <load_address>0x20009a6c</load_address>
         <run_address>0x20009a6c</run_address>
         <size>0x4a4</size>
         <input_file_ref idref="fl-1b"/>
      </object_component>
      <object_component id="oc-24f">
         <name>.text</name>
         <load_address>0x20009f10</load_address>
         <run_address>0x20009f10</run_address>
         <size>0x48c</size>
         <input_file_ref idref="fl-1a"/>
      </object_component>
      <object_component id="oc-191">
         <name>.text</name>
         <load_address>0x2000a39c</load_address>
         <run_address>0x2000a39c</run_address>
         <size>0x45c</size>
         <input_file_ref idref="fl-103"/>
      </object_component>
      <object_component id="oc-126">
         <name>.text</name>
         <load_address>0x2000a7f8</load_address>
         <run_address>0x2000a7f8</run_address>
         <size>0x3d0</size>
         <input_file_ref idref="fl-e5"/>
      </object_component>
      <object_component id="oc-6af">
         <name>.text</name>
         <load_address>0x2000abc8</load_address>
         <run_address>0x2000abc8</run_address>
         <size>0x3bc</size>
         <input_file_ref idref="fl-19"/>
      </object_component>
      <object_component id="oc-1cd">
         <name>.text</name>
         <load_address>0x2000af84</load_address>
         <run_address>0x2000af84</run_address>
         <size>0x370</size>
         <input_file_ref idref="fl-12"/>
      </object_component>
      <object_component id="oc-39b">
         <name>.text</name>
         <load_address>0x2000b2f4</load_address>
         <run_address>0x2000b2f4</run_address>
         <size>0x300</size>
         <input_file_ref idref="fl-d"/>
      </object_component>
      <object_component id="oc-12c">
         <name>.text</name>
         <load_address>0x2000b5f4</load_address>
         <run_address>0x2000b5f4</run_address>
         <size>0x290</size>
         <input_file_ref idref="fl-6"/>
      </object_component>
      <object_component id="oc-3a6">
         <name>.text</name>
         <load_address>0x2000b884</load_address>
         <run_address>0x2000b884</run_address>
         <size>0x280</size>
         <input_file_ref idref="fl-13"/>
      </object_component>
      <object_component id="oc-5d3">
         <name>.text:_SlDrvRxHdrRead</name>
         <load_address>0x2000bb04</load_address>
         <run_address>0x2000bb04</run_address>
         <size>0x24c</size>
         <input_file_ref idref="fl-10a"/>
      </object_component>
      <object_component id="oc-396">
         <name>.text</name>
         <load_address>0x2000bd50</load_address>
         <run_address>0x2000bd50</run_address>
         <size>0x1f4</size>
         <input_file_ref idref="fl-ec"/>
      </object_component>
      <object_component id="oc-297">
         <name>.text:_SlDrvReleasePoolObj</name>
         <load_address>0x2000bf44</load_address>
         <run_address>0x2000bf44</run_address>
         <size>0x1d0</size>
         <input_file_ref idref="fl-10a"/>
      </object_component>
      <object_component id="oc-1be">
         <name>.text:sl_Accept</name>
         <load_address>0x2000c114</load_address>
         <run_address>0x2000c114</run_address>
         <size>0x1bc</size>
         <input_file_ref idref="fl-10d"/>
      </object_component>
      <object_component id="oc-51a">
         <name>.text</name>
         <load_address>0x2000c2d0</load_address>
         <run_address>0x2000c2d0</run_address>
         <size>0x1b6</size>
         <input_file_ref idref="fl-f5"/>
      </object_component>
      <object_component id="oc-c4">
         <name>.text</name>
         <load_address>0x2000c486</load_address>
         <run_address>0x2000c486</run_address>
         <size>0x2</size>
         <input_file_ref idref="fl-ff"/>
      </object_component>
      <object_component id="oc-459">
         <name>.text:_SlDrvMsgWrite</name>
         <load_address>0x2000c488</load_address>
         <run_address>0x2000c488</run_address>
         <size>0x19c</size>
         <input_file_ref idref="fl-10a"/>
      </object_component>
      <object_component id="oc-26d">
         <name>.text:_SlDrvDriverCBInit</name>
         <load_address>0x2000c624</load_address>
         <run_address>0x2000c624</run_address>
         <size>0x190</size>
         <input_file_ref idref="fl-10a"/>
      </object_component>
      <object_component id="oc-3fc">
         <name>.text:_SlDrvWaitForPoolObj</name>
         <load_address>0x2000c7b4</load_address>
         <run_address>0x2000c7b4</run_address>
         <size>0x190</size>
         <input_file_ref idref="fl-10a"/>
      </object_component>
      <object_component id="oc-5e5">
         <name>.text:_SlFindAndSetActiveObj</name>
         <load_address>0x2000c944</load_address>
         <run_address>0x2000c944</run_address>
         <size>0x170</size>
         <input_file_ref idref="fl-10a"/>
      </object_component>
      <object_component id="oc-273">
         <name>.text:spi_Open</name>
         <load_address>0x2000cab4</load_address>
         <run_address>0x2000cab4</run_address>
         <size>0x150</size>
         <input_file_ref idref="fl-10f"/>
      </object_component>
      <object_component id="oc-372">
         <name>.text:_SlDrvDataWriteOp</name>
         <load_address>0x2000cc04</load_address>
         <run_address>0x2000cc04</run_address>
         <size>0x14c</size>
         <input_file_ref idref="fl-10a"/>
      </object_component>
      <object_component id="oc-45f">
         <name>.text:_SlDrvMsgReadCmdCtx</name>
         <load_address>0x2000cd50</load_address>
         <run_address>0x2000cd50</run_address>
         <size>0x13c</size>
         <input_file_ref idref="fl-10a"/>
      </object_component>
      <object_component id="oc-500">
         <name>.text</name>
         <load_address>0x2000ce8c</load_address>
         <run_address>0x2000ce8c</run_address>
         <size>0x136</size>
         <input_file_ref idref="fl-f7"/>
      </object_component>
      <object_component id="oc-1c5">
         <name>.text:sl_Send</name>
         <load_address>0x2000cfc4</load_address>
         <run_address>0x2000cfc4</run_address>
         <size>0x134</size>
         <input_file_ref idref="fl-10d"/>
      </object_component>
      <object_component id="oc-eb">
         <name>.text</name>
         <load_address>0x2000d0f8</load_address>
         <run_address>0x2000d0f8</run_address>
         <size>0x12a</size>
         <input_file_ref idref="fl-108"/>
      </object_component>
      <object_component id="oc-2d7">
         <name>.text:_SlDrvDriverCBDeinit</name>
         <load_address>0x2000d224</load_address>
         <run_address>0x2000d224</run_address>
         <size>0x124</size>
         <input_file_ref idref="fl-10a"/>
      </object_component>
      <object_component id="oc-38">
         <name>.text</name>
         <load_address>0x2000d348</load_address>
         <run_address>0x2000d348</run_address>
         <size>0x110</size>
         <input_file_ref idref="fl-104"/>
      </object_component>
      <object_component id="oc-62e">
         <name>.text:_SlDrvNetAppEventHandler</name>
         <load_address>0x2000d458</load_address>
         <run_address>0x2000d458</run_address>
         <size>0x104</size>
         <input_file_ref idref="fl-10b"/>
      </object_component>
      <object_component id="oc-4fb">
         <name>.text</name>
         <load_address>0x2000d55c</load_address>
         <run_address>0x2000d55c</run_address>
         <size>0xfc</size>
         <input_file_ref idref="fl-f8"/>
      </object_component>
      <object_component id="oc-141">
         <name>.text:sl_Stop</name>
         <load_address>0x2000d658</load_address>
         <run_address>0x2000d658</run_address>
         <size>0xf0</size>
         <input_file_ref idref="fl-109"/>
      </object_component>
      <object_component id="oc-135">
         <name>.text:sl_Start</name>
         <load_address>0x2000d748</load_address>
         <run_address>0x2000d748</run_address>
         <size>0xec</size>
         <input_file_ref idref="fl-109"/>
      </object_component>
      <object_component id="oc-57a">
         <name>.text:_SlAsyncEventGenericHandler</name>
         <load_address>0x2000d834</load_address>
         <run_address>0x2000d834</run_address>
         <size>0xe8</size>
         <input_file_ref idref="fl-10a"/>
      </object_component>
      <object_component id="oc-444">
         <name>.text:_SlDrvMsgReadSpawnCtx</name>
         <load_address>0x2000d91c</load_address>
         <run_address>0x2000d91c</run_address>
         <size>0xe8</size>
         <input_file_ref idref="fl-10a"/>
      </object_component>
      <object_component id="oc-312">
         <name>.text:sl_NetAppMDNSRegisterUnregisterService</name>
         <load_address>0x2000da04</load_address>
         <run_address>0x2000da04</run_address>
         <size>0xe4</size>
         <input_file_ref idref="fl-10b"/>
      </object_component>
      <object_component id="oc-5d9">
         <name>.text:_SlDrvClassifyRxMsg</name>
         <load_address>0x2000dae8</load_address>
         <run_address>0x2000dae8</run_address>
         <size>0xdc</size>
         <input_file_ref idref="fl-10a"/>
      </object_component>
      <object_component id="oc-5df">
         <name>.text:spi_Read</name>
         <load_address>0x2000dbc4</load_address>
         <run_address>0x2000dbc4</run_address>
         <size>0xdc</size>
         <input_file_ref idref="fl-10f"/>
      </object_component>
      <object_component id="oc-18b">
         <name>.text:sl_NetCfgGet</name>
         <load_address>0x2000dca0</load_address>
         <run_address>0x2000dca0</run_address>
         <size>0xd8</size>
         <input_file_ref idref="fl-10c"/>
      </object_component>
      <object_component id="oc-525">
         <name>.text</name>
         <load_address>0x2000dd78</load_address>
         <run_address>0x2000dd78</run_address>
         <size>0xd0</size>
         <input_file_ref idref="fl-fe"/>
      </object_component>
      <object_component id="oc-672">
         <name>.text:_sl_HandleAsync_DnsGetHostByService</name>
         <load_address>0x2000de48</load_address>
         <run_address>0x2000de48</run_address>
         <size>0xcc</size>
         <input_file_ref idref="fl-10b"/>
      </object_component>
      <object_component id="oc-147">
         <name>.text:sl_DevGet</name>
         <load_address>0x2000df14</load_address>
         <run_address>0x2000df14</run_address>
         <size>0xcc</size>
         <input_file_ref idref="fl-109"/>
      </object_component>
      <object_component id="oc-425">
         <name>.text:_SlRemoveFromList</name>
         <load_address>0x2000dfe0</load_address>
         <run_address>0x2000dfe0</run_address>
         <size>0xc4</size>
         <input_file_ref idref="fl-10a"/>
      </object_component>
      <object_component id="oc-2bb">
         <name>.text:_SlDrvCmdOp</name>
         <load_address>0x2000e0a4</load_address>
         <run_address>0x2000e0a4</run_address>
         <size>0xc0</size>
         <input_file_ref idref="fl-10a"/>
      </object_component>
      <object_component id="oc-33">
         <name>.text</name>
         <load_address>0x2000e164</load_address>
         <run_address>0x2000e164</run_address>
         <size>0xba</size>
         <input_file_ref idref="fl-105"/>
      </object_component>
      <object_component id="oc-1a6">
         <name>.text:sl_Bind</name>
         <load_address>0x2000e220</load_address>
         <run_address>0x2000e220</run_address>
         <size>0xb8</size>
         <input_file_ref idref="fl-10d"/>
      </object_component>
      <object_component id="oc-41e">
         <name>.text:_SlDriverHandleError</name>
         <load_address>0x2000e2d8</load_address>
         <run_address>0x2000e2d8</run_address>
         <size>0xa0</size>
         <input_file_ref idref="fl-10a"/>
      </object_component>
      <object_component id="oc-4c">
         <name>.text</name>
         <load_address>0x2000e378</load_address>
         <run_address>0x2000e378</run_address>
         <size>0x9c</size>
         <input_file_ref idref="fl-e3"/>
      </object_component>
      <object_component id="oc-664">
         <name>.text:_SlDrvDeviceEventHandler</name>
         <load_address>0x2000e414</load_address>
         <run_address>0x2000e414</run_address>
         <size>0x9a</size>
         <input_file_ref idref="fl-109"/>
      </object_component>
      <object_component id="oc-15f">
         <name>.text:sl_NetCfgSet</name>
         <load_address>0x2000e4b0</load_address>
         <run_address>0x2000e4b0</run_address>
         <size>0x98</size>
         <input_file_ref idref="fl-10c"/>
      </object_component>
      <object_component id="oc-1b8">
         <name>.text:sl_SetSockOpt</name>
         <load_address>0x2000e548</load_address>
         <run_address>0x2000e548</run_address>
         <size>0x98</size>
         <input_file_ref idref="fl-10d"/>
      </object_component>
      <object_component id="oc-165">
         <name>.text:sl_WlanSet</name>
         <load_address>0x2000e5e0</load_address>
         <run_address>0x2000e5e0</run_address>
         <size>0x98</size>
         <input_file_ref idref="fl-10e"/>
      </object_component>
      <object_component id="oc-66c">
         <name>.text:_sl_HandleAsync_DnsGetHostByName</name>
         <load_address>0x2000e678</load_address>
         <run_address>0x2000e678</run_address>
         <size>0x90</size>
         <input_file_ref idref="fl-10b"/>
      </object_component>
      <object_component id="oc-634">
         <name>.text:_sl_HandleAsync_PingResponse</name>
         <load_address>0x2000e708</load_address>
         <run_address>0x2000e708</run_address>
         <size>0x90</size>
         <input_file_ref idref="fl-10b"/>
      </object_component>
      <object_component id="oc-14d">
         <name>.text:sl_WlanPolicySet</name>
         <load_address>0x2000e798</load_address>
         <run_address>0x2000e798</run_address>
         <size>0x90</size>
         <input_file_ref idref="fl-10e"/>
      </object_component>
      <object_component id="oc-63b">
         <name>.text:SetupDMAReceive</name>
         <load_address>0x2000e828</load_address>
         <run_address>0x2000e828</run_address>
         <size>0x8c</size>
         <input_file_ref idref="fl-10f"/>
      </object_component>
      <object_component id="oc-5f0">
         <name>.text:SetupDMASend</name>
         <load_address>0x2000e8b4</load_address>
         <run_address>0x2000e8b4</run_address>
         <size>0x8c</size>
         <input_file_ref idref="fl-10f"/>
      </object_component>
      <object_component id="oc-61e">
         <name>.text:_SlDrvIsTimeoutExpired</name>
         <load_address>0x2000e940</load_address>
         <run_address>0x2000e940</run_address>
         <size>0x8c</size>
         <input_file_ref idref="fl-10a"/>
      </object_component>
      <object_component id="oc-6b6">
         <name>.text:_sl_HandleAsync_InitComplete</name>
         <load_address>0x2000e9cc</load_address>
         <run_address>0x2000e9cc</run_address>
         <size>0x8c</size>
         <input_file_ref idref="fl-109"/>
      </object_component>
      <object_component id="oc-1a0">
         <name>.text:sl_Socket</name>
         <load_address>0x2000ea58</load_address>
         <run_address>0x2000ea58</run_address>
         <size>0x8c</size>
         <input_file_ref idref="fl-10d"/>
      </object_component>
      <object_component id="oc-583">
         <name>.text:spi_Write</name>
         <load_address>0x2000eae4</load_address>
         <run_address>0x2000eae4</run_address>
         <size>0x8c</size>
         <input_file_ref idref="fl-10f"/>
      </object_component>
      <object_component id="oc-255">
         <name>.text</name>
         <load_address>0x2000eb70</load_address>
         <run_address>0x2000eb70</run_address>
         <size>0x88</size>
         <input_file_ref idref="fl-ed"/>
      </object_component>
      <object_component id="oc-4f6">
         <name>.text:__aeabi_cdcmple</name>
         <load_address>0x2000ebf8</load_address>
         <run_address>0x2000ebf8</run_address>
         <size>0x86</size>
         <input_file_ref idref="fl-f6"/>
      </object_component>
      <object_component id="oc-505">
         <name>.text:__aeabi_cdrcmple</name>
         <load_address>0x2000ec7e</load_address>
         <run_address>0x2000ec7e</run_address>
         <size>0x86</size>
         <input_file_ref idref="fl-f6"/>
      </object_component>
      <object_component id="oc-177">
         <name>.text:sl_WlanRxFilterSet</name>
         <load_address>0x2000ed04</load_address>
         <run_address>0x2000ed04</run_address>
         <size>0x84</size>
         <input_file_ref idref="fl-10e"/>
      </object_component>
      <object_component id="oc-694">
         <name>.text:_sl_HandleAsync_Connect</name>
         <load_address>0x2000ed88</load_address>
         <run_address>0x2000ed88</run_address>
         <size>0x80</size>
         <input_file_ref idref="fl-10d"/>
      </object_component>
      <object_component id="oc-641">
         <name>.text:spi_Read_CPU</name>
         <load_address>0x2000ee08</load_address>
         <run_address>0x2000ee08</run_address>
         <size>0x80</size>
         <input_file_ref idref="fl-10f"/>
      </object_component>
      <object_component id="oc-5f6">
         <name>.text:spi_Write_CPU</name>
         <load_address>0x2000ee88</load_address>
         <run_address>0x2000ee88</run_address>
         <size>0x80</size>
         <input_file_ref idref="fl-10f"/>
      </object_component>
      <object_component id="oc-58">
         <name>.text</name>
         <load_address>0x2000ef08</load_address>
         <run_address>0x2000ef08</run_address>
         <size>0x7a</size>
         <input_file_ref idref="fl-e6"/>
      </object_component>
      <object_component id="oc-2d1">
         <name>.text:spi_Close</name>
         <load_address>0x2000ef84</load_address>
         <run_address>0x2000ef84</run_address>
         <size>0x78</size>
         <input_file_ref idref="fl-10f"/>
      </object_component>
      <object_component id="oc-70">
         <name>.text</name>
         <load_address>0x2000effc</load_address>
         <run_address>0x2000effc</run_address>
         <size>0x70</size>
         <input_file_ref idref="fl-f2"/>
      </object_component>
      <object_component id="oc-6c0">
         <name>.text:_SlDrvCmdSend</name>
         <load_address>0x2000f06c</load_address>
         <run_address>0x2000f06c</run_address>
         <size>0x6c</size>
         <input_file_ref idref="fl-10a"/>
      </object_component>
      <object_component id="oc-67e">
         <name>.text:_sl_NetAppSendTokenValue</name>
         <load_address>0x2000f0d8</load_address>
         <run_address>0x2000f0d8</run_address>
         <size>0x6c</size>
         <input_file_ref idref="fl-10b"/>
      </object_component>
      <object_component id="oc-1b2">
         <name>.text:sl_Listen</name>
         <load_address>0x2000f144</load_address>
         <run_address>0x2000f144</run_address>
         <size>0x6c</size>
         <input_file_ref idref="fl-10d"/>
      </object_component>
      <object_component id="oc-12">
         <name>.text:decompress:lzss</name>
         <load_address>0x2000f1b0</load_address>
         <run_address>0x2000f1b0</run_address>
         <size>0x68</size>
         <input_file_ref idref="fl-df"/>
      </object_component>
      <object_component id="oc-68e">
         <name>.text:_sl_HandleAsync_Accept</name>
         <load_address>0x2000f218</load_address>
         <run_address>0x2000f218</run_address>
         <size>0x64</size>
         <input_file_ref idref="fl-10d"/>
      </object_component>
      <object_component id="oc-16b">
         <name>.text:sl_NetAppMDNSUnRegisterService</name>
         <load_address>0x2000f27c</load_address>
         <run_address>0x2000f27c</run_address>
         <size>0x64</size>
         <input_file_ref idref="fl-10b"/>
      </object_component>
      <object_component id="oc-1ac">
         <name>.text:sl_Close</name>
         <load_address>0x2000f2e0</load_address>
         <run_address>0x2000f2e0</run_address>
         <size>0x60</size>
         <input_file_ref idref="fl-10d"/>
      </object_component>
      <object_component id="oc-153">
         <name>.text:sl_WlanProfileDel</name>
         <load_address>0x2000f340</load_address>
         <run_address>0x2000f340</run_address>
         <size>0x60</size>
         <input_file_ref idref="fl-10e"/>
      </object_component>
      <object_component id="oc-13b">
         <name>.text:sl_WlanSetMode</name>
         <load_address>0x2000f3a0</load_address>
         <run_address>0x2000f3a0</run_address>
         <size>0x60</size>
         <input_file_ref idref="fl-10e"/>
      </object_component>
      <object_component id="oc-37c">
         <name>.text</name>
         <load_address>0x2000f400</load_address>
         <run_address>0x2000f400</run_address>
         <size>0x5e</size>
         <input_file_ref idref="fl-a"/>
      </object_component>
      <object_component id="oc-51f">
         <name>.text</name>
         <load_address>0x2000f460</load_address>
         <run_address>0x2000f460</run_address>
         <size>0x5c</size>
         <input_file_ref idref="fl-fd"/>
      </object_component>
      <object_component id="oc-69a">
         <name>.text:_sl_HandleAsync_Select</name>
         <load_address>0x2000f4bc</load_address>
         <run_address>0x2000f4bc</run_address>
         <size>0x54</size>
         <input_file_ref idref="fl-10d"/>
      </object_component>
      <object_component id="oc-7c">
         <name>.text</name>
         <load_address>0x2000f510</load_address>
         <run_address>0x2000f510</run_address>
         <size>0x54</size>
         <input_file_ref idref="fl-e2"/>
      </object_component>
      <object_component id="oc-50f">
         <name>.text</name>
         <load_address>0x2000f564</load_address>
         <run_address>0x2000f564</run_address>
         <size>0x54</size>
         <input_file_ref idref="fl-fb"/>
      </object_component>
      <object_component id="oc-2a9">
         <name>.text:_SlDrvRxIrqHandler</name>
         <load_address>0x2000f5b8</load_address>
         <run_address>0x2000f5b8</run_address>
         <size>0x50</size>
         <input_file_ref idref="fl-10a"/>
      </object_component>
      <object_component id="oc-6a0">
         <name>.text:_sl_HandleAsync_Stop</name>
         <load_address>0x2000f608</load_address>
         <run_address>0x2000f608</run_address>
         <size>0x50</size>
         <input_file_ref idref="fl-109"/>
      </object_component>
      <object_component id="oc-279">
         <name>.text:_SlDrvProtectAsyncRespSetting</name>
         <load_address>0x2000f658</load_address>
         <run_address>0x2000f658</run_address>
         <size>0x4c</size>
         <input_file_ref idref="fl-10a"/>
      </object_component>
      <object_component id="oc-34c">
         <name>.text:_sl_BuildAddress</name>
         <load_address>0x2000f6a4</load_address>
         <run_address>0x2000f6a4</run_address>
         <size>0x4c</size>
         <input_file_ref idref="fl-10d"/>
      </object_component>
      <object_component id="oc-531">
         <name>.text</name>
         <load_address>0x2000f6f0</load_address>
         <run_address>0x2000f6f0</run_address>
         <size>0x4c</size>
         <input_file_ref idref="fl-f1"/>
      </object_component>
      <object_component id="oc-be">
         <name>.text</name>
         <load_address>0x2000f73c</load_address>
         <run_address>0x2000f73c</run_address>
         <size>0x4c</size>
         <input_file_ref idref="fl-f3"/>
      </object_component>
      <object_component id="oc-2fd">
         <name>.text:_SlDrvBasicCmd</name>
         <load_address>0x2000f788</load_address>
         <run_address>0x2000f788</run_address>
         <size>0x48</size>
         <input_file_ref idref="fl-10a"/>
      </object_component>
      <object_component id="oc-50a">
         <name>.text</name>
         <load_address>0x2000f7d0</load_address>
         <run_address>0x2000f7d0</run_address>
         <size>0x48</size>
         <input_file_ref idref="fl-f9"/>
      </object_component>
      <object_component id="oc-64e">
         <name>.text:cc_SetupTransfer</name>
         <load_address>0x2000f818</load_address>
         <run_address>0x2000f818</run_address>
         <size>0x44</size>
         <input_file_ref idref="fl-10f"/>
      </object_component>
      <object_component id="oc-291">
         <name>.text:_SlDrvSyncObjWaitTimeout</name>
         <load_address>0x2000f85c</load_address>
         <run_address>0x2000f85c</run_address>
         <size>0x40</size>
         <input_file_ref idref="fl-10a"/>
      </object_component>
      <object_component id="oc-36c">
         <name>.text:_sl_TruncatePayloadByProtocol</name>
         <load_address>0x2000f89c</load_address>
         <run_address>0x2000f89c</run_address>
         <size>0x40</size>
         <input_file_ref idref="fl-10d"/>
      </object_component>
      <object_component id="oc-24">
         <name>.text</name>
         <load_address>0x2000f8dc</load_address>
         <run_address>0x2000f8dc</run_address>
         <size>0x40</size>
         <input_file_ref idref="fl-de"/>
      </object_component>
      <object_component id="oc-685">
         <name>.text:CopyPingResultsToReport</name>
         <load_address>0x2000f91c</load_address>
         <run_address>0x2000f91c</run_address>
         <size>0x3c</size>
         <input_file_ref idref="fl-10b"/>
      </object_component>
      <object_component id="oc-6a9">
         <name>.text:simplelink_timerA2_start</name>
         <load_address>0x2000f958</load_address>
         <run_address>0x2000f958</run_address>
         <size>0x3c</size>
         <input_file_ref idref="fl-10f"/>
      </object_component>
      <object_component id="oc-19a">
         <name>.text:sl_Htons</name>
         <load_address>0x2000f994</load_address>
         <run_address>0x2000f994</run_address>
         <size>0x3c</size>
         <input_file_ref idref="fl-10d"/>
      </object_component>
      <object_component id="oc-27f">
         <name>.text:NwpPowerOff</name>
         <load_address>0x2000f9d0</load_address>
         <run_address>0x2000f9d0</run_address>
         <size>0x38</size>
         <input_file_ref idref="fl-10f"/>
      </object_component>
      <object_component id="oc-159">
         <name>.text:sl_WlanDisconnect</name>
         <load_address>0x2000fa08</load_address>
         <run_address>0x2000fa08</run_address>
         <size>0x38</size>
         <input_file_ref idref="fl-10e"/>
      </object_component>
      <object_component id="oc-184">
         <name>.text</name>
         <load_address>0x2000fa40</load_address>
         <run_address>0x2000fa40</run_address>
         <size>0x36</size>
         <input_file_ref idref="fl-eb"/>
      </object_component>
      <object_component id="oc-515">
         <name>.text</name>
         <load_address>0x2000fa76</load_address>
         <run_address>0x2000fa76</run_address>
         <size>0x2e</size>
         <input_file_ref idref="fl-fa"/>
      </object_component>
      <object_component id="oc-3ef">
         <name>.text:DmaSpiSwIntHandler</name>
         <load_address>0x2000faa4</load_address>
         <run_address>0x2000faa4</run_address>
         <size>0x2c</size>
         <input_file_ref idref="fl-10f"/>
      </object_component>
      <object_component id="oc-28b">
         <name>.text:NwpPowerOn</name>
         <load_address>0x2000fad0</load_address>
         <run_address>0x2000fad0</run_address>
         <size>0x2c</size>
         <input_file_ref idref="fl-10f"/>
      </object_component>
      <object_component id="oc-44d">
         <name>.text:_SlDrvObjGlobalLockWaitForever</name>
         <load_address>0x2000fafc</load_address>
         <run_address>0x2000fafc</run_address>
         <size>0x28</size>
         <input_file_ref idref="fl-10a"/>
      </object_component>
      <object_component id="oc-402">
         <name>.text:_SlDrvProtectionObjLockWaitForever</name>
         <load_address>0x2000fb24</load_address>
         <run_address>0x2000fb24</run_address>
         <size>0x28</size>
         <input_file_ref idref="fl-10a"/>
      </object_component>
      <object_component id="oc-285">
         <name>.text:NwpRegisterInterruptHandler</name>
         <load_address>0x2000fb4c</load_address>
         <run_address>0x2000fb4c</run_address>
         <size>0x26</size>
         <input_file_ref idref="fl-10f"/>
      </object_component>
      <object_component id="oc-453">
         <name>.text:_SlDrvGlobalObjUnLock</name>
         <load_address>0x2000fb74</load_address>
         <run_address>0x2000fb74</run_address>
         <size>0x24</size>
         <input_file_ref idref="fl-10a"/>
      </object_component>
      <object_component id="oc-408">
         <name>.text:_SlDrvProtectionObjUnLock</name>
         <load_address>0x2000fb98</load_address>
         <run_address>0x2000fb98</run_address>
         <size>0x24</size>
         <input_file_ref idref="fl-10a"/>
      </object_component>
      <object_component id="oc-362">
         <name>.text:_SlDrvSyncObjWaitForever</name>
         <load_address>0x2000fbbc</load_address>
         <run_address>0x2000fbbc</run_address>
         <size>0x24</size>
         <input_file_ref idref="fl-10a"/>
      </object_component>
      <object_component id="oc-25b">
         <name>.text</name>
         <load_address>0x2000fbe0</load_address>
         <run_address>0x2000fbe0</run_address>
         <size>0x24</size>
         <input_file_ref idref="fl-e4"/>
      </object_component>
      <object_component id="oc-4b1">
         <name>.text:_SlDrvObjLockWaitForever</name>
         <load_address>0x2000fc04</load_address>
         <run_address>0x2000fc04</run_address>
         <size>0x22</size>
         <input_file_ref idref="fl-10a"/>
      </object_component>
      <object_component id="oc-2cb">
         <name>.text:NwpPrePowerOffTimout0</name>
         <load_address>0x2000fc28</load_address>
         <run_address>0x2000fc28</run_address>
         <size>0x20</size>
         <input_file_ref idref="fl-10f"/>
      </object_component>
      <object_component id="oc-658">
         <name>.text:TimerGetCurrentTimestamp</name>
         <load_address>0x2000fc48</load_address>
         <run_address>0x2000fc48</run_address>
         <size>0x20</size>
         <input_file_ref idref="fl-10f"/>
      </object_component>
      <object_component id="oc-4b7">
         <name>.text:_SlDrvObjUnLock</name>
         <load_address>0x2000fc68</load_address>
         <run_address>0x2000fc68</run_address>
         <size>0x1e</size>
         <input_file_ref idref="fl-10a"/>
      </object_component>
      <object_component id="oc-42b">
         <name>.text:_SlDrvSyncObjSignal</name>
         <load_address>0x2000fc86</load_address>
         <run_address>0x2000fc86</run_address>
         <size>0x1e</size>
         <input_file_ref idref="fl-10a"/>
      </object_component>
      <object_component id="oc-3e3">
         <name>.text:cc_UDMAChannelSelect</name>
         <load_address>0x2000fca4</load_address>
         <run_address>0x2000fca4</run_address>
         <size>0x1e</size>
         <input_file_ref idref="fl-10f"/>
      </object_component>
      <object_component id="oc-618">
         <name>.text:_SlDrvStartMeasureTimeout</name>
         <load_address>0x2000fcc2</load_address>
         <run_address>0x2000fcc2</run_address>
         <size>0x1c</size>
         <input_file_ref idref="fl-10a"/>
      </object_component>
      <object_component id="oc-1d9">
         <name>.text</name>
         <load_address>0x2000fcde</load_address>
         <run_address>0x2000fcde</run_address>
         <size>0x1c</size>
         <input_file_ref idref="fl-4"/>
      </object_component>
      <object_component id="oc-537">
         <name>.text</name>
         <load_address>0x2000fcfa</load_address>
         <run_address>0x2000fcfa</run_address>
         <size>0x1c</size>
         <input_file_ref idref="fl-fc"/>
      </object_component>
      <object_component id="oc-29d">
         <name>.text:_sl_GetStartResponseConvert</name>
         <load_address>0x2000fd18</load_address>
         <run_address>0x2000fd18</run_address>
         <size>0x18</size>
         <input_file_ref idref="fl-109"/>
      </object_component>
      <object_component id="oc-76">
         <name>.text</name>
         <load_address>0x2000fd30</load_address>
         <run_address>0x2000fd30</run_address>
         <size>0x18</size>
         <input_file_ref idref="fl-f0"/>
      </object_component>
      <object_component id="oc-3d2">
         <name>.text:_SlDrvMemZero</name>
         <load_address>0x2000fd48</load_address>
         <run_address>0x2000fd48</run_address>
         <size>0x16</size>
         <input_file_ref idref="fl-10a"/>
      </object_component>
      <object_component id="oc-52b">
         <name>.text</name>
         <load_address>0x2000fd5e</load_address>
         <run_address>0x2000fd5e</run_address>
         <size>0x16</size>
         <input_file_ref idref="fl-100"/>
      </object_component>
      <object_component id="oc-208">
         <name>.text</name>
         <load_address>0x2000fd74</load_address>
         <run_address>0x2000fd74</run_address>
         <size>0x14</size>
         <input_file_ref idref="fl-ee"/>
      </object_component>
      <object_component id="oc-17e">
         <name>.text</name>
         <load_address>0x2000fd88</load_address>
         <run_address>0x2000fd88</run_address>
         <size>0x14</size>
         <input_file_ref idref="fl-ea"/>
      </object_component>
      <object_component id="oc-678">
         <name>.text:_SlDrvDispatchHttpServerEvents</name>
         <load_address>0x2000fd9c</load_address>
         <run_address>0x2000fd9c</run_address>
         <size>0x10</size>
         <input_file_ref idref="fl-10a"/>
      </object_component>
      <object_component id="oc-2e6">
         <name>.text:_SlDrvResetCmdExt</name>
         <load_address>0x2000fdac</load_address>
         <run_address>0x2000fdac</run_address>
         <size>0xe</size>
         <input_file_ref idref="fl-10a"/>
      </object_component>
      <object_component id="oc-18">
         <name>.text:decompress:none</name>
         <load_address>0x2000fdba</load_address>
         <run_address>0x2000fdba</run_address>
         <size>0xe</size>
         <input_file_ref idref="fl-e0"/>
      </object_component>
      <object_component id="oc-2d">
         <name>.text</name>
         <load_address>0x2000fdc8</load_address>
         <run_address>0x2000fdc8</run_address>
         <size>0xe</size>
         <input_file_ref idref="fl-5"/>
      </object_component>
      <object_component id="oc-40f">
         <name>.text:NwpMaskInterrupt</name>
         <load_address>0x2000fdd8</load_address>
         <run_address>0x2000fdd8</run_address>
         <size>0xc</size>
         <input_file_ref idref="fl-10f"/>
      </object_component>
      <object_component id="oc-417">
         <name>.text:NwpUnMaskInterrupt</name>
         <load_address>0x2000fde4</load_address>
         <run_address>0x2000fde4</run_address>
         <size>0xc</size>
         <input_file_ref idref="fl-10f"/>
      </object_component>
      <object_component id="oc-1e">
         <name>.text:decompress:ZI</name>
         <load_address>0x2000fdf0</load_address>
         <run_address>0x2000fdf0</run_address>
         <size>0xc</size>
         <input_file_ref idref="fl-e1"/>
      </object_component>
      <object_component id="oc-5b0">
         <name>.text</name>
         <load_address>0x2000fdfc</load_address>
         <run_address>0x2000fdfc</run_address>
         <size>0x8</size>
         <input_file_ref idref="fl-102"/>
      </object_component>
      <object_component id="oc-1c4">
         <name>.text:UtilsDelay</name>
         <load_address>0x2000fe04</load_address>
         <run_address>0x2000fe04</run_address>
         <size>0x6</size>
         <input_file_ref idref="fl-1c"/>
      </object_component>
      <object_component id="oc-6a">
         <name>.text</name>
         <load_address>0x2000fe0a</load_address>
         <run_address>0x2000fe0a</run_address>
         <size>0x4</size>
         <input_file_ref idref="fl-e8"/>
      </object_component>
      <object_component id="oc-5bd">
         <name>.const:.string:_ctypes_</name>
         <load_address>0x2000fe10</load_address>
         <run_address>0x2000fe10</run_address>
         <size>0x101</size>
         <input_file_ref idref="fl-f4"/>
      </object_component>
      <object_component id="oc-4e6">
         <name>.const:g_ulPinToPadMap</name>
         <load_address>0x2000ff14</load_address>
         <run_address>0x2000ff14</run_address>
         <size>0x100</size>
         <input_file_ref idref="fl-13"/>
      </object_component>
      <object_component id="oc-385">
         <name>.const:g_pulRegs</name>
         <load_address>0x20010014</load_address>
         <run_address>0x20010014</run_address>
         <size>0xd4</size>
         <input_file_ref idref="fl-12"/>
      </object_component>
      <object_component id="oc-3a1">
         <name>.const:PRCM_PeriphRegsList</name>
         <load_address>0x200100e8</load_address>
         <run_address>0x200100e8</run_address>
         <size>0xa8</size>
         <input_file_ref idref="fl-14"/>
      </object_component>
      <object_component id="oc-4d3">
         <name>.const:g_pulFMPPERegs</name>
         <load_address>0x20010190</load_address>
         <run_address>0x20010190</run_address>
         <size>0x40</size>
         <input_file_ref idref="fl-d"/>
      </object_component>
      <object_component id="oc-4d0">
         <name>.const:g_pulFMPRERegs</name>
         <load_address>0x200101d0</load_address>
         <run_address>0x200101d0</run_address>
         <size>0x40</size>
         <input_file_ref idref="fl-d"/>
      </object_component>
      <object_component id="oc-5ec">
         <name>.const:OpcodeTranslateTable</name>
         <load_address>0x20010210</load_address>
         <run_address>0x20010210</run_address>
         <size>0x3c</size>
         <input_file_ref idref="fl-10a"/>
      </object_component>
      <object_component id="oc-648">
         <name>.const:_SlActionLookupTable</name>
         <load_address>0x2001024c</load_address>
         <run_address>0x2001024c</run_address>
         <size>0x38</size>
         <input_file_ref idref="fl-10a"/>
      </object_component>
      <object_component id="oc-171">
         <name>.const:$P$T1$2</name>
         <load_address>0x20010284</load_address>
         <run_address>0x20010284</run_address>
         <size>0x2c</size>
         <input_file_ref idref="fl-2"/>
      </object_component>
      <object_component id="oc-550">
         <name>.const:g_ppulSPIIntMap</name>
         <load_address>0x200102b0</load_address>
         <run_address>0x200102b0</run_address>
         <size>0x24</size>
         <input_file_ref idref="fl-17"/>
      </object_component>
      <object_component id="oc-17d">
         <name>.const:.string:$P$T0$1</name>
         <load_address>0x200102d4</load_address>
         <run_address>0x200102d4</run_address>
         <size>0x22</size>
         <input_file_ref idref="fl-2"/>
      </object_component>
      <object_component id="oc-62b">
         <name>.const:RxMsgClassLUT</name>
         <load_address>0x200102f8</load_address>
         <run_address>0x200102f8</run_address>
         <size>0x20</size>
         <input_file_ref idref="fl-10a"/>
      </object_component>
      <object_component id="oc-382">
         <name>.const:g_pulPriority</name>
         <load_address>0x20010318</load_address>
         <run_address>0x20010318</run_address>
         <size>0x20</size>
         <input_file_ref idref="fl-12"/>
      </object_component>
      <object_component id="oc-38b">
         <name>.const:g_pulDisRegs</name>
         <load_address>0x20010338</load_address>
         <run_address>0x20010338</run_address>
         <size>0x18</size>
         <input_file_ref idref="fl-12"/>
      </object_component>
      <object_component id="oc-388">
         <name>.const:g_pulEnRegs</name>
         <load_address>0x20010350</load_address>
         <run_address>0x20010350</run_address>
         <size>0x18</size>
         <input_file_ref idref="fl-12"/>
      </object_component>
      <object_component id="oc-38e">
         <name>.const:g_pulPendRegs</name>
         <load_address>0x20010368</load_address>
         <run_address>0x20010368</run_address>
         <size>0x18</size>
         <input_file_ref idref="fl-12"/>
      </object_component>
      <object_component id="oc-391">
         <name>.const:g_pulUnpendRegs</name>
         <load_address>0x20010380</load_address>
         <run_address>0x20010380</run_address>
         <size>0x18</size>
         <input_file_ref idref="fl-12"/>
      </object_component>
      <object_component id="oc-553">
         <name>.const:g_ulSPIDmaMaskMap</name>
         <load_address>0x20010398</load_address>
         <run_address>0x20010398</run_address>
         <size>0x18</size>
         <input_file_ref idref="fl-17"/>
      </object_component>
      <object_component id="oc-624">
         <name>.const:$P$T0$1</name>
         <load_address>0x200103b0</load_address>
         <run_address>0x200103b0</run_address>
         <size>0x14</size>
         <input_file_ref idref="fl-10a"/>
      </object_component>
      <object_component id="oc-174">
         <name>.const:$P$T2$3</name>
         <load_address>0x200103c4</load_address>
         <run_address>0x200103c4</run_address>
         <size>0x14</size>
         <input_file_ref idref="fl-2"/>
      </object_component>
      <object_component id="oc-1cc">
         <name>.const:.string:$P$T5$6</name>
         <load_address>0x200103d8</load_address>
         <run_address>0x200103d8</run_address>
         <size>0x14</size>
         <input_file_ref idref="fl-2"/>
      </object_component>
      <object_component id="oc-197">
         <name>.const:$P$T4$5</name>
         <load_address>0x200103ec</load_address>
         <run_address>0x200103ec</run_address>
         <size>0x10</size>
         <input_file_ref idref="fl-2"/>
      </object_component>
      <object_component id="oc-4ad">
         <name>.const:.string:_SlPayloadByProtocolLUT</name>
         <load_address>0x200103fc</load_address>
         <run_address>0x200103fc</run_address>
         <size>0x10</size>
         <input_file_ref idref="fl-10d"/>
      </object_component>
      <object_component id="oc-3b5">
         <name>.const:g_ppulUARTIntMap</name>
         <load_address>0x2001040c</load_address>
         <run_address>0x2001040c</run_address>
         <size>0x10</size>
         <input_file_ref idref="fl-1a"/>
      </object_component>
      <object_component id="oc-18a">
         <name>.const:.string:$P$T3$4</name>
         <load_address>0x2001041c</load_address>
         <run_address>0x2001041c</run_address>
         <size>0xe</size>
         <input_file_ref idref="fl-2"/>
      </object_component>
      <object_component id="oc-432">
         <name>.const:StartResponseLUT</name>
         <load_address>0x2001042a</load_address>
         <run_address>0x2001042a</run_address>
         <size>0x8</size>
         <input_file_ref idref="fl-109"/>
      </object_component>
      <object_component id="oc-627">
         <name>.const:g_H2NCnysPattern</name>
         <load_address>0x20010434</load_address>
         <run_address>0x20010434</run_address>
         <size>0x8</size>
         <input_file_ref idref="fl-10a"/>
      </object_component>
      <object_component id="oc-589">
         <name>.const:g_H2NSyncPattern</name>
         <load_address>0x2001043c</load_address>
         <run_address>0x2001043c</run_address>
         <size>0x8</size>
         <input_file_ref idref="fl-10a"/>
      </object_component>
      <object_component id="oc-1df">
         <name>.const:.string:$P$T6$7</name>
         <load_address>0x20010444</load_address>
         <run_address>0x20010444</run_address>
         <size>0x5</size>
         <input_file_ref idref="fl-2"/>
      </object_component>
      <object_component id="oc-352">
         <name>.const:$P$T0$1</name>
         <load_address>0x2001044a</load_address>
         <run_address>0x2001044a</run_address>
         <size>0x4</size>
         <input_file_ref idref="fl-10d"/>
      </object_component>
      <object_component id="oc-368">
         <name>.const:_SlAcceptCmdCtrl</name>
         <load_address>0x2001044e</load_address>
         <run_address>0x2001044e</run_address>
         <size>0x4</size>
         <input_file_ref idref="fl-10d"/>
      </object_component>
      <object_component id="oc-2ec">
         <name>.const:_SlDeviceGetCmdCtrl</name>
         <load_address>0x20010452</load_address>
         <run_address>0x20010452</run_address>
         <size>0x4</size>
         <input_file_ref idref="fl-109"/>
      </object_component>
      <object_component id="oc-35a">
         <name>.const:_SlListenCmdCtrl</name>
         <load_address>0x20010456</load_address>
         <run_address>0x20010456</run_address>
         <size>0x4</size>
         <input_file_ref idref="fl-10d"/>
      </object_component>
      <object_component id="oc-6c6">
         <name>.const:_SlNetAppSendTokenValueCmdCtrl</name>
         <load_address>0x2001045a</load_address>
         <run_address>0x2001045a</run_address>
         <size>0x4</size>
         <input_file_ref idref="fl-10b"/>
      </object_component>
      <object_component id="oc-326">
         <name>.const:_SlNetCfgGetCmdCtrl</name>
         <load_address>0x2001045e</load_address>
         <run_address>0x2001045e</run_address>
         <size>0x4</size>
         <input_file_ref idref="fl-10c"/>
      </object_component>
      <object_component id="oc-304">
         <name>.const:_SlNetCfgSetCmdCtrl</name>
         <load_address>0x20010462</load_address>
         <run_address>0x20010462</run_address>
         <size>0x4</size>
         <input_file_ref idref="fl-10c"/>
      </object_component>
      <object_component id="oc-2f5">
         <name>.const:_SlPolicySetCmdCtrl</name>
         <load_address>0x20010466</load_address>
         <run_address>0x20010466</run_address>
         <size>0x4</size>
         <input_file_ref idref="fl-10e"/>
      </object_component>
      <object_component id="oc-2f9">
         <name>.const:_SlProfileDelCmdCtrl</name>
         <load_address>0x2001046a</load_address>
         <run_address>0x2001046a</run_address>
         <size>0x4</size>
         <input_file_ref idref="fl-10e"/>
      </object_component>
      <object_component id="oc-47d">
         <name>.const:_SlRegisterServiceCtrl</name>
         <load_address>0x2001046e</load_address>
         <run_address>0x2001046e</run_address>
         <size>0x4</size>
         <input_file_ref idref="fl-10b"/>
      </object_component>
      <object_component id="oc-31e">
         <name>.const:_SlRxFilterSetCmdCtrl</name>
         <load_address>0x20010472</load_address>
         <run_address>0x20010472</run_address>
         <size>0x4</size>
         <input_file_ref idref="fl-10e"/>
      </object_component>
      <object_component id="oc-378">
         <name>.const:_SlSendCmdCtrl</name>
         <load_address>0x20010476</load_address>
         <run_address>0x20010476</run_address>
         <size>0x4</size>
         <input_file_ref idref="fl-10d"/>
      </object_component>
      <object_component id="oc-35e">
         <name>.const:_SlSetSockOptCmdCtrl</name>
         <load_address>0x2001047a</load_address>
         <run_address>0x2001047a</run_address>
         <size>0x4</size>
         <input_file_ref idref="fl-10d"/>
      </object_component>
      <object_component id="oc-356">
         <name>.const:_SlSockCloseCmdCtrl</name>
         <load_address>0x2001047e</load_address>
         <run_address>0x2001047e</run_address>
         <size>0x4</size>
         <input_file_ref idref="fl-10d"/>
      </object_component>
      <object_component id="oc-343">
         <name>.const:_SlSockSocketCmdCtrl</name>
         <load_address>0x20010482</load_address>
         <run_address>0x20010482</run_address>
         <size>0x4</size>
         <input_file_ref idref="fl-10d"/>
      </object_component>
      <object_component id="oc-2dd">
         <name>.const:_SlStopCmdCtrl</name>
         <load_address>0x20010486</load_address>
         <run_address>0x20010486</run_address>
         <size>0x4</size>
         <input_file_ref idref="fl-109"/>
      </object_component>
      <object_component id="oc-30e">
         <name>.const:_SlWlanCfgSetCmdCtrl</name>
         <load_address>0x2001048a</load_address>
         <run_address>0x2001048a</run_address>
         <size>0x4</size>
         <input_file_ref idref="fl-10e"/>
      </object_component>
      <object_component id="oc-2c1">
         <name>.const:_SlWlanSetModeCmdCtrl</name>
         <load_address>0x2001048e</load_address>
         <run_address>0x2001048e</run_address>
         <size>0x4</size>
         <input_file_ref idref="fl-10e"/>
      </object_component>
      <object_component id="oc-6f9">
         <name>.cinit..data.load</name>
         <load_address>0x20010498</load_address>
         <run_address>0x20010498</run_address>
         <size>0x33</size>
      </object_component>
      <object_component id="oc-6f7">
         <name>__TI_handler_table</name>
         <load_address>0x200104cc</load_address>
         <run_address>0x200104cc</run_address>
         <size>0xc</size>
      </object_component>
      <object_component id="oc-6fa">
         <name>.cinit..bss.load</name>
         <load_address>0x200104d8</load_address>
         <run_address>0x200104d8</run_address>
         <size>0x8</size>
      </object_component>
      <object_component id="oc-6f8">
         <name>__TI_cinit_table</name>
         <load_address>0x200104e0</load_address>
         <run_address>0x200104e0</run_address>
         <size>0x10</size>
      </object_component>
      <object_component id="oc-132">
         <name>.data</name>
         <load_address>0x20019394</load_address>
         <run_address>0x20019394</run_address>
         <size>0x10</size>
         <input_file_ref idref="fl-2"/>
      </object_component>
      <object_component id="oc-d4">
         <name>.data:$O1$$</name>
         <load_address>0x200193b4</load_address>
         <run_address>0x200193b4</run_address>
         <size>0xc</size>
         <input_file_ref idref="fl-e2"/>
      </object_component>
      <object_component id="oc-24b">
         <name>.data:$O1$$</name>
         <load_address>0x200193c0</load_address>
         <run_address>0x200193c0</run_address>
         <size>0xc</size>
         <input_file_ref idref="fl-e5"/>
      </object_component>
      <object_component id="oc-82">
         <name>.data</name>
         <load_address>0x200193f4</load_address>
         <run_address>0x200193f4</run_address>
         <size>0x4</size>
         <input_file_ref idref="fl-e9"/>
      </object_component>
      <object_component id="oc-d7">
         <name>.data:$O1$$</name>
         <load_address>0x200193e4</load_address>
         <run_address>0x200193e4</run_address>
         <size>0x8</size>
         <input_file_ref idref="fl-ee"/>
      </object_component>
      <object_component id="oc-5b6">
         <name>.data</name>
         <load_address>0x200193f0</load_address>
         <run_address>0x200193f0</run_address>
         <size>0x4</size>
         <input_file_ref idref="fl-101"/>
      </object_component>
      <object_component id="oc-330">
         <name>.data</name>
         <load_address>0x200193cc</load_address>
         <run_address>0x200193cc</run_address>
         <size>0xc</size>
         <input_file_ref idref="fl-103"/>
      </object_component>
      <object_component id="oc-95">
         <name>.data</name>
         <load_address>0x200193ec</load_address>
         <run_address>0x200193ec</run_address>
         <size>0x4</size>
         <input_file_ref idref="fl-104"/>
      </object_component>
      <object_component id="oc-91">
         <name>.data</name>
         <load_address>0x20019360</load_address>
         <run_address>0x20019360</run_address>
         <size>0x34</size>
         <input_file_ref idref="fl-107"/>
      </object_component>
      <object_component id="oc-2a6">
         <name>.data</name>
         <load_address>0x200193a4</load_address>
         <run_address>0x200193a4</run_address>
         <size>0xd</size>
         <input_file_ref idref="fl-10a"/>
      </object_component>
      <object_component id="oc-3e9">
         <name>.data</name>
         <load_address>0x200193d8</load_address>
         <run_address>0x200193d8</run_address>
         <size>0x9</size>
         <input_file_ref idref="fl-10f"/>
      </object_component>
      <object_component id="oc-261">
         <name>.bss</name>
         <uninitialized>true</uninitialized>
         <run_address>0x20019344</run_address>
         <size>0x4</size>
         <input_file_ref idref="fl-6"/>
      </object_component>
      <object_component id="oc-490">
         <name>.bss:xQueueRegistry</name>
         <uninitialized>true</uninitialized>
         <run_address>0x20019240</run_address>
         <size>0x50</size>
         <input_file_ref idref="fl-106"/>
      </object_component>
      <object_component id="oc-f1">
         <name>.bss:pxReadyTasksLists</name>
         <uninitialized>true</uninitialized>
         <run_address>0x20019178</run_address>
         <size>0xc8</size>
         <input_file_ref idref="fl-107"/>
      </object_component>
      <object_component id="oc-3d8">
         <name>.bss:g_StatMem</name>
         <uninitialized>true</uninitialized>
         <run_address>0x20019000</run_address>
         <size>0x178</size>
         <input_file_ref idref="fl-10a"/>
      </object_component>
      <object_component id="oc-1cb">
         <name>.common:g_cBsdBuf</name>
         <uninitialized>true</uninitialized>
         <run_address>0x2001934c</run_address>
         <size>0x4</size>
      </object_component>
      <object_component id="oc-fb">
         <name>.common:xDelayedTaskList1</name>
         <uninitialized>true</uninitialized>
         <run_address>0x200192e0</run_address>
         <size>0x14</size>
      </object_component>
      <object_component id="oc-fc">
         <name>.common:xDelayedTaskList2</name>
         <uninitialized>true</uninitialized>
         <run_address>0x200192f4</run_address>
         <size>0x14</size>
      </object_component>
      <object_component id="oc-f7">
         <name>.common:pxDelayedTaskList</name>
         <uninitialized>true</uninitialized>
         <run_address>0x20019354</run_address>
         <size>0x4</size>
      </object_component>
      <object_component id="oc-f8">
         <name>.common:pxOverflowDelayedTaskList</name>
         <uninitialized>true</uninitialized>
         <run_address>0x20019358</run_address>
         <size>0x4</size>
      </object_component>
      <object_component id="oc-fa">
         <name>.common:xPendingReadyList</name>
         <uninitialized>true</uninitialized>
         <run_address>0x20019308</run_address>
         <size>0x14</size>
      </object_component>
      <object_component id="oc-f4">
         <name>.common:xTasksWaitingTermination</name>
         <uninitialized>true</uninitialized>
         <run_address>0x20019330</run_address>
         <size>0x14</size>
      </object_component>
      <object_component id="oc-f9">
         <name>.common:xSuspendedTaskList</name>
         <uninitialized>true</uninitialized>
         <run_address>0x2001931c</run_address>
         <size>0x14</size>
      </object_component>
      <object_component id="oc-3db">
         <name>.common:RxIrqCnt</name>
         <uninitialized>true</uninitialized>
         <run_address>0x2001935c</run_address>
         <size>0x1</size>
      </object_component>
      <object_component id="oc-2a3">
         <name>.common:g_bDeviceRestartIsRequired</name>
         <uninitialized>true</uninitialized>
         <run_address>0x2001935d</run_address>
         <size>0x1</size>
      </object_component>
      <object_component id="oc-3ec">
         <name>.common:g_ucDinDout</name>
         <uninitialized>true</uninitialized>
         <run_address>0x20019290</run_address>
         <size>0x50</size>
      </object_component>
      <object_component id="oc-3f5">
         <name>.common:DMAMsgQ</name>
         <uninitialized>true</uninitialized>
         <run_address>0x20019348</run_address>
         <size>0x4</size>
      </object_component>
      <object_component id="oc-568">
         <name>.common:g_cDummy</name>
         <uninitialized>true</uninitialized>
         <run_address>0x20019350</run_address>
         <size>0x4</size>
      </object_component>
      <object_component id="oc-2a">
         <name>.sysmem</name>
         <uninitialized>true</uninitialized>
         <run_address>0x20017000</run_address>
         <size>0x8</size>
         <input_file_ref idref="fl-e5"/>
      </object_component>
      <object_component id="oc-6fc">
         <name>.sysmem</name>
         <uninitialized>true</uninitialized>
         <run_address>0x20017000</run_address>
         <size>0x0</size>
      </object_component>
      <object_component id="oc-29">
         <name>.stack</name>
         <uninitialized>true</uninitialized>
         <run_address>0x2002f800</run_address>
         <size>0x0</size>
         <input_file_ref idref="fl-de"/>
      </object_component>
      <object_component id="oc-6fb">
         <name>.stack</name>
         <uninitialized>true</uninitialized>
         <run_address>0x2002f800</run_address>
         <size>0x0</size>
      </object_component>
      <object_component id="oc-113">
         <name>.debug_info</name>
         <load_address>0x0</load_address>
         <run_address>0x0</run_address>
         <size>0xd8a</size>
         <input_file_ref idref="fl-2"/>
      </object_component>
      <object_component id="oc-133">
         <name>.debug_info</name>
         <load_address>0xd8a</load_address>
         <run_address>0xd8a</run_address>
[...]
      </symbol>
      <symbol id="sm-dcb">
         <name>vTaskDelayUntil</name>
         <value>0x2000459f</value>
         <object_component_ref idref="oc-8b"/>
      </symbol>
      <symbol id="sm-dcc">
         <name>uxTaskGetTaskNumber</name>
         <value>0x200050cd</value>
         <object_component_ref idref="oc-8b"/>
      </symbol>
      <symbol id="sm-dcd">
         <name>vTaskEndScheduler</name>
         <value>0x20004a8d</value>
         <object_component_ref idref="oc-8b"/>
      </symbol>
      <symbol id="sm-dce">
         <name>vTaskMissedYield</name>
         <value>0x200050bf</value>
         <object_component_ref idref="oc-8b"/>
      </symbol>
      <symbol id="sm-dcf">
         <name>uxTaskGetNumberOfTasks</name>
         <value>0x20004ba9</value>
         <object_component_ref idref="oc-8b"/>
      </symbol>
      <symbol id="sm-dd0">
         <name>uxTaskPriorityGet</name>
         <value>0x20004725</value>
         <object_component_ref idref="oc-8b"/>
      </symbol>
      <symbol id="sm-dd1">
         <name>xTaskResumeAll</name>
         <value>0x20004ab1</value>
         <object_component_ref idref="oc-8b"/>
      </symbol>
      <symbol id="sm-dd2">
         <name>xTaskGetTickCount</name>
         <value>0x20004b7d</value>
         <object_component_ref idref="oc-8b"/>
      </symbol>
      <symbol id="sm-dd3">
         <name>xTaskGenericCreate</name>
         <value>0x20004401</value>
         <object_component_ref idref="oc-8b"/>
      </symbol>
      <symbol id="sm-dd4">
         <name>uxTaskGetSystemState</name>
         <value>0x20004bd9</value>
         <object_component_ref idref="oc-8b"/>
      </symbol>
      <symbol id="sm-dd5">
         <name>vTaskDelete</name>
         <value>0x2000450f</value>
         <object_component_ref idref="oc-8b"/>
      </symbol>
      <symbol id="sm-dd6">
         <name>pxCurrentTCB</name>
         <value>0x20019360</value>
         <object_component_ref idref="oc-91"/>
      </symbol>
      <symbol id="sm-dd7">
         <name>eTaskGetState</name>
         <value>0x20004691</value>
         <object_component_ref idref="oc-8b"/>
      </symbol>
      <symbol id="sm-dd8">
         <name>vTaskSuspend</name>
         <value>0x20004861</value>
         <object_component_ref idref="oc-8b"/>
      </symbol>
      <symbol id="sm-dd9">
         <name>xTaskGetIdleTaskHandle</name>
         <value>0x20004c97</value>
         <object_component_ref idref="oc-8b"/>
      </symbol>
      <symbol id="sm-dda">
         <name>xTaskGetTickCountFromISR</name>
         <value>0x20004b91</value>
         <object_component_ref idref="oc-8b"/>
      </symbol>
      <symbol id="sm-ddb">
         <name>vTaskResume</name>
         <value>0x20004955</value>
         <object_component_ref idref="oc-8b"/>
      </symbol>
      <symbol id="sm-ddc">
         <name>vTaskSetTimeOutState</name>
         <value>0x2000501f</value>
         <object_component_ref idref="oc-8b"/>
      </symbol>
      <symbol id="sm-ddd">
         <name>xTaskIncrementTick</name>
         <value>0x20004cb1</value>
         <object_component_ref idref="oc-8b"/>
      </symbol>
      <symbol id="sm-dde">
         <name>vTaskSwitchContext</name>
         <value>0x20004dd5</value>
         <object_component_ref idref="oc-8b"/>
      </symbol>
      <symbol id="sm-ddf">
         <name>uxTaskResetEventItemValue</name>
         <value>0x20005625</value>
         <object_component_ref idref="oc-8b"/>
      </symbol>
      <symbol id="sm-de0">
         <name>xTaskGetSchedulerState</name>
         <value>0x200054a9</value>
         <object_component_ref idref="oc-8b"/>
      </symbol>
      <symbol id="sm-de1">
         <name>xTaskResumeFromISR</name>
         <value>0x200049c9</value>
         <object_component_ref idref="oc-8b"/>
      </symbol>
      <symbol id="sm-de2">
         <name>xTaskGetCurrentTaskHandle</name>
         <value>0x20005495</value>
         <object_component_ref idref="oc-8b"/>
      </symbol>
      <symbol id="sm-de3">
         <name>vTaskPlaceOnUnorderedEventList</name>
         <value>0x20004eb9</value>
         <object_component_ref idref="oc-8b"/>
      </symbol>
      <symbol id="sm-de4">
         <name>xTaskRemoveFromEventList</name>
         <value>0x20004f2d</value>
         <object_component_ref idref="oc-8b"/>
      </symbol>
      <symbol id="sm-dfa">
         <name>uxListRemove</name>
         <value>0x2000d1db</value>
         <object_component_ref idref="oc-eb"/>
      </symbol>
      <symbol id="sm-dfb">
         <name>vListInsert</name>
         <value>0x2000d175</value>
         <object_component_ref idref="oc-eb"/>
      </symbol>
      <symbol id="sm-dfc">
         <name>vListInitialiseItem</name>
         <value>0x2000d129</value>
         <object_component_ref idref="oc-eb"/>
      </symbol>
      <symbol id="sm-dfd">
         <name>vListInsertEnd</name>
         <value>0x2000d139</value>
         <object_component_ref idref="oc-eb"/>
      </symbol>
      <symbol id="sm-dfe">
         <name>vListInitialise</name>
         <value>0x2000d0f9</value>
         <object_component_ref idref="oc-eb"/>
      </symbol>
      <symbol id="sm-e9c">
         <name>_sl_HandleAsync_InitComplete</name>
         <value>0x2000e9cd</value>
         <object_component_ref idref="oc-6b6"/>
      </symbol>
      <symbol id="sm-e9d">
         <name>_SlDrvDeviceEventHandler</name>
         <value>0x2000e415</value>
         <object_component_ref idref="oc-664"/>
      </symbol>
      <symbol id="sm-e9e">
         <name>_sl_HandleAsync_Stop</name>
         <value>0x2000f609</value>
         <object_component_ref idref="oc-6a0"/>
      </symbol>
      <symbol id="sm-e9f">
         <name>sl_Stop</name>
         <value>0x2000d659</value>
         <object_component_ref idref="oc-141"/>
      </symbol>
      <symbol id="sm-ea0">
         <name>sl_Start</name>
         <value>0x2000d749</value>
         <object_component_ref idref="oc-135"/>
      </symbol>
      <symbol id="sm-ea1">
         <name>sl_DevGet</name>
         <value>0x2000df15</value>
         <object_component_ref idref="oc-147"/>
      </symbol>
      <symbol id="sm-1134">
         <name>RxIrqCnt</name>
         <value>0x2001935c</value>
      </symbol>
      <symbol id="sm-1135">
         <name>g_bDeviceRestartIsRequired</name>
         <value>0x2001935d</value>
      </symbol>
      <symbol id="sm-1136">
         <name>_SlDrvProtectionObjUnLock</name>
         <value>0x2000fb99</value>
         <object_component_ref idref="oc-408"/>
      </symbol>
      <symbol id="sm-1137">
         <name>_SlDrvBasicCmd</name>
         <value>0x2000f789</value>
         <object_component_ref idref="oc-2fd"/>
      </symbol>
      <symbol id="sm-1138">
         <name>_SlDrvObjUnLock</name>
         <value>0x2000fc69</value>
         <object_component_ref idref="oc-4b7"/>
      </symbol>
      <symbol id="sm-1139">
         <name>_SlDrvObjLockWaitForever</name>
         <value>0x2000fc05</value>
         <object_component_ref idref="oc-4b1"/>
      </symbol>
      <symbol id="sm-113a">
         <name>_SlDrvMsgReadSpawnCtx</name>
         <value>0x2000d91d</value>
         <object_component_ref idref="oc-444"/>
      </symbol>
      <symbol id="sm-113b">
         <name>_SlDrvDispatchHttpServerEvents</name>
         <value>0x2000fd9d</value>
         <object_component_ref idref="oc-678"/>
      </symbol>
      <symbol id="sm-113c">
         <name>_SlDriverHandleError</name>
         <value>0x2000e2d9</value>
         <object_component_ref idref="oc-41e"/>
      </symbol>
      <symbol id="sm-113d">
         <name>_SlDrvDriverCBDeinit</name>
         <value>0x2000d225</value>
         <object_component_ref idref="oc-2d7"/>
      </symbol>
      <symbol id="sm-113e">
         <name>_SlDrvStartMeasureTimeout</name>
         <value>0x2000fcc3</value>
         <object_component_ref idref="oc-618"/>
      </symbol>
      <symbol id="sm-113f">
         <name>_SlDrvResetCmdExt</name>
         <value>0x2000fdad</value>
         <object_component_ref idref="oc-2e6"/>
      </symbol>
      <symbol id="sm-1140">
         <name>_SlDrvIsTimeoutExpired</name>
         <value>0x2000e941</value>
         <object_component_ref idref="oc-61e"/>
      </symbol>
      <symbol id="sm-1141">
         <name>_SlDrvProtectAsyncRespSetting</name>
         <value>0x2000f659</value>
         <object_component_ref idref="oc-279"/>
      </symbol>
      <symbol id="sm-1142">
         <name>_SlDrvReleasePoolObj</name>
         <value>0x2000bf45</value>
         <object_component_ref idref="oc-297"/>
      </symbol>
      <symbol id="sm-1143">
         <name>OpcodeTranslateTable</name>
         <value>0x20010210</value>
         <object_component_ref idref="oc-5ec"/>
      </symbol>
      <symbol id="sm-1144">
         <name>pPingCallBackFunc</name>
         <value>0x200193ac</value>
         <object_component_ref idref="oc-2a6"/>
      </symbol>
      <symbol id="sm-1145">
         <name>_SlDrvDriverCBInit</name>
         <value>0x2000c625</value>
         <object_component_ref idref="oc-26d"/>
      </symbol>
      <symbol id="sm-1146">
         <name>g_pCB</name>
         <value>0x200193a8</value>
         <object_component_ref idref="oc-2a6"/>
      </symbol>
      <symbol id="sm-1147">
         <name>_SlDrvProtectionObjLockWaitForever</name>
         <value>0x2000fb25</value>
         <object_component_ref idref="oc-402"/>
      </symbol>
      <symbol id="sm-1148">
         <name>_SlDrvCmdOp</name>
         <value>0x2000e0a5</value>
         <object_component_ref idref="oc-2bb"/>
      </symbol>
      <symbol id="sm-1149">
         <name>_SlDrvSyncObjWaitTimeout</name>
         <value>0x2000f85d</value>
         <object_component_ref idref="oc-291"/>
      </symbol>
      <symbol id="sm-114a">
         <name>_SlDrvGlobalObjUnLock</name>
         <value>0x2000fb75</value>
         <object_component_ref idref="oc-453"/>
      </symbol>
      <symbol id="sm-114b">
         <name>_SlDrvMemZero</name>
         <value>0x2000fd49</value>
         <object_component_ref idref="oc-3d2"/>
      </symbol>
      <symbol id="sm-114c">
         <name>_SlDrvWaitForPoolObj</name>
         <value>0x2000c7b5</value>
         <object_component_ref idref="oc-3fc"/>
      </symbol>
      <symbol id="sm-114d">
         <name>_SlDrvSyncObjSignal</name>
         <value>0x2000fc87</value>
         <object_component_ref idref="oc-42b"/>
      </symbol>
      <symbol id="sm-114e">
         <name>_SlDrvDataWriteOp</name>
         <value>0x2000cc05</value>
         <object_component_ref idref="oc-372"/>
      </symbol>
      <symbol id="sm-114f">
         <name>_SlDrvRxIrqHandler</name>
         <value>0x2000f5b9</value>
         <object_component_ref idref="oc-2a9"/>
      </symbol>
      <symbol id="sm-1150">
         <name>_SlDrvSyncObjWaitForever</name>
         <value>0x2000fbbd</value>
         <object_component_ref idref="oc-362"/>
      </symbol>
      <symbol id="sm-1151">
         <name>g_SlDeviceStatus</name>
         <value>0x200193a4</value>
         <object_component_ref idref="oc-2a6"/>
      </symbol>
      <symbol id="sm-1152">
         <name>_SlDrvCmdSend</name>
         <value>0x2000f06d</value>
         <object_component_ref idref="oc-6c0"/>
      </symbol>
      <symbol id="sm-1153">
         <name>_SlActionLookupTable</name>
         <value>0x2001024c</value>
         <object_component_ref idref="oc-648"/>
      </symbol>
      <symbol id="sm-11da">
         <name>sl_NetAppMDNSUnRegisterService</name>
         <value>0x2000f27d</value>
         <object_component_ref idref="oc-16b"/>
      </symbol>
      <symbol id="sm-11db">
         <name>_SlNetAppSendTokenValueCmdCtrl</name>
         <value>0x2001045a</value>
         <object_component_ref idref="oc-6c6"/>
      </symbol>
      <symbol id="sm-11dc">
         <name>_sl_HandleAsync_DnsGetHostByName</name>
         <value>0x2000e679</value>
         <object_component_ref idref="oc-66c"/>
      </symbol>
      <symbol id="sm-11dd">
         <name>_sl_HandleAsync_PingResponse</name>
         <value>0x2000e709</value>
         <object_component_ref idref="oc-634"/>
      </symbol>
      <symbol id="sm-11de">
         <name>_SlDrvNetAppEventHandler</name>
         <value>0x2000d459</value>
         <object_component_ref idref="oc-62e"/>
      </symbol>
      <symbol id="sm-11df">
         <name>_sl_HandleAsync_DnsGetHostByService</name>
         <value>0x2000de49</value>
         <object_component_ref idref="oc-672"/>
      </symbol>
      <symbol id="sm-11e0">
         <name>_sl_NetAppSendTokenValue</name>
         <value>0x2000f0d9</value>
         <object_component_ref idref="oc-67e"/>
      </symbol>
      <symbol id="sm-11e1">
         <name>sl_NetAppMDNSRegisterUnregisterService</name>
         <value>0x2000da05</value>
         <object_component_ref idref="oc-312"/>
      </symbol>
      <symbol id="sm-1221">
         <name>sl_NetCfgGet</name>
         <value>0x2000dca1</value>
         <object_component_ref idref="oc-18b"/>
      </symbol>
      <symbol id="sm-1222">
         <name>sl_NetCfgSet</name>
         <value>0x2000e4b1</value>
         <object_component_ref idref="oc-15f"/>
      </symbol>
      <symbol id="sm-1336">
         <name>sl_Accept</name>
         <value>0x2000c115</value>
         <object_component_ref idref="oc-1be"/>
      </symbol>
      <symbol id="sm-1337">
         <name>sl_Send</name>
         <value>0x2000cfc5</value>
         <object_component_ref idref="oc-1c5"/>
      </symbol>
      <symbol id="sm-1338">
         <name>_sl_HandleAsync_Connect</name>
         <value>0x2000ed89</value>
         <object_component_ref idref="oc-694"/>
      </symbol>
      <symbol id="sm-1339">
         <name>sl_Htons</name>
         <value>0x2000f995</value>
         <object_component_ref idref="oc-19a"/>
      </symbol>
      <symbol id="sm-133a">
         <name>sl_Socket</name>
         <value>0x2000ea59</value>
         <object_component_ref idref="oc-1a0"/>
      </symbol>
      <symbol id="sm-133b">
         <name>_sl_HandleAsync_Select</name>
         <value>0x2000f4bd</value>
         <object_component_ref idref="oc-69a"/>
      </symbol>
      <symbol id="sm-133c">
         <name>sl_Close</name>
         <value>0x2000f2e1</value>
         <object_component_ref idref="oc-1ac"/>
      </symbol>
      <symbol id="sm-133d">
         <name>_sl_HandleAsync_Accept</name>
         <value>0x2000f219</value>
         <object_component_ref idref="oc-68e"/>
      </symbol>
      <symbol id="sm-133e">
         <name>sl_SetSockOpt</name>
         <value>0x2000e549</value>
         <object_component_ref idref="oc-1b8"/>
      </symbol>
      <symbol id="sm-133f">
         <name>sl_Listen</name>
         <value>0x2000f145</value>
         <object_component_ref idref="oc-1b2"/>
      </symbol>
      <symbol id="sm-1340">
         <name>sl_Bind</name>
         <value>0x2000e221</value>
         <object_component_ref idref="oc-1a6"/>
      </symbol>
      <symbol id="sm-13d1">
         <name>sl_WlanDisconnect</name>
         <value>0x2000fa09</value>
         <object_component_ref idref="oc-159"/>
      </symbol>
      <symbol id="sm-13d2">
         <name>sl_WlanPolicySet</name>
         <value>0x2000e799</value>
         <object_component_ref idref="oc-14d"/>
      </symbol>
      <symbol id="sm-13d3">
         <name>sl_WlanProfileDel</name>
         <value>0x2000f341</value>
         <object_component_ref idref="oc-153"/>
      </symbol>
      <symbol id="sm-13d4">
         <name>sl_WlanRxFilterSet</name>
         <value>0x2000ed05</value>
         <object_component_ref idref="oc-177"/>
      </symbol>
      <symbol id="sm-13d5">
         <name>sl_WlanSet</name>
         <value>0x2000e5e1</value>
         <object_component_ref idref="oc-165"/>
      </symbol>
      <symbol id="sm-13d6">
         <name>sl_WlanSetMode</name>
         <value>0x2000f3a1</value>
         <object_component_ref idref="oc-13b"/>
      </symbol>
      <symbol id="sm-14ee">
         <name>g_ucDinDout</name>
         <value>0x20019290</value>
      </symbol>
      <symbol id="sm-14ef">
         <name>DMAMsgQ</name>
         <value>0x20019348</value>
      </symbol>
      <symbol id="sm-14f0">
         <name>g_cDummy</name>
         <value>0x20019350</value>
      </symbol>
      <symbol id="sm-14f1">
         <name>NwpMaskInterrupt</name>
         <value>0x2000fdd9</value>
         <object_component_ref idref="oc-40f"/>
      </symbol>
      <symbol id="sm-14f2">
         <name>NwpPrePowerOffTimout0</name>
         <value>0x2000fc29</value>
         <object_component_ref idref="oc-2cb"/>
      </symbol>
      <symbol id="sm-14f3">
         <name>NwpRegisterInterruptHandler</name>
         <value>0x2000fb4d</value>
         <object_component_ref idref="oc-285"/>
      </symbol>
      <symbol id="sm-14f4">
         <name>g_pHostIntHdl</name>
         <value>0x200193dc</value>
         <object_component_ref idref="oc-3e9"/>
      </symbol>
      <symbol id="sm-14f5">
         <name>simplelink_timerA2_start</name>
         <value>0x2000f959</value>
         <object_component_ref idref="oc-6a9"/>
      </symbol>
      <symbol id="sm-14f6">
         <name>NwpUnMaskInterrupt</name>
         <value>0x2000fde5</value>
         <object_component_ref idref="oc-417"/>
      </symbol>
      <symbol id="sm-14f7">
         <name>NwpPowerOff</name>
         <value>0x2000f9d1</value>
         <object_component_ref idref="oc-27f"/>
      </symbol>
      <symbol id="sm-14f8">
         <name>TimerGetCurrentTimestamp</name>
         <value>0x2000fc49</value>
         <object_component_ref idref="oc-658"/>
      </symbol>
      <symbol id="sm-14f9">
         <name>spi_Read</name>
         <value>0x2000dbc5</value>
         <object_component_ref idref="oc-5df"/>
      </symbol>
      <symbol id="sm-14fa">
         <name>DmaSpiSwIntHandler</name>
         <value>0x2000faa5</value>
         <object_component_ref idref="oc-3ef"/>
      </symbol>
      <symbol id="sm-14fb">
         <name>NwpPowerOn</name>
         <value>0x2000fad1</value>
         <object_component_ref idref="oc-28b"/>
      </symbol>
      <symbol id="sm-14fc">
         <name>spi_Close</name>
         <value>0x2000ef85</value>
         <object_component_ref idref="oc-2d1"/>
      </symbol>
      <symbol id="sm-14fd">
         <name>spi_Write</name>
         <value>0x2000eae5</value>
         <object_component_ref idref="oc-583"/>
      </symbol>
      <symbol id="sm-14fe">
         <name>spi_Open</name>
         <value>0x2000cab5</value>
         <object_component_ref idref="oc-273"/>
      </symbol>
      <symbol id="sm-14ff">
         <name>g_ucDMAEnabled</name>
         <value>0x200193e0</value>
         <object_component_ref idref="oc-3e9"/>
      </symbol>
      <symbol id="sm-1500">
         <name>g_SpiFd</name>
         <value>0x200193d8</value>
         <object_component_ref idref="oc-3e9"/>
      </symbol>
      <symbol id="sm-1501">
         <name>__TI_static_base__</name>
         <value>0x20010498</value>
      </symbol>
      <symbol id="sm-1504">
         <name>SHT$$INIT_ARRAY$$Limit</name>
         <value>0x0</value>
      </symbol>
      <symbol id="sm-1505">
         <name>SHT$$INIT_ARRAY$$Base</name>
         <value>0x0</value>
      </symbol>
   </symbol_table>
   <title>Link successful</title>
</link_info>
