<?xml version="1.0"?>
<link_info>
   <banner>TI ARM Linker PC v16.9.4.LTS</banner>
   <copyright>Copyright (c) 1996-2017 Texas Instruments Incorporated</copyright>
   <link_time>0x5e669a9b</link_time>
   <link_errors>0x0</link_errors>
   <output_file>HighRise.out</output_file>
   <entry_point>
      <name>_c_int00</name>
      <address>0x2000fef5</address>
   </entry_point>
   <input_file_list>
      <input_file id="fl-2">
         <path>.\</path>
         <kind>object</kind>
         <file>main.obj</file>
         <name>main.obj</name>
      </input_file>
      <input_file id="fl-3">
         <path>.\</path>
         <kind>object</kind>
         <file>network_common.obj</file>
         <name>network_common.obj</name>
      </input_file>
      <input_file id="fl-4">
         <path>.\</path>
         <kind>object</kind>
         <file>pinmux.obj</file>
         <name>pinmux.obj</name>
      </input_file>
      <input_file id="fl-5">
         <path>.\</path>
         <kind>object</kind>
         <file>startup_ccs.obj</file>
         <name>startup_ccs.obj</name>
      </input_file>
      <input_file id="fl-6">
         <path>.\</path>
         <kind>object</kind>
         <file>uart_if.obj</file>
         <name>uart_if.obj</name>
      </input_file>
      <input_file id="fl-7">
         <path>.\</path>
         <kind>object</kind>
         <file>udma_if.obj</file>
         <name>udma_if.obj</name>
      </input_file>
      <input_file id="fl-8">
         <path>.\driverlib\</path>
         <kind>object</kind>
         <file>adc.obj</file>
         <name>adc.obj</name>
      </input_file>
      <input_file id="fl-9">
         <path>.\driverlib\</path>
         <kind>object</kind>
         <file>aes.obj</file>
         <name>aes.obj</name>
      </input_file>
      <input_file id="fl-a">
         <path>.\driverlib\</path>
         <kind>object</kind>
         <file>camera.obj</file>
         <name>camera.obj</name>
      </input_file>
      <input_file id="fl-b">
         <path>.\driverlib\</path>
         <kind>object</kind>
         <file>cpu.obj</file>
         <name>cpu.obj</name>
      </input_file>
      <input_file id="fl-c">
         <path>.\driverlib\</path>
         <kind>object</kind>
         <file>crc.obj</file>
         <name>crc.obj</name>
      </input_file>
      <input_file id="fl-d">
         <path>.\driverlib\</path>
         <kind>object</kind>
         <file>des.obj</file>
         <name>des.obj</name>
      </input_file>
      <input_file id="fl-e">
         <path>.\driverlib\</path>
         <kind>object</kind>
         <file>flash.obj</file>
         <name>flash.obj</name>
      </input_file>
      <input_file id="fl-f">
         <path>.\driverlib\</path>
         <kind>object</kind>
         <file>gpio.obj</file>
         <name>gpio.obj</name>
      </input_file>
      <input_file id="fl-10">
         <path>.\driverlib\</path>
         <kind>object</kind>
         <file>hwspinlock.obj</file>
         <name>hwspinlock.obj</name>
      </input_file>
      <input_file id="fl-11">
         <path>.\driverlib\</path>
         <kind>object</kind>
         <file>i2c.obj</file>
         <name>i2c.obj</name>
      </input_file>
      <input_file id="fl-12">
         <path>.\driverlib\</path>
         <kind>object</kind>
         <file>i2s.obj</file>
         <name>i2s.obj</name>
      </input_file>
      <input_file id="fl-13">
         <path>.\driverlib\</path>
         <kind>object</kind>
         <file>interrupt.obj</file>
         <name>interrupt.obj</name>
      </input_file>
      <input_file id="fl-14">
         <path>.\driverlib\</path>
         <kind>object</kind>
         <file>pin.obj</file>
         <name>pin.obj</name>
      </input_file>
      <input_file id="fl-15">
         <path>.\driverlib\</path>
         <kind>object</kind>
         <file>prcm.obj</file>
         <name>prcm.obj</name>
      </input_file>
      <input_file id="fl-16">
         <path>.\driverlib\</path>
         <kind>object</kind>
         <file>sdhost.obj</file>
         <name>sdhost.obj</name>
      </input_file>
      <input_file id="fl-17">
         <path>.\driverlib\</path>
         <kind>object</kind>
         <file>shamd5.obj</file>
         <name>shamd5.obj</name>
      </input_file>
      <input_file id="fl-18">
         <path>.\driverlib\</path>
         <kind>object</kind>
         <file>spi.obj</file>
         <name>spi.obj</name>
      </input_file>
      <input_file id="fl-19">
         <path>.\driverlib\</path>
         <kind>object</kind>
         <file>systick.obj</file>
         <name>systick.obj</name>
      </input_file>
      <input_file id="fl-1a">
         <path>.\driverlib\</path>
         <kind>object</kind>
         <file>timer.obj</file>
         <name>timer.obj</name>
      </input_file>
      <input_file id="fl-1b">
         <path>.\driverlib\</path>
         <kind>object</kind>
         <file>uart.obj</file>
         <name>uart.obj</name>
      </input_file>
      <input_file id="fl-1c">
         <path>.\driverlib\</path>
         <kind>object</kind>
         <file>udma.obj</file>
         <name>udma.obj</name>
      </input_file>
      <input_file id="fl-1d">
         <path>.\driverlib\</path>
         <kind>object</kind>
         <file>utils.obj</file>
         <name>utils.obj</name>
      </input_file>
      <input_file id="fl-1e">
         <path>.\driverlib\</path>
         <kind>object</kind>
         <file>wdt.obj</file>
         <name>wdt.obj</name>
      </input_file>
      <input_file id="fl-29">
         <kind>object</kind>
         <file>&lt;internal&gt;</file>
         <name>&lt;internal&gt;</name>
      </input_file>
      <input_file id="fl-df">
         <path>C:\ti\ccsv7\tools\compiler\ti-cgt-arm_16.9.4.LTS\lib\</path>
         <kind>archive</kind>
         <file>rtsv7M4_T_le_eabi.lib</file>
         <name>boot.obj</name>
      </input_file>
      <input_file id="fl-e0">
         <path>C:\ti\ccsv7\tools\compiler\ti-cgt-arm_16.9.4.LTS\lib\</path>
         <kind>archive</kind>
         <file>rtsv7M4_T_le_eabi.lib</file>
         <name>copy_decompress_lzss.obj</name>
      </input_file>
      <input_file id="fl-e1">
         <path>C:\ti\ccsv7\tools\compiler\ti-cgt-arm_16.9.4.LTS\lib\</path>
         <kind>archive</kind>
         <file>rtsv7M4_T_le_eabi.lib</file>
         <name>copy_decompress_none.obj</name>
      </input_file>
      <input_file id="fl-e2">
         <path>C:\ti\ccsv7\tools\compiler\ti-cgt-arm_16.9.4.LTS\lib\</path>
         <kind>archive</kind>
         <file>rtsv7M4_T_le_eabi.lib</file>
         <name>copy_zero_init.obj</name>
      </input_file>
      <input_file id="fl-e3">
         <path>C:\ti\ccsv7\tools\compiler\ti-cgt-arm_16.9.4.LTS\lib\</path>
         <kind>archive</kind>
         <file>rtsv7M4_T_le_eabi.lib</file>
         <name>exit.obj</name>
      </input_file>
      <input_file id="fl-e4">
         <path>C:\ti\ccsv7\tools\compiler\ti-cgt-arm_16.9.4.LTS\lib\</path>
         <kind>archive</kind>
         <file>rtsv7M4_T_le_eabi.lib</file>
         <name>memcpy_t2.obj</name>
      </input_file>
      <input_file id="fl-e5">
         <path>C:\ti\ccsv7\tools\compiler\ti-cgt-arm_16.9.4.LTS\lib\</path>
         <kind>archive</kind>
         <file>rtsv7M4_T_le_eabi.lib</file>
         <name>memmov.obj</name>
      </input_file>
      <input_file id="fl-e6">
         <path>C:\ti\ccsv7\tools\compiler\ti-cgt-arm_16.9.4.LTS\lib\</path>
         <kind>archive</kind>
         <file>rtsv7M4_T_le_eabi.lib</file>
         <name>memory.obj</name>
      </input_file>
      <input_file id="fl-e7">
         <path>C:\ti\ccsv7\tools\compiler\ti-cgt-arm_16.9.4.LTS\lib\</path>
         <kind>archive</kind>
         <file>rtsv7M4_T_le_eabi.lib</file>
         <name>memset_t2.obj</name>
      </input_file>
      <input_file id="fl-e8">
         <path>C:\ti\ccsv7\tools\compiler\ti-cgt-arm_16.9.4.LTS\lib\</path>
         <kind>archive</kind>
         <file>rtsv7M4_T_le_eabi.lib</file>
         <name>mpu_init.obj</name>
      </input_file>
      <input_file id="fl-e9">
         <path>C:\ti\ccsv7\tools\compiler\ti-cgt-arm_16.9.4.LTS\lib\</path>
         <kind>archive</kind>
         <file>rtsv7M4_T_le_eabi.lib</file>
         <name>pre_init.obj</name>
      </input_file>
      <input_file id="fl-ea">
         <path>C:\ti\ccsv7\tools\compiler\ti-cgt-arm_16.9.4.LTS\lib\</path>
         <kind>archive</kind>
         <file>rtsv7M4_T_le_eabi.lib</file>
         <name>stkdepth_vars.obj</name>
      </input_file>
      <input_file id="fl-eb">
         <path>C:\ti\ccsv7\tools\compiler\ti-cgt-arm_16.9.4.LTS\lib\</path>
         <kind>archive</kind>
         <file>rtsv7M4_T_le_eabi.lib</file>
         <name>strlen.obj</name>
      </input_file>
      <input_file id="fl-ec">
         <path>C:\ti\ccsv7\tools\compiler\ti-cgt-arm_16.9.4.LTS\lib\</path>
         <kind>archive</kind>
         <file>rtsv7M4_T_le_eabi.lib</file>
         <name>ull_div_t2.obj</name>
      </input_file>
      <input_file id="fl-ed">
         <path>C:\ti\ccsv7\tools\compiler\ti-cgt-arm_16.9.4.LTS\lib\</path>
         <kind>archive</kind>
         <file>rtsv7M4_T_le_eabi.lib</file>
         <name>vsnprintf.obj</name>
      </input_file>
      <input_file id="fl-ee">
         <path>C:\ti\ccsv7\tools\compiler\ti-cgt-arm_16.9.4.LTS\lib\</path>
         <kind>archive</kind>
         <file>rtsv7M4_T_le_eabi.lib</file>
         <name>_lock.obj</name>
      </input_file>
      <input_file id="fl-ef">
         <path>C:\ti\ccsv7\tools\compiler\ti-cgt-arm_16.9.4.LTS\lib\</path>
         <kind>archive</kind>
         <file>rtsv7M4_T_le_eabi.lib</file>
         <name>_printfi.obj</name>
      </input_file>
      <input_file id="fl-f0">
         <path>C:\ti\ccsv7\tools\compiler\ti-cgt-arm_16.9.4.LTS\lib\</path>
         <kind>archive</kind>
         <file>rtsv7M4_T_le_eabi.lib</file>
         <name>args_main.obj</name>
      </input_file>
      <input_file id="fl-f1">
         <path>C:\ti\ccsv7\tools\compiler\ti-cgt-arm_16.9.4.LTS\lib\</path>
         <kind>archive</kind>
         <file>rtsv7M4_T_le_eabi.lib</file>
         <name>atoi.obj</name>
      </input_file>
      <input_file id="fl-f2">
         <path>C:\ti\ccsv7\tools\compiler\ti-cgt-arm_16.9.4.LTS\lib\</path>
         <kind>archive</kind>
         <file>rtsv7M4_T_le_eabi.lib</file>
         <name>autoinit.obj</name>
      </input_file>
      <input_file id="fl-f3">
         <path>C:\ti\ccsv7\tools\compiler\ti-cgt-arm_16.9.4.LTS\lib\</path>
         <kind>archive</kind>
         <file>rtsv7M4_T_le_eabi.lib</file>
         <name>cpy_tbl.obj</name>
      </input_file>
      <input_file id="fl-f4">
         <path>C:\ti\ccsv7\tools\compiler\ti-cgt-arm_16.9.4.LTS\lib\</path>
         <kind>archive</kind>
         <file>rtsv7M4_T_le_eabi.lib</file>
         <name>ctype.obj</name>
      </input_file>
      <input_file id="fl-f5">
         <path>C:\ti\ccsv7\tools\compiler\ti-cgt-arm_16.9.4.LTS\lib\</path>
         <kind>archive</kind>
         <file>rtsv7M4_T_le_eabi.lib</file>
         <name>fd_add_t2.obj</name>
      </input_file>
      <input_file id="fl-f6">
         <path>C:\ti\ccsv7\tools\compiler\ti-cgt-arm_16.9.4.LTS\lib\</path>
         <kind>archive</kind>
         <file>rtsv7M4_T_le_eabi.lib</file>
         <name>fd_cmp_t2.obj</name>
      </input_file>
      <input_file id="fl-f7">
         <path>C:\ti\ccsv7\tools\compiler\ti-cgt-arm_16.9.4.LTS\lib\</path>
         <kind>archive</kind>
         <file>rtsv7M4_T_le_eabi.lib</file>
         <name>fd_div_t2.obj</name>
      </input_file>
      <input_file id="fl-f8">
         <path>C:\ti\ccsv7\tools\compiler\ti-cgt-arm_16.9.4.LTS\lib\</path>
         <kind>archive</kind>
         <file>rtsv7M4_T_le_eabi.lib</file>
         <name>fd_mul_t2.obj</name>
      </input_file>
      <input_file id="fl-f9">
         <path>C:\ti\ccsv7\tools\compiler\ti-cgt-arm_16.9.4.LTS\lib\</path>
         <kind>archive</kind>
         <file>rtsv7M4_T_le_eabi.lib</file>
         <name>fd_toi_t2.obj</name>
      </input_file>
      <input_file id="fl-fa">
         <path>C:\ti\ccsv7\tools\compiler\ti-cgt-arm_16.9.4.LTS\lib\</path>
         <kind>archive</kind>
         <file>rtsv7M4_T_le_eabi.lib</file>
         <name>i_tofd_t2.obj</name>
      </input_file>
      <input_file id="fl-fb">
         <path>C:\ti\ccsv7\tools\compiler\ti-cgt-arm_16.9.4.LTS\lib\</path>
         <kind>archive</kind>
         <file>rtsv7M4_T_le_eabi.lib</file>
         <name>ltoa.obj</name>
      </input_file>
      <input_file id="fl-fc">
         <path>C:\ti\ccsv7\tools\compiler\ti-cgt-arm_16.9.4.LTS\lib\</path>
         <kind>archive</kind>
         <file>rtsv7M4_T_le_eabi.lib</file>
         <name>memccpy.obj</name>
      </input_file>
      <input_file id="fl-fd">
         <path>C:\ti\ccsv7\tools\compiler\ti-cgt-arm_16.9.4.LTS\lib\</path>
         <kind>archive</kind>
         <file>rtsv7M4_T_le_eabi.lib</file>
         <name>s_frexp.obj</name>
      </input_file>
      <input_file id="fl-fe">
         <path>C:\ti\ccsv7\tools\compiler\ti-cgt-arm_16.9.4.LTS\lib\</path>
         <kind>archive</kind>
         <file>rtsv7M4_T_le_eabi.lib</file>
         <name>s_scalbn.obj</name>
      </input_file>
      <input_file id="fl-ff">
         <path>C:\ti\ccsv7\tools\compiler\ti-cgt-arm_16.9.4.LTS\lib\</path>
         <kind>archive</kind>
         <file>rtsv7M4_T_le_eabi.lib</file>
         <name>startup.obj</name>
      </input_file>
      <input_file id="fl-100">
         <path>C:\ti\ccsv7\tools\compiler\ti-cgt-arm_16.9.4.LTS\lib\</path>
         <kind>archive</kind>
         <file>rtsv7M4_T_le_eabi.lib</file>
         <name>strchr.obj</name>
      </input_file>
      <input_file id="fl-101">
         <path>C:\ti\ccsv7\tools\compiler\ti-cgt-arm_16.9.4.LTS\lib\</path>
         <kind>archive</kind>
         <file>rtsv7M4_T_le_eabi.lib</file>
         <name>errno.obj</name>
      </input_file>
      <input_file id="fl-102">
         <path>C:\ti\ccsv7\tools\compiler\ti-cgt-arm_16.9.4.LTS\lib\</path>
         <kind>archive</kind>
         <file>rtsv7M4_T_le_eabi.lib</file>
         <name>s_copysign.obj</name>
      </input_file>
      <input_file id="fl-103">
         <path>C:\ti\CC3200SDK_1.3.0\cc3200-sdk\oslib\ccs\free_rtos\</path>
         <kind>archive</kind>
         <file>free_rtos.a</file>
         <name>osi_freertos.obj</name>
      </input_file>
      <input_file id="fl-104">
         <path>C:\ti\CC3200SDK_1.3.0\cc3200-sdk\oslib\ccs\free_rtos\</path>
         <kind>archive</kind>
         <file>free_rtos.a</file>
         <name>port.obj</name>
      </input_file>
      <input_file id="fl-105">
         <path>C:\ti\CC3200SDK_1.3.0\cc3200-sdk\oslib\ccs\free_rtos\</path>
         <kind>archive</kind>
         <file>free_rtos.a</file>
         <name>portasm.obj</name>
      </input_file>
      <input_file id="fl-106">
         <path>C:\ti\CC3200SDK_1.3.0\cc3200-sdk\oslib\ccs\free_rtos\</path>
         <kind>archive</kind>
         <file>free_rtos.a</file>
         <name>queue.obj</name>
      </input_file>
      <input_file id="fl-107">
         <path>C:\ti\CC3200SDK_1.3.0\cc3200-sdk\oslib\ccs\free_rtos\</path>
         <kind>archive</kind>
         <file>free_rtos.a</file>
         <name>tasks.obj</name>
      </input_file>
      <input_file id="fl-108">
         <path>C:\ti\CC3200SDK_1.3.0\cc3200-sdk\oslib\ccs\free_rtos\</path>
         <kind>archive</kind>
         <file>free_rtos.a</file>
         <name>list.obj</name>
      </input_file>
      <input_file id="fl-109">
         <path>C:\ti\CC3200SDK_1.3.0\cc3200-sdk\simplelink\ccs\OS\</path>
         <kind>archive</kind>
         <file>simplelink.a</file>
         <name>device.obj</name>
      </input_file>
      <input_file id="fl-10a">
         <path>C:\ti\CC3200SDK_1.3.0\cc3200-sdk\simplelink\ccs\OS\</path>
         <kind>archive</kind>
         <file>simplelink.a</file>
         <name>driver.obj</name>
      </input_file>
      <input_file id="fl-10b">
         <path>C:\ti\CC3200SDK_1.3.0\cc3200-sdk\simplelink\ccs\OS\</path>
         <kind>archive</kind>
         <file>simplelink.a</file>
         <name>netapp.obj</name>
      </input_file>
      <input_file id="fl-10c">
         <path>C:\ti\CC3200SDK_1.3.0\cc3200-sdk\simplelink\ccs\OS\</path>
         <kind>archive</kind>
         <file>simplelink.a</file>
         <name>netcfg.obj</name>
      </input_file>
      <input_file id="fl-10d">
         <path>C:\ti\CC3200SDK_1.3.0\cc3200-sdk\simplelink\ccs\OS\</path>
         <kind>archive</kind>
         <file>simplelink.a</file>
         <name>socket.obj</name>
      </input_file>
      <input_file id="fl-10e">
         <path>C:\ti\CC3200SDK_1.3.0\cc3200-sdk\simplelink\ccs\OS\</path>
         <kind>archive</kind>
         <file>simplelink.a</file>
         <name>wlan.obj</name>
      </input_file>
      <input_file id="fl-10f">
         <path>C:\ti\CC3200SDK_1.3.0\cc3200-sdk\simplelink\ccs\OS\</path>
         <kind>archive</kind>
         <file>simplelink.a</file>
         <name>cc_pal.obj</name>
      </input_file>
   </input_file_list>
   <object_component_list>
      <object_component id="oc-f">
         <name>.intvecs</name>
         <load_address>0x20004000</load_address>
         <run_address>0x20004000</run_address>
         <size>0x400</size>
         <input_file_ref idref="fl-5"/>
      </object_component>
      <object_component id="oc-cc">
         <name>.text</name>
         <load_address>0x20004400</load_address>
         <run_address>0x20004400</run_address>
         <size>0x15a0</size>
         <input_file_ref idref="fl-2"/>
      </object_component>
      <object_component id="oc-8b">
         <name>.text</name>
         <load_address>0x200059a0</load_address>
         <run_address>0x200059a0</run_address>
         <size>0x125c</size>
         <input_file_ref idref="fl-107"/>
      </object_component>
      <object_component id="oc-3c6">
         <name>.text</name>
         <load_address>0x20006bfc</load_address>
         <run_address>0x20006bfc</run_address>
         <size>0x1122</size>
         <input_file_ref idref="fl-ef"/>
      </object_component>
      <object_component id="oc-64">
         <name>.text</name>
         <load_address>0x20007d1e</load_address>
         <run_address>0x20007d1e</run_address>
         <size>0x2</size>
         <input_file_ref idref="fl-e8"/>
      </object_component>
      <object_component id="oc-1dd">
         <name>.text</name>
         <load_address>0x20007d20</load_address>
         <run_address>0x20007d20</run_address>
         <size>0xb60</size>
         <input_file_ref idref="fl-15"/>
      </object_component>
      <object_component id="oc-3a9">
         <name>.text</name>
         <load_address>0x20008880</load_address>
         <run_address>0x20008880</run_address>
         <size>0xb24</size>
         <input_file_ref idref="fl-106"/>
      </object_component>
      <object_component id="oc-3e9">
         <name>.text</name>
         <load_address>0x200093a4</load_address>
         <run_address>0x200093a4</run_address>
         <size>0x794</size>
         <input_file_ref idref="fl-18"/>
      </object_component>
      <object_component id="oc-57c">
         <name>.text:_SlDrvMsgRead</name>
         <load_address>0x20009b38</load_address>
         <run_address>0x20009b38</run_address>
         <size>0x590</size>
         <input_file_ref idref="fl-10a"/>
      </object_component>
      <object_component id="oc-560">
         <name>.text</name>
         <load_address>0x2000a0c8</load_address>
         <run_address>0x2000a0c8</run_address>
         <size>0x4a4</size>
         <input_file_ref idref="fl-1c"/>
      </object_component>
      <object_component id="oc-1d0">
         <name>.text</name>
         <load_address>0x2000a56c</load_address>
         <run_address>0x2000a56c</run_address>
         <size>0x48c</size>
         <input_file_ref idref="fl-1b"/>
      </object_component>
      <object_component id="oc-1eb">
         <name>.text</name>
         <load_address>0x2000a9f8</load_address>
         <run_address>0x2000a9f8</run_address>
         <size>0x45c</size>
         <input_file_ref idref="fl-103"/>
      </object_component>
      <object_component id="oc-126">
         <name>.text</name>
         <load_address>0x2000ae54</load_address>
         <run_address>0x2000ae54</run_address>
         <size>0x3d0</size>
         <input_file_ref idref="fl-e6"/>
      </object_component>
      <object_component id="oc-6bc">
         <name>.text</name>
         <load_address>0x2000b224</load_address>
         <run_address>0x2000b224</run_address>
         <size>0x3bc</size>
         <input_file_ref idref="fl-1a"/>
      </object_component>
      <object_component id="oc-1d7">
         <name>.text</name>
         <load_address>0x2000b5e0</load_address>
         <run_address>0x2000b5e0</run_address>
         <size>0x370</size>
         <input_file_ref idref="fl-13"/>
      </object_component>
      <object_component id="oc-397">
         <name>.text</name>
         <load_address>0x2000b950</load_address>
         <run_address>0x2000b950</run_address>
         <size>0x300</size>
         <input_file_ref idref="fl-e"/>
      </object_component>
      <object_component id="oc-12c">
         <name>.text</name>
         <load_address>0x2000bc50</load_address>
         <run_address>0x2000bc50</run_address>
         <size>0x290</size>
         <input_file_ref idref="fl-6"/>
      </object_component>
      <object_component id="oc-3a2">
         <name>.text</name>
         <load_address>0x2000bee0</load_address>
         <run_address>0x2000bee0</run_address>
         <size>0x280</size>
         <input_file_ref idref="fl-14"/>
      </object_component>
      <object_component id="oc-5e5">
         <name>.text:_SlDrvRxHdrRead</name>
         <load_address>0x2000c160</load_address>
         <run_address>0x2000c160</run_address>
         <size>0x24c</size>
         <input_file_ref idref="fl-10a"/>
      </object_component>
      <object_component id="oc-392">
         <name>.text</name>
         <load_address>0x2000c3ac</load_address>
         <run_address>0x2000c3ac</run_address>
         <size>0x1f4</size>
         <input_file_ref idref="fl-ec"/>
      </object_component>
      <object_component id="oc-365">
         <name>.text:_SlDrvDataReadOp</name>
         <load_address>0x2000c5a0</load_address>
         <run_address>0x2000c5a0</run_address>
         <size>0x1e0</size>
         <input_file_ref idref="fl-10a"/>
      </object_component>
      <object_component id="oc-2a3">
         <name>.text:_SlDrvReleasePoolObj</name>
         <load_address>0x2000c780</load_address>
         <run_address>0x2000c780</run_address>
         <size>0x1d0</size>
         <input_file_ref idref="fl-10a"/>
      </object_component>
      <object_component id="oc-1b9">
         <name>.text:sl_Accept</name>
         <load_address>0x2000c950</load_address>
         <run_address>0x2000c950</run_address>
         <size>0x1bc</size>
         <input_file_ref idref="fl-10d"/>
      </object_component>
      <object_component id="oc-522">
         <name>.text</name>
         <load_address>0x2000cb0c</load_address>
         <run_address>0x2000cb0c</run_address>
         <size>0x1b6</size>
         <input_file_ref idref="fl-f5"/>
      </object_component>
      <object_component id="oc-c4">
         <name>.text</name>
         <load_address>0x2000ccc2</load_address>
         <run_address>0x2000ccc2</run_address>
         <size>0x2</size>
         <input_file_ref idref="fl-ff"/>
      </object_component>
      <object_component id="oc-465">
         <name>.text:_SlDrvMsgWrite</name>
         <load_address>0x2000ccc4</load_address>
         <run_address>0x2000ccc4</run_address>
         <size>0x19c</size>
         <input_file_ref idref="fl-10a"/>
      </object_component>
      <object_component id="oc-279">
         <name>.text:_SlDrvDriverCBInit</name>
         <load_address>0x2000ce60</load_address>
         <run_address>0x2000ce60</run_address>
         <size>0x190</size>
         <input_file_ref idref="fl-10a"/>
      </object_component>
      <object_component id="oc-408">
         <name>.text:_SlDrvWaitForPoolObj</name>
         <load_address>0x2000cff0</load_address>
         <run_address>0x2000cff0</run_address>
         <size>0x190</size>
         <input_file_ref idref="fl-10a"/>
      </object_component>
      <object_component id="oc-5f7">
         <name>.text:_SlFindAndSetActiveObj</name>
         <load_address>0x2000d180</load_address>
         <run_address>0x2000d180</run_address>
         <size>0x170</size>
         <input_file_ref idref="fl-10a"/>
      </object_component>
      <object_component id="oc-27f">
         <name>.text:spi_Open</name>
         <load_address>0x2000d2f0</load_address>
         <run_address>0x2000d2f0</run_address>
         <size>0x150</size>
         <input_file_ref idref="fl-10f"/>
      </object_component>
      <object_component id="oc-46b">
         <name>.text:_SlDrvMsgReadCmdCtx</name>
         <load_address>0x2000d440</load_address>
         <run_address>0x2000d440</run_address>
         <size>0x13c</size>
         <input_file_ref idref="fl-10a"/>
      </object_component>
      <object_component id="oc-508">
         <name>.text</name>
         <load_address>0x2000d57c</load_address>
         <run_address>0x2000d57c</run_address>
         <size>0x136</size>
         <input_file_ref idref="fl-f7"/>
      </object_component>
      <object_component id="oc-eb">
         <name>.text</name>
         <load_address>0x2000d6b2</load_address>
         <run_address>0x2000d6b2</run_address>
         <size>0x12a</size>
         <input_file_ref idref="fl-108"/>
      </object_component>
      <object_component id="oc-2e3">
         <name>.text:_SlDrvDriverCBDeinit</name>
         <load_address>0x2000d7dc</load_address>
         <run_address>0x2000d7dc</run_address>
         <size>0x124</size>
         <input_file_ref idref="fl-10a"/>
      </object_component>
      <object_component id="oc-38">
         <name>.text</name>
         <load_address>0x2000d900</load_address>
         <run_address>0x2000d900</run_address>
         <size>0x110</size>
         <input_file_ref idref="fl-104"/>
      </object_component>
      <object_component id="oc-63b">
         <name>.text:_SlDrvNetAppEventHandler</name>
         <load_address>0x2000da10</load_address>
         <run_address>0x2000da10</run_address>
         <size>0x104</size>
         <input_file_ref idref="fl-10b"/>
      </object_component>
      <object_component id="oc-503">
         <name>.text</name>
         <load_address>0x2000db14</load_address>
         <run_address>0x2000db14</run_address>
         <size>0xfc</size>
         <input_file_ref idref="fl-f8"/>
      </object_component>
      <object_component id="oc-141">
         <name>.text:sl_Stop</name>
         <load_address>0x2000dc10</load_address>
         <run_address>0x2000dc10</run_address>
         <size>0xf0</size>
         <input_file_ref idref="fl-109"/>
      </object_component>
      <object_component id="oc-135">
         <name>.text:sl_Start</name>
         <load_address>0x2000dd00</load_address>
         <run_address>0x2000dd00</run_address>
         <size>0xec</size>
         <input_file_ref idref="fl-109"/>
      </object_component>
      <object_component id="oc-582">
         <name>.text:_SlAsyncEventGenericHandler</name>
         <load_address>0x2000ddec</load_address>
         <run_address>0x2000ddec</run_address>
         <size>0xe8</size>
         <input_file_ref idref="fl-10a"/>
      </object_component>
      <object_component id="oc-450">
         <name>.text:_SlDrvMsgReadSpawnCtx</name>
         <load_address>0x2000ded4</load_address>
         <run_address>0x2000ded4</run_address>
         <size>0xe8</size>
         <input_file_ref idref="fl-10a"/>
      </object_component>
      <object_component id="oc-31e">
         <name>.text:sl_NetAppMDNSRegisterUnregisterService</name>
         <load_address>0x2000dfbc</load_address>
         <run_address>0x2000dfbc</run_address>
         <size>0xe4</size>
         <input_file_ref idref="fl-10b"/>
      </object_component>
      <object_component id="oc-5eb">
         <name>.text:_SlDrvClassifyRxMsg</name>
         <load_address>0x2000e0a0</load_address>
         <run_address>0x2000e0a0</run_address>
         <size>0xdc</size>
         <input_file_ref idref="fl-10a"/>
      </object_component>
      <object_component id="oc-5f1">
         <name>.text:spi_Read</name>
         <load_address>0x2000e17c</load_address>
         <run_address>0x2000e17c</run_address>
         <size>0xdc</size>
         <input_file_ref idref="fl-10f"/>
      </object_component>
      <object_component id="oc-18b">
         <name>.text:sl_NetCfgGet</name>
         <load_address>0x2000e258</load_address>
         <run_address>0x2000e258</run_address>
         <size>0xd8</size>
         <input_file_ref idref="fl-10c"/>
      </object_component>
      <object_component id="oc-52d">
         <name>.text</name>
         <load_address>0x2000e330</load_address>
         <run_address>0x2000e330</run_address>
         <size>0xd0</size>
         <input_file_ref idref="fl-fe"/>
      </object_component>
      <object_component id="oc-67f">
         <name>.text:_sl_HandleAsync_DnsGetHostByService</name>
         <load_address>0x2000e400</load_address>
         <run_address>0x2000e400</run_address>
         <size>0xcc</size>
         <input_file_ref idref="fl-10b"/>
      </object_component>
      <object_component id="oc-147">
         <name>.text:sl_DevGet</name>
         <load_address>0x2000e4cc</load_address>
         <run_address>0x2000e4cc</run_address>
         <size>0xcc</size>
         <input_file_ref idref="fl-109"/>
      </object_component>
      <object_component id="oc-431">
         <name>.text:_SlRemoveFromList</name>
         <load_address>0x2000e598</load_address>
         <run_address>0x2000e598</run_address>
         <size>0xc4</size>
         <input_file_ref idref="fl-10a"/>
      </object_component>
      <object_component id="oc-2c7">
         <name>.text:_SlDrvCmdOp</name>
         <load_address>0x2000e65c</load_address>
         <run_address>0x2000e65c</run_address>
         <size>0xc0</size>
         <input_file_ref idref="fl-10a"/>
      </object_component>
      <object_component id="oc-33">
         <name>.text</name>
         <load_address>0x2000e71c</load_address>
         <run_address>0x2000e71c</run_address>
         <size>0xba</size>
         <input_file_ref idref="fl-105"/>
      </object_component>
      <object_component id="oc-1a1">
         <name>.text:sl_Bind</name>
         <load_address>0x2000e7d8</load_address>
         <run_address>0x2000e7d8</run_address>
         <size>0xb8</size>
         <input_file_ref idref="fl-10d"/>
      </object_component>
      <object_component id="oc-42a">
         <name>.text:_SlDriverHandleError</name>
         <load_address>0x2000e890</load_address>
         <run_address>0x2000e890</run_address>
         <size>0xa0</size>
         <input_file_ref idref="fl-10a"/>
      </object_component>
      <object_component id="oc-1c0">
         <name>.text:sl_Recv</name>
         <load_address>0x2000e930</load_address>
         <run_address>0x2000e930</run_address>
         <size>0xa0</size>
         <input_file_ref idref="fl-10d"/>
      </object_component>
      <object_component id="oc-4c">
         <name>.text</name>
         <load_address>0x2000e9d0</load_address>
         <run_address>0x2000e9d0</run_address>
         <size>0x9c</size>
         <input_file_ref idref="fl-e4"/>
      </object_component>
      <object_component id="oc-671">
         <name>.text:_SlDrvDeviceEventHandler</name>
         <load_address>0x2000ea6c</load_address>
         <run_address>0x2000ea6c</run_address>
         <size>0x9a</size>
         <input_file_ref idref="fl-109"/>
      </object_component>
      <object_component id="oc-15f">
         <name>.text:sl_NetCfgSet</name>
         <load_address>0x2000eb08</load_address>
         <run_address>0x2000eb08</run_address>
         <size>0x98</size>
         <input_file_ref idref="fl-10c"/>
      </object_component>
      <object_component id="oc-1b3">
         <name>.text:sl_SetSockOpt</name>
         <load_address>0x2000eba0</load_address>
         <run_address>0x2000eba0</run_address>
         <size>0x98</size>
         <input_file_ref idref="fl-10d"/>
      </object_component>
      <object_component id="oc-165">
         <name>.text:sl_WlanSet</name>
         <load_address>0x2000ec38</load_address>
         <run_address>0x2000ec38</run_address>
         <size>0x98</size>
         <input_file_ref idref="fl-10e"/>
      </object_component>
      <object_component id="oc-679">
         <name>.text:_sl_HandleAsync_DnsGetHostByName</name>
         <load_address>0x2000ecd0</load_address>
         <run_address>0x2000ecd0</run_address>
         <size>0x90</size>
         <input_file_ref idref="fl-10b"/>
      </object_component>
      <object_component id="oc-641">
         <name>.text:_sl_HandleAsync_PingResponse</name>
         <load_address>0x2000ed60</load_address>
         <run_address>0x2000ed60</run_address>
         <size>0x90</size>
         <input_file_ref idref="fl-10b"/>
      </object_component>
      <object_component id="oc-14d">
         <name>.text:sl_WlanPolicySet</name>
         <load_address>0x2000edf0</load_address>
         <run_address>0x2000edf0</run_address>
         <size>0x90</size>
         <input_file_ref idref="fl-10e"/>
      </object_component>
      <object_component id="oc-648">
         <name>.text:SetupDMAReceive</name>
         <load_address>0x2000ee80</load_address>
         <run_address>0x2000ee80</run_address>
         <size>0x8c</size>
         <input_file_ref idref="fl-10f"/>
      </object_component>
      <object_component id="oc-602">
         <name>.text:SetupDMASend</name>
         <load_address>0x2000ef0c</load_address>
         <run_address>0x2000ef0c</run_address>
         <size>0x8c</size>
         <input_file_ref idref="fl-10f"/>
      </object_component>
      <object_component id="oc-62b">
         <name>.text:_SlDrvIsTimeoutExpired</name>
         <load_address>0x2000ef98</load_address>
         <run_address>0x2000ef98</run_address>
         <size>0x8c</size>
         <input_file_ref idref="fl-10a"/>
      </object_component>
      <object_component id="oc-6c3">
         <name>.text:_sl_HandleAsync_InitComplete</name>
         <load_address>0x2000f024</load_address>
         <run_address>0x2000f024</run_address>
         <size>0x8c</size>
         <input_file_ref idref="fl-109"/>
      </object_component>
      <object_component id="oc-19b">
         <name>.text:sl_Socket</name>
         <load_address>0x2000f0b0</load_address>
         <run_address>0x2000f0b0</run_address>
         <size>0x8c</size>
         <input_file_ref idref="fl-10d"/>
      </object_component>
      <object_component id="oc-58b">
         <name>.text:spi_Write</name>
         <load_address>0x2000f13c</load_address>
         <run_address>0x2000f13c</run_address>
         <size>0x8c</size>
         <input_file_ref idref="fl-10f"/>
      </object_component>
      <object_component id="oc-261">
         <name>.text</name>
         <load_address>0x2000f1c8</load_address>
         <run_address>0x2000f1c8</run_address>
         <size>0x88</size>
         <input_file_ref idref="fl-ed"/>
      </object_component>
      <object_component id="oc-4fe">
         <name>.text:__aeabi_cdcmple</name>
         <load_address>0x2000f250</load_address>
         <run_address>0x2000f250</run_address>
         <size>0x86</size>
         <input_file_ref idref="fl-f6"/>
      </object_component>
      <object_component id="oc-50d">
         <name>.text:__aeabi_cdrcmple</name>
         <load_address>0x2000f2d6</load_address>
         <run_address>0x2000f2d6</run_address>
         <size>0x86</size>
         <input_file_ref idref="fl-f6"/>
      </object_component>
      <object_component id="oc-174">
         <name>.text:sl_WlanRxFilterSet</name>
         <load_address>0x2000f35c</load_address>
         <run_address>0x2000f35c</run_address>
         <size>0x84</size>
         <input_file_ref idref="fl-10e"/>
      </object_component>
      <object_component id="oc-6a1">
         <name>.text:_sl_HandleAsync_Connect</name>
         <load_address>0x2000f3e0</load_address>
         <run_address>0x2000f3e0</run_address>
         <size>0x80</size>
         <input_file_ref idref="fl-10d"/>
      </object_component>
      <object_component id="oc-64e">
         <name>.text:spi_Read_CPU</name>
         <load_address>0x2000f460</load_address>
         <run_address>0x2000f460</run_address>
         <size>0x80</size>
         <input_file_ref idref="fl-10f"/>
      </object_component>
      <object_component id="oc-608">
         <name>.text:spi_Write_CPU</name>
         <load_address>0x2000f4e0</load_address>
         <run_address>0x2000f4e0</run_address>
         <size>0x80</size>
         <input_file_ref idref="fl-10f"/>
      </object_component>
      <object_component id="oc-58">
         <name>.text</name>
         <load_address>0x2000f560</load_address>
         <run_address>0x2000f560</run_address>
         <size>0x7a</size>
         <input_file_ref idref="fl-e7"/>
      </object_component>
      <object_component id="oc-2dd">
         <name>.text:spi_Close</name>
         <load_address>0x2000f5dc</load_address>
         <run_address>0x2000f5dc</run_address>
         <size>0x78</size>
         <input_file_ref idref="fl-10f"/>
      </object_component>
      <object_component id="oc-70">
         <name>.text</name>
         <load_address>0x2000f654</load_address>
         <run_address>0x2000f654</run_address>
         <size>0x70</size>
         <input_file_ref idref="fl-f2"/>
      </object_component>
      <object_component id="oc-6cd">
         <name>.text:_SlDrvCmdSend</name>
         <load_address>0x2000f6c4</load_address>
         <run_address>0x2000f6c4</run_address>
         <size>0x6c</size>
         <input_file_ref idref="fl-10a"/>
      </object_component>
      <object_component id="oc-68b">
         <name>.text:_sl_NetAppSendTokenValue</name>
         <load_address>0x2000f730</load_address>
         <run_address>0x2000f730</run_address>
         <size>0x6c</size>
         <input_file_ref idref="fl-10b"/>
      </object_component>
      <object_component id="oc-1ad">
         <name>.text:sl_Listen</name>
         <load_address>0x2000f79c</load_address>
         <run_address>0x2000f79c</run_address>
         <size>0x6c</size>
         <input_file_ref idref="fl-10d"/>
      </object_component>
      <object_component id="oc-12">
         <name>.text:decompress:lzss</name>
         <load_address>0x2000f808</load_address>
         <run_address>0x2000f808</run_address>
         <size>0x68</size>
         <input_file_ref idref="fl-e0"/>
      </object_component>
      <object_component id="oc-69b">
         <name>.text:_sl_HandleAsync_Accept</name>
         <load_address>0x2000f870</load_address>
         <run_address>0x2000f870</run_address>
         <size>0x64</size>
         <input_file_ref idref="fl-10d"/>
      </object_component>
      <object_component id="oc-16b">
         <name>.text:sl_NetAppMDNSUnRegisterService</name>
         <load_address>0x2000f8d4</load_address>
         <run_address>0x2000f8d4</run_address>
         <size>0x64</size>
         <input_file_ref idref="fl-10b"/>
      </object_component>
      <object_component id="oc-1a7">
         <name>.text:sl_Close</name>
         <load_address>0x2000f938</load_address>
         <run_address>0x2000f938</run_address>
         <size>0x60</size>
         <input_file_ref idref="fl-10d"/>
      </object_component>
      <object_component id="oc-153">
         <name>.text:sl_WlanProfileDel</name>
         <load_address>0x2000f998</load_address>
         <run_address>0x2000f998</run_address>
         <size>0x60</size>
         <input_file_ref idref="fl-10e"/>
      </object_component>
      <object_component id="oc-13b">
         <name>.text:sl_WlanSetMode</name>
         <load_address>0x2000f9f8</load_address>
         <run_address>0x2000f9f8</run_address>
         <size>0x60</size>
         <input_file_ref idref="fl-10e"/>
      </object_component>
      <object_component id="oc-378">
         <name>.text</name>
         <load_address>0x2000fa58</load_address>
         <run_address>0x2000fa58</run_address>
         <size>0x5e</size>
         <input_file_ref idref="fl-b"/>
      </object_component>
      <object_component id="oc-527">
         <name>.text</name>
         <load_address>0x2000fab8</load_address>
         <run_address>0x2000fab8</run_address>
         <size>0x5c</size>
         <input_file_ref idref="fl-fd"/>
      </object_component>
      <object_component id="oc-6a7">
         <name>.text:_sl_HandleAsync_Select</name>
         <load_address>0x2000fb14</load_address>
         <run_address>0x2000fb14</run_address>
         <size>0x54</size>
         <input_file_ref idref="fl-10d"/>
      </object_component>
      <object_component id="oc-7c">
         <name>.text</name>
         <load_address>0x2000fb68</load_address>
         <run_address>0x2000fb68</run_address>
         <size>0x54</size>
         <input_file_ref idref="fl-e3"/>
      </object_component>
      <object_component id="oc-517">
         <name>.text</name>
         <load_address>0x2000fbbc</load_address>
         <run_address>0x2000fbbc</run_address>
         <size>0x54</size>
         <input_file_ref idref="fl-fb"/>
      </object_component>
      <object_component id="oc-2b5">
         <name>.text:_SlDrvRxIrqHandler</name>
         <load_address>0x2000fc10</load_address>
         <run_address>0x2000fc10</run_address>
         <size>0x50</size>
         <input_file_ref idref="fl-10a"/>
      </object_component>
      <object_component id="oc-6ad">
         <name>.text:_sl_HandleAsync_Stop</name>
         <load_address>0x2000fc60</load_address>
         <run_address>0x2000fc60</run_address>
         <size>0x50</size>
         <input_file_ref idref="fl-109"/>
      </object_component>
      <object_component id="oc-285">
         <name>.text:_SlDrvProtectAsyncRespSetting</name>
         <load_address>0x2000fcb0</load_address>
         <run_address>0x2000fcb0</run_address>
         <size>0x4c</size>
         <input_file_ref idref="fl-10a"/>
      </object_component>
      <object_component id="oc-345">
         <name>.text:_sl_BuildAddress</name>
         <load_address>0x2000fcfc</load_address>
         <run_address>0x2000fcfc</run_address>
         <size>0x4c</size>
         <input_file_ref idref="fl-10d"/>
      </object_component>
      <object_component id="oc-539">
         <name>.text</name>
         <load_address>0x2000fd48</load_address>
         <run_address>0x2000fd48</run_address>
         <size>0x4c</size>
         <input_file_ref idref="fl-f1"/>
      </object_component>
      <object_component id="oc-be">
         <name>.text</name>
         <load_address>0x2000fd94</load_address>
         <run_address>0x2000fd94</run_address>
         <size>0x4c</size>
         <input_file_ref idref="fl-f3"/>
      </object_component>
      <object_component id="oc-309">
         <name>.text:_SlDrvBasicCmd</name>
         <load_address>0x2000fde0</load_address>
         <run_address>0x2000fde0</run_address>
         <size>0x48</size>
         <input_file_ref idref="fl-10a"/>
      </object_component>
      <object_component id="oc-512">
         <name>.text</name>
         <load_address>0x2000fe28</load_address>
         <run_address>0x2000fe28</run_address>
         <size>0x48</size>
         <input_file_ref idref="fl-f9"/>
      </object_component>
      <object_component id="oc-65b">
         <name>.text:cc_SetupTransfer</name>
         <load_address>0x2000fe70</load_address>
         <run_address>0x2000fe70</run_address>
         <size>0x44</size>
         <input_file_ref idref="fl-10f"/>
      </object_component>
      <object_component id="oc-29d">
         <name>.text:_SlDrvSyncObjWaitTimeout</name>
         <load_address>0x2000feb4</load_address>
         <run_address>0x2000feb4</run_address>
         <size>0x40</size>
         <input_file_ref idref="fl-10a"/>
      </object_component>
      <object_component id="oc-24">
         <name>.text</name>
         <load_address>0x2000fef4</load_address>
         <run_address>0x2000fef4</run_address>
         <size>0x40</size>
         <input_file_ref idref="fl-df"/>
      </object_component>
      <object_component id="oc-692">
         <name>.text:CopyPingResultsToReport</name>
         <load_address>0x2000ff34</load_address>
         <run_address>0x2000ff34</run_address>
         <size>0x3c</size>
         <input_file_ref idref="fl-10b"/>
      </object_component>
      <object_component id="oc-6b6">
         <name>.text:simplelink_timerA2_start</name>
         <load_address>0x2000ff70</load_address>
         <run_address>0x2000ff70</run_address>
         <size>0x3c</size>
         <input_file_ref idref="fl-10f"/>
      </object_component>
      <object_component id="oc-195">
         <name>.text:sl_Htons</name>
         <load_address>0x2000ffac</load_address>
         <run_address>0x2000ffac</run_address>
         <size>0x3c</size>
         <input_file_ref idref="fl-10d"/>
      </object_component>
      <object_component id="oc-28b">
         <name>.text:NwpPowerOff</name>
         <load_address>0x2000ffe8</load_address>
         <run_address>0x2000ffe8</run_address>
         <size>0x38</size>
         <input_file_ref idref="fl-10f"/>
      </object_component>
      <object_component id="oc-159">
         <name>.text:sl_WlanDisconnect</name>
         <load_address>0x20010020</load_address>
         <run_address>0x20010020</run_address>
         <size>0x38</size>
         <input_file_ref idref="fl-10e"/>
      </object_component>
      <object_component id="oc-1e5">
         <name>.text</name>
         <load_address>0x20010058</load_address>
         <run_address>0x20010058</run_address>
         <size>0x34</size>
         <input_file_ref idref="fl-4"/>
      </object_component>
      <object_component id="oc-51d">
         <name>.text</name>
         <load_address>0x2001008c</load_address>
         <run_address>0x2001008c</run_address>
         <size>0x2e</size>
         <input_file_ref idref="fl-fa"/>
      </object_component>
      <object_component id="oc-3fb">
         <name>.text:DmaSpiSwIntHandler</name>
         <load_address>0x200100bc</load_address>
         <run_address>0x200100bc</run_address>
         <size>0x2c</size>
         <input_file_ref idref="fl-10f"/>
      </object_component>
      <object_component id="oc-297">
         <name>.text:NwpPowerOn</name>
         <load_address>0x200100e8</load_address>
         <run_address>0x200100e8</run_address>
         <size>0x2c</size>
         <input_file_ref idref="fl-10f"/>
      </object_component>
      <object_component id="oc-459">
         <name>.text:_SlDrvObjGlobalLockWaitForever</name>
         <load_address>0x20010114</load_address>
         <run_address>0x20010114</run_address>
         <size>0x28</size>
         <input_file_ref idref="fl-10a"/>
      </object_component>
      <object_component id="oc-40e">
         <name>.text:_SlDrvProtectionObjLockWaitForever</name>
         <load_address>0x2001013c</load_address>
         <run_address>0x2001013c</run_address>
         <size>0x28</size>
         <input_file_ref idref="fl-10a"/>
      </object_component>
      <object_component id="oc-291">
         <name>.text:NwpRegisterInterruptHandler</name>
         <load_address>0x20010164</load_address>
         <run_address>0x20010164</run_address>
         <size>0x26</size>
         <input_file_ref idref="fl-10f"/>
      </object_component>
      <object_component id="oc-45f">
         <name>.text:_SlDrvGlobalObjUnLock</name>
         <load_address>0x2001018c</load_address>
         <run_address>0x2001018c</run_address>
         <size>0x24</size>
         <input_file_ref idref="fl-10a"/>
      </object_component>
      <object_component id="oc-414">
         <name>.text:_SlDrvProtectionObjUnLock</name>
         <load_address>0x200101b0</load_address>
         <run_address>0x200101b0</run_address>
         <size>0x24</size>
         <input_file_ref idref="fl-10a"/>
      </object_component>
      <object_component id="oc-35b">
         <name>.text:_SlDrvSyncObjWaitForever</name>
         <load_address>0x200101d4</load_address>
         <run_address>0x200101d4</run_address>
         <size>0x24</size>
         <input_file_ref idref="fl-10a"/>
      </object_component>
      <object_component id="oc-267">
         <name>.text</name>
         <load_address>0x200101f8</load_address>
         <run_address>0x200101f8</run_address>
         <size>0x24</size>
         <input_file_ref idref="fl-e5"/>
      </object_component>
      <object_component id="oc-4aa">
         <name>.text:_SlDrvObjLockWaitForever</name>
         <load_address>0x2001021c</load_address>
         <run_address>0x2001021c</run_address>
         <size>0x22</size>
         <input_file_ref idref="fl-10a"/>
      </object_component>
      <object_component id="oc-2d7">
         <name>.text:NwpPrePowerOffTimout0</name>
         <load_address>0x20010240</load_address>
         <run_address>0x20010240</run_address>
         <size>0x20</size>
         <input_file_ref idref="fl-10f"/>
      </object_component>
      <object_component id="oc-665">
         <name>.text:TimerGetCurrentTimestamp</name>
         <load_address>0x20010260</load_address>
         <run_address>0x20010260</run_address>
         <size>0x20</size>
         <input_file_ref idref="fl-10f"/>
      </object_component>
      <object_component id="oc-4b0">
         <name>.text:_SlDrvObjUnLock</name>
         <load_address>0x20010280</load_address>
         <run_address>0x20010280</run_address>
         <size>0x1e</size>
         <input_file_ref idref="fl-10a"/>
      </object_component>
      <object_component id="oc-437">
         <name>.text:_SlDrvSyncObjSignal</name>
         <load_address>0x2001029e</load_address>
         <run_address>0x2001029e</run_address>
         <size>0x1e</size>
         <input_file_ref idref="fl-10a"/>
      </object_component>
      <object_component id="oc-3ef">
         <name>.text:cc_UDMAChannelSelect</name>
         <load_address>0x200102bc</load_address>
         <run_address>0x200102bc</run_address>
         <size>0x1e</size>
         <input_file_ref idref="fl-10f"/>
      </object_component>
      <object_component id="oc-625">
         <name>.text:_SlDrvStartMeasureTimeout</name>
         <load_address>0x200102da</load_address>
         <run_address>0x200102da</run_address>
         <size>0x1c</size>
         <input_file_ref idref="fl-10a"/>
      </object_component>
      <object_component id="oc-53f">
         <name>.text</name>
         <load_address>0x200102f6</load_address>
         <run_address>0x200102f6</run_address>
         <size>0x1c</size>
         <input_file_ref idref="fl-fc"/>
      </object_component>
      <object_component id="oc-2a9">
         <name>.text:_sl_GetStartResponseConvert</name>
         <load_address>0x20010314</load_address>
         <run_address>0x20010314</run_address>
         <size>0x18</size>
         <input_file_ref idref="fl-109"/>
      </object_component>
      <object_component id="oc-76">
         <name>.text</name>
         <load_address>0x2001032c</load_address>
         <run_address>0x2001032c</run_address>
         <size>0x18</size>
         <input_file_ref idref="fl-f0"/>
      </object_component>
      <object_component id="oc-3de">
         <name>.text:_SlDrvMemZero</name>
         <load_address>0x20010344</load_address>
         <run_address>0x20010344</run_address>
         <size>0x16</size>
         <input_file_ref idref="fl-10a"/>
      </object_component>
      <object_component id="oc-533">
         <name>.text</name>
         <load_address>0x2001035a</load_address>
         <run_address>0x2001035a</run_address>
         <size>0x16</size>
         <input_file_ref idref="fl-100"/>
      </object_component>
      <object_component id="oc-21a">
         <name>.text</name>
         <load_address>0x20010370</load_address>
         <run_address>0x20010370</run_address>
         <size>0x14</size>
         <input_file_ref idref="fl-ee"/>
      </object_component>
      <object_component id="oc-17e">
         <name>.text</name>
         <load_address>0x20010384</load_address>
         <run_address>0x20010384</run_address>
         <size>0x14</size>
         <input_file_ref idref="fl-eb"/>
      </object_component>
      <object_component id="oc-685">
         <name>.text:_SlDrvDispatchHttpServerEvents</name>
         <load_address>0x20010398</load_address>
         <run_address>0x20010398</run_address>
         <size>0x10</size>
         <input_file_ref idref="fl-10a"/>
      </object_component>
      <object_component id="oc-2f2">
         <name>.text:_SlDrvResetCmdExt</name>
         <load_address>0x200103a8</load_address>
         <run_address>0x200103a8</run_address>
         <size>0xe</size>
         <input_file_ref idref="fl-10a"/>
      </object_component>
      <object_component id="oc-18">
         <name>.text:decompress:none</name>
         <load_address>0x200103b6</load_address>
         <run_address>0x200103b6</run_address>
         <size>0xe</size>
         <input_file_ref idref="fl-e1"/>
      </object_component>
      <object_component id="oc-2d">
         <name>.text</name>
         <load_address>0x200103c4</load_address>
         <run_address>0x200103c4</run_address>
         <size>0xe</size>
         <input_file_ref idref="fl-5"/>
      </object_component>
      <object_component id="oc-41b">
         <name>.text:NwpMaskInterrupt</name>
         <load_address>0x200103d4</load_address>
         <run_address>0x200103d4</run_address>
         <size>0xc</size>
         <input_file_ref idref="fl-10f"/>
      </object_component>
      <object_component id="oc-423">
         <name>.text:NwpUnMaskInterrupt</name>
         <load_address>0x200103e0</load_address>
         <run_address>0x200103e0</run_address>
         <size>0xc</size>
         <input_file_ref idref="fl-10f"/>
      </object_component>
      <object_component id="oc-1e">
         <name>.text:decompress:ZI</name>
         <load_address>0x200103ec</load_address>
         <run_address>0x200103ec</run_address>
         <size>0xc</size>
         <input_file_ref idref="fl-e2"/>
      </object_component>
      <object_component id="oc-5c2">
         <name>.text</name>
         <load_address>0x200103f8</load_address>
         <run_address>0x200103f8</run_address>
         <size>0x8</size>
         <input_file_ref idref="fl-102"/>
      </object_component>
      <object_component id="oc-1bf">
         <name>.text:UtilsDelay</name>
         <load_address>0x20010400</load_address>
         <run_address>0x20010400</run_address>
         <size>0x6</size>
         <input_file_ref idref="fl-1d"/>
      </object_component>
      <object_component id="oc-6a">
         <name>.text</name>
         <load_address>0x20010406</load_address>
         <run_address>0x20010406</run_address>
         <size>0x4</size>
         <input_file_ref idref="fl-e9"/>
      </object_component>
      <object_component id="oc-5cf">
         <name>.const:.string:_ctypes_</name>
         <load_address>0x2001040c</load_address>
         <run_address>0x2001040c</run_address>
         <size>0x101</size>
         <input_file_ref idref="fl-f4"/>
      </object_component>
      <object_component id="oc-4e3">
         <name>.const:g_ulPinToPadMap</name>
         <load_address>0x20010510</load_address>
         <run_address>0x20010510</run_address>
         <size>0x100</size>
         <input_file_ref idref="fl-14"/>
      </object_component>
      <object_component id="oc-381">
         <name>.const:g_pulRegs</name>
         <load_address>0x20010610</load_address>
         <run_address>0x20010610</run_address>
         <size>0xd4</size>
         <input_file_ref idref="fl-13"/>
      </object_component>
      <object_component id="oc-39d">
         <name>.const:PRCM_PeriphRegsList</name>
         <load_address>0x200106e4</load_address>
         <run_address>0x200106e4</run_address>
         <size>0xa8</size>
         <input_file_ref idref="fl-15"/>
      </object_component>
      <object_component id="oc-4d0">
         <name>.const:g_pulFMPPERegs</name>
         <load_address>0x2001078c</load_address>
         <run_address>0x2001078c</run_address>
         <size>0x40</size>
         <input_file_ref idref="fl-e"/>
      </object_component>
      <object_component id="oc-4cd">
         <name>.const:g_pulFMPRERegs</name>
         <load_address>0x200107cc</load_address>
         <run_address>0x200107cc</run_address>
         <size>0x40</size>
         <input_file_ref idref="fl-e"/>
      </object_component>
      <object_component id="oc-5fe">
         <name>.const:OpcodeTranslateTable</name>
         <load_address>0x2001080c</load_address>
         <run_address>0x2001080c</run_address>
         <size>0x3c</size>
         <input_file_ref idref="fl-10a"/>
      </object_component>
      <object_component id="oc-655">
         <name>.const:_SlActionLookupTable</name>
         <load_address>0x20010848</load_address>
         <run_address>0x20010848</run_address>
         <size>0x38</size>
         <input_file_ref idref="fl-10a"/>
      </object_component>
      <object_component id="oc-171">
         <name>.const:$P$T1$2</name>
         <load_address>0x20010880</load_address>
         <run_address>0x20010880</run_address>
         <size>0x2c</size>
         <input_file_ref idref="fl-2"/>
      </object_component>
      <object_component id="oc-558">
         <name>.const:g_ppulSPIIntMap</name>
         <load_address>0x200108ac</load_address>
         <run_address>0x200108ac</run_address>
         <size>0x24</size>
         <input_file_ref idref="fl-18"/>
      </object_component>
      <object_component id="oc-17d">
         <name>.const:.string:$P$T0$1</name>
         <load_address>0x200108d0</load_address>
         <run_address>0x200108d0</run_address>
         <size>0x22</size>
         <input_file_ref idref="fl-2"/>
      </object_component>
      <object_component id="oc-638">
         <name>.const:RxMsgClassLUT</name>
         <load_address>0x200108f4</load_address>
         <run_address>0x200108f4</run_address>
         <size>0x20</size>
         <input_file_ref idref="fl-10a"/>
      </object_component>
      <object_component id="oc-37e">
         <name>.const:g_pulPriority</name>
         <load_address>0x20010914</load_address>
         <run_address>0x20010914</run_address>
         <size>0x20</size>
         <input_file_ref idref="fl-13"/>
      </object_component>
      <object_component id="oc-387">
         <name>.const:g_pulDisRegs</name>
         <load_address>0x20010934</load_address>
         <run_address>0x20010934</run_address>
         <size>0x18</size>
         <input_file_ref idref="fl-13"/>
      </object_component>
      <object_component id="oc-384">
         <name>.const:g_pulEnRegs</name>
         <load_address>0x2001094c</load_address>
         <run_address>0x2001094c</run_address>
         <size>0x18</size>
         <input_file_ref idref="fl-13"/>
      </object_component>
      <object_component id="oc-38a">
         <name>.const:g_pulPendRegs</name>
         <load_address>0x20010964</load_address>
         <run_address>0x20010964</run_address>
         <size>0x18</size>
         <input_file_ref idref="fl-13"/>
      </object_component>
      <object_component id="oc-38d">
         <name>.const:g_pulUnpendRegs</name>
         <load_address>0x2001097c</load_address>
         <run_address>0x2001097c</run_address>
         <size>0x18</size>
         <input_file_ref idref="fl-13"/>
      </object_component>
      <object_component id="oc-55b">
         <name>.const:g_ulSPIDmaMaskMap</name>
         <load_address>0x20010994</load_address>
         <run_address>0x20010994</run_address>
         <size>0x18</size>
         <input_file_ref idref="fl-18"/>
      </object_component>
      <object_component id="oc-631">
         <name>.const:$P$T0$1</name>
         <load_address>0x200109ac</load_address>
         <run_address>0x200109ac</run_address>
         <size>0x14</size>
         <input_file_ref idref="fl-10a"/>
      </object_component>
      <object_component id="oc-17a">
         <name>.const:$P$T2$3</name>
         <load_address>0x200109c0</load_address>
         <run_address>0x200109c0</run_address>
         <size>0x14</size>
         <input_file_ref idref="fl-2"/>
      </object_component>
      <object_component id="oc-1c6">
         <name>.const:.string:$P$T7$10</name>
         <load_address>0x200109d4</load_address>
         <run_address>0x200109d4</run_address>
         <size>0x12</size>
         <input_file_ref idref="fl-2"/>
      </object_component>
      <object_component id="oc-192">
         <name>.const:$P$T6$7</name>
         <load_address>0x200109e8</load_address>
         <run_address>0x200109e8</run_address>
         <size>0x10</size>
         <input_file_ref idref="fl-2"/>
      </object_component>
      <object_component id="oc-373">
         <name>.const:g_ppulUARTIntMap</name>
         <load_address>0x200109f8</load_address>
         <run_address>0x200109f8</run_address>
         <size>0x10</size>
         <input_file_ref idref="fl-1b"/>
      </object_component>
      <object_component id="oc-1ca">
         <name>.const</name>
         <load_address>0x20010a08</load_address>
         <run_address>0x20010a08</run_address>
         <size>0x10</size>
         <input_file_ref idref="fl-2"/>
      </object_component>
      <object_component id="oc-18a">
         <name>.const:.string:$P$T3$4</name>
         <load_address>0x20010a18</load_address>
         <run_address>0x20010a18</run_address>
         <size>0xe</size>
         <input_file_ref idref="fl-2"/>
      </object_component>
      <object_component id="oc-184">
         <name>.const:.string:$P$T4$5</name>
         <load_address>0x20010a26</load_address>
         <run_address>0x20010a26</run_address>
         <size>0xa</size>
         <input_file_ref idref="fl-2"/>
      </object_component>
      <object_component id="oc-187">
         <name>.const:.string:$P$T5$6</name>
         <load_address>0x20010a30</load_address>
         <run_address>0x20010a30</run_address>
         <size>0x9</size>
         <input_file_ref idref="fl-2"/>
      </object_component>
      <object_component id="oc-43e">
         <name>.const:StartResponseLUT</name>
         <load_address>0x20010a39</load_address>
         <run_address>0x20010a39</run_address>
         <size>0x8</size>
         <input_file_ref idref="fl-109"/>
      </object_component>
      <object_component id="oc-634">
         <name>.const:g_H2NCnysPattern</name>
         <load_address>0x20010a44</load_address>
         <run_address>0x20010a44</run_address>
         <size>0x8</size>
         <input_file_ref idref="fl-10a"/>
      </object_component>
      <object_component id="oc-591">
         <name>.const:g_H2NSyncPattern</name>
         <load_address>0x20010a4c</load_address>
         <run_address>0x20010a4c</run_address>
         <size>0x8</size>
         <input_file_ref idref="fl-10a"/>
      </object_component>
      <object_component id="oc-1f1">
         <name>.const:.string:$P$T8$17</name>
         <load_address>0x20010a54</load_address>
         <run_address>0x20010a54</run_address>
         <size>0x5</size>
         <input_file_ref idref="fl-2"/>
      </object_component>
      <object_component id="oc-34b">
         <name>.const:$P$T0$1</name>
         <load_address>0x20010a5a</load_address>
         <run_address>0x20010a5a</run_address>
         <size>0x4</size>
         <input_file_ref idref="fl-10d"/>
      </object_component>
      <object_component id="oc-361">
         <name>.const:_SlAcceptCmdCtrl</name>
         <load_address>0x20010a5e</load_address>
         <run_address>0x20010a5e</run_address>
         <size>0x4</size>
         <input_file_ref idref="fl-10d"/>
      </object_component>
      <object_component id="oc-2f8">
         <name>.const:_SlDeviceGetCmdCtrl</name>
         <load_address>0x20010a62</load_address>
         <run_address>0x20010a62</run_address>
         <size>0x4</size>
         <input_file_ref idref="fl-109"/>
      </object_component>
      <object_component id="oc-353">
         <name>.const:_SlListenCmdCtrl</name>
         <load_address>0x20010a66</load_address>
         <run_address>0x20010a66</run_address>
         <size>0x4</size>
         <input_file_ref idref="fl-10d"/>
      </object_component>
      <object_component id="oc-6d3">
         <name>.const:_SlNetAppSendTokenValueCmdCtrl</name>
         <load_address>0x20010a6a</load_address>
         <run_address>0x20010a6a</run_address>
         <size>0x4</size>
         <input_file_ref idref="fl-10b"/>
      </object_component>
      <object_component id="oc-334">
         <name>.const:_SlNetCfgGetCmdCtrl</name>
         <load_address>0x20010a6e</load_address>
         <run_address>0x20010a6e</run_address>
         <size>0x4</size>
         <input_file_ref idref="fl-10c"/>
      </object_component>
      <object_component id="oc-310">
         <name>.const:_SlNetCfgSetCmdCtrl</name>
         <load_address>0x20010a72</load_address>
         <run_address>0x20010a72</run_address>
         <size>0x4</size>
         <input_file_ref idref="fl-10c"/>
      </object_component>
      <object_component id="oc-301">
         <name>.const:_SlPolicySetCmdCtrl</name>
         <load_address>0x20010a76</load_address>
         <run_address>0x20010a76</run_address>
         <size>0x4</size>
         <input_file_ref idref="fl-10e"/>
      </object_component>
      <object_component id="oc-305">
         <name>.const:_SlProfileDelCmdCtrl</name>
         <load_address>0x20010a7a</load_address>
         <run_address>0x20010a7a</run_address>
         <size>0x4</size>
         <input_file_ref idref="fl-10e"/>
      </object_component>
      <object_component id="oc-36b">
         <name>.const:_SlRecvCmdCtrl</name>
         <load_address>0x20010a7e</load_address>
         <run_address>0x20010a7e</run_address>
         <size>0x4</size>
         <input_file_ref idref="fl-10d"/>
      </object_component>
      <object_component id="oc-489">
         <name>.const:_SlRegisterServiceCtrl</name>
         <load_address>0x20010a82</load_address>
         <run_address>0x20010a82</run_address>
         <size>0x4</size>
         <input_file_ref idref="fl-10b"/>
      </object_component>
      <object_component id="oc-328">
         <name>.const:_SlRxFilterSetCmdCtrl</name>
         <load_address>0x20010a86</load_address>
         <run_address>0x20010a86</run_address>
         <size>0x4</size>
         <input_file_ref idref="fl-10e"/>
      </object_component>
      <object_component id="oc-357">
         <name>.const:_SlSetSockOptCmdCtrl</name>
         <load_address>0x20010a8a</load_address>
         <run_address>0x20010a8a</run_address>
         <size>0x4</size>
         <input_file_ref idref="fl-10d"/>
      </object_component>
      <object_component id="oc-34f">
         <name>.const:_SlSockCloseCmdCtrl</name>
         <load_address>0x20010a8e</load_address>
         <run_address>0x20010a8e</run_address>
         <size>0x4</size>
         <input_file_ref idref="fl-10d"/>
      </object_component>
      <object_component id="oc-33c">
         <name>.const:_SlSockSocketCmdCtrl</name>
         <load_address>0x20010a92</load_address>
         <run_address>0x20010a92</run_address>
         <size>0x4</size>
         <input_file_ref idref="fl-10d"/>
      </object_component>
      <object_component id="oc-2e9">
         <name>.const:_SlStopCmdCtrl</name>
         <load_address>0x20010a96</load_address>
         <run_address>0x20010a96</run_address>
         <size>0x4</size>
         <input_file_ref idref="fl-109"/>
      </object_component>
      <object_component id="oc-31a">
         <name>.const:_SlWlanCfgSetCmdCtrl</name>
         <load_address>0x20010a9a</load_address>
         <run_address>0x20010a9a</run_address>
         <size>0x4</size>
         <input_file_ref idref="fl-10e"/>
      </object_component>
      <object_component id="oc-2cd">
         <name>.const:_SlWlanSetModeCmdCtrl</name>
         <load_address>0x20010a9e</load_address>
         <run_address>0x20010a9e</run_address>
         <size>0x4</size>
         <input_file_ref idref="fl-10e"/>
      </object_component>
      <object_component id="oc-706">
         <name>.cinit..data.load</name>
         <load_address>0x20010aa8</load_address>
         <run_address>0x20010aa8</run_address>
         <size>0x34</size>
      </object_component>
      <object_component id="oc-704">
         <name>__TI_handler_table</name>
         <load_address>0x20010adc</load_address>
         <run_address>0x20010adc</run_address>
         <size>0xc</size>
      </object_component>
      <object_component id="oc-707">
         <name>.cinit..bss.load</name>
         <load_address>0x20010ae8</load_address>
         <run_address>0x20010ae8</run_address>
         <size>0x8</size>
      </object_component>
      <object_component id="oc-705">
         <name>__TI_cinit_table</name>
         <load_address>0x20010af0</load_address>
         <run_address>0x20010af0</run_address>
         <size>0x10</size>
      </object_component>
      <object_component id="oc-132">
         <name>.data</name>
         <load_address>0x2001b810</load_address>
         <run_address>0x2001b810</run_address>
         <size>0x14</size>
         <input_file_ref idref="fl-2"/>
      </object_component>
      <object_component id="oc-1cd">
         <name>.data:g_cBsdRecvBuf</name>
         <load_address>0x2001b000</load_address>
         <run_address>0x2001b000</run_address>
         <size>0x780</size>
         <input_file_ref idref="fl-2"/>
      </object_component>
      <object_component id="oc-1e4">
         <name>.data:sbusBytes$11</name>
         <load_address>0x2001b7f4</load_address>
         <run_address>0x2001b7f4</run_address>
         <size>0x19</size>
         <input_file_ref idref="fl-2"/>
      </object_component>
      <object_component id="oc-1d6">
         <name>.data:fcuChannels$15</name>
         <load_address>0x2001b7b4</load_address>
         <run_address>0x2001b7b4</run_address>
         <size>0x20</size>
         <input_file_ref idref="fl-2"/>
      </object_component>
      <object_component id="oc-1e3">
         <name>.data:myChannels$16</name>
         <load_address>0x2001b7d4</load_address>
         <run_address>0x2001b7d4</run_address>
         <size>0x20</size>
         <input_file_ref idref="fl-2"/>
      </object_component>
      <object_component id="oc-d4">
         <name>.data:$O1$$</name>
         <load_address>0x2001b834</load_address>
         <run_address>0x2001b834</run_address>
         <size>0xc</size>
         <input_file_ref idref="fl-e3"/>
      </object_component>
      <object_component id="oc-25d">
         <name>.data:$O1$$</name>
         <load_address>0x2001b840</load_address>
         <run_address>0x2001b840</run_address>
         <size>0xc</size>
         <input_file_ref idref="fl-e6"/>
      </object_component>
      <object_component id="oc-82">
         <name>.data</name>
         <load_address>0x2001b874</load_address>
         <run_address>0x2001b874</run_address>
         <size>0x4</size>
         <input_file_ref idref="fl-ea"/>
      </object_component>
      <object_component id="oc-d7">
         <name>.data:$O1$$</name>
         <load_address>0x2001b864</load_address>
         <run_address>0x2001b864</run_address>
         <size>0x8</size>
         <input_file_ref idref="fl-ee"/>
      </object_component>
      <object_component id="oc-5c8">
         <name>.data</name>
         <load_address>0x2001b870</load_address>
         <run_address>0x2001b870</run_address>
         <size>0x4</size>
         <input_file_ref idref="fl-101"/>
      </object_component>
      <object_component id="oc-3af">
         <name>.data</name>
         <load_address>0x2001b84c</load_address>
         <run_address>0x2001b84c</run_address>
         <size>0xc</size>
         <input_file_ref idref="fl-103"/>
      </object_component>
      <object_component id="oc-95">
         <name>.data</name>
         <load_address>0x2001b86c</load_address>
         <run_address>0x2001b86c</run_address>
         <size>0x4</size>
         <input_file_ref idref="fl-104"/>
      </object_component>
      <object_component id="oc-91">
         <name>.data</name>
         <load_address>0x2001b780</load_address>
         <run_address>0x2001b780</run_address>
         <size>0x34</size>
         <input_file_ref idref="fl-107"/>
      </object_component>
      <object_component id="oc-2b2">
         <name>.data</name>
         <load_address>0x2001b824</load_address>
         <run_address>0x2001b824</run_address>
         <size>0xd</size>
         <input_file_ref idref="fl-10a"/>
      </object_component>
      <object_component id="oc-3f5">
         <name>.data</name>
         <load_address>0x2001b858</load_address>
         <run_address>0x2001b858</run_address>
         <size>0x9</size>
         <input_file_ref idref="fl-10f"/>
      </object_component>
      <object_component id="oc-1c7">
         <name>.bss</name>
         <uninitialized>true</uninitialized>
         <run_address>0x2001bf7c</run_address>
         <size>0xc</size>
         <input_file_ref idref="fl-2"/>
      </object_component>
      <object_component id="oc-26d">
         <name>.bss</name>
         <uninitialized>true</uninitialized>
         <run_address>0x2001bf88</run_address>
         <size>0x4</size>
         <input_file_ref idref="fl-6"/>
      </object_component>
      <object_component id="oc-4e8">
         <name>.bss:xQueueRegistry</name>
         <uninitialized>true</uninitialized>
         <run_address>0x2001be78</run_address>
         <size>0x50</size>
         <input_file_ref idref="fl-106"/>
      </object_component>
      <object_component id="oc-f1">
         <name>.bss:pxReadyTasksLists</name>
         <uninitialized>true</uninitialized>
         <run_address>0x2001bdb0</run_address>
         <size>0xc8</size>
         <input_file_ref idref="fl-107"/>
      </object_component>
      <object_component id="oc-3e4">
         <name>.bss:g_StatMem</name>
         <uninitialized>true</uninitialized>
         <run_address>0x2001bc38</run_address>
         <size>0x178</size>
         <input_file_ref idref="fl-10a"/>
      </object_component>
      <object_component id="oc-191">
         <name>.common:g_cBsdSendBuf</name>
         <uninitialized>true</uninitialized>
         <run_address>0x2001b878</run_address>
         <size>0x3c0</size>
      </object_component>
      <object_component id="oc-1c9">
         <name>.common:pccount</name>
         <uninitialized>true</uninitialized>
         <run_address>0x2001bf94</run_address>
         <size>0x4</size>
      </object_component>
      <object_component id="oc-1c8">
         <name>.common:recvCall</name>
         <uninitialized>true</uninitialized>
         <run_address>0x2001bfa0</run_address>
         <size>0x4</size>
      </object_component>
      <object_component id="oc-fb">
         <name>.common:xDelayedTaskList1</name>
         <uninitialized>true</uninitialized>
         <run_address>0x2001bf18</run_address>
         <size>0x14</size>
      </object_component>
      <object_component id="oc-fc">
         <name>.common:xDelayedTaskList2</name>
         <uninitialized>true</uninitialized>
         <run_address>0x2001bf2c</run_address>
         <size>0x14</size>
      </object_component>
      <object_component id="oc-f7">
         <name>.common:pxDelayedTaskList</name>
         <uninitialized>true</uninitialized>
         <run_address>0x2001bf98</run_address>
         <size>0x4</size>
      </object_component>
      <object_component id="oc-f8">
         <name>.common:pxOverflowDelayedTaskList</name>
         <uninitialized>true</uninitialized>
         <run_address>0x2001bf9c</run_address>
         <size>0x4</size>
      </object_component>
      <object_component id="oc-fa">
         <name>.common:xPendingReadyList</name>
         <uninitialized>true</uninitialized>
         <run_address>0x2001bf40</run_address>
         <size>0x14</size>
      </object_component>
      <object_component id="oc-f4">
         <name>.common:xTasksWaitingTermination</name>
         <uninitialized>true</uninitialized>
         <run_address>0x2001bf68</run_address>
         <size>0x14</size>
      </object_component>
      <object_component id="oc-f9">
         <name>.common:xSuspendedTaskList</name>
         <uninitialized>true</uninitialized>
         <run_address>0x2001bf54</run_address>
         <size>0x14</size>
      </object_component>
      <object_component id="oc-3e7">
         <name>.common:RxIrqCnt</name>
         <uninitialized>true</uninitialized>
         <run_address>0x2001bfa4</run_address>
         <size>0x1</size>
      </object_component>
      <object_component id="oc-2af">
         <name>.common:g_bDeviceRestartIsRequired</name>
         <uninitialized>true</uninitialized>
         <run_address>0x2001bfa5</run_address>
         <size>0x1</size>
      </object_component>
      <object_component id="oc-3f8">
         <name>.common:g_ucDinDout</name>
         <uninitialized>true</uninitialized>
         <run_address>0x2001bec8</run_address>
         <size>0x50</size>
      </object_component>
      <object_component id="oc-401">
         <name>.common:DMAMsgQ</name>
[...]
      </symbol>
      <symbol id="sm-e7a">
         <name>vTaskDelayUntil</name>
         <value>0x20005b3f</value>
         <object_component_ref idref="oc-8b"/>
      </symbol>
      <symbol id="sm-e7b">
         <name>uxTaskGetTaskNumber</name>
         <value>0x2000666d</value>
         <object_component_ref idref="oc-8b"/>
      </symbol>
      <symbol id="sm-e7c">
         <name>vTaskEndScheduler</name>
         <value>0x2000602d</value>
         <object_component_ref idref="oc-8b"/>
      </symbol>
      <symbol id="sm-e7d">
         <name>vTaskMissedYield</name>
         <value>0x2000665f</value>
         <object_component_ref idref="oc-8b"/>
      </symbol>
      <symbol id="sm-e7e">
         <name>uxTaskGetNumberOfTasks</name>
         <value>0x20006149</value>
         <object_component_ref idref="oc-8b"/>
      </symbol>
      <symbol id="sm-e7f">
         <name>uxTaskPriorityGet</name>
         <value>0x20005cc5</value>
         <object_component_ref idref="oc-8b"/>
      </symbol>
      <symbol id="sm-e80">
         <name>xTaskResumeAll</name>
         <value>0x20006051</value>
         <object_component_ref idref="oc-8b"/>
      </symbol>
      <symbol id="sm-e81">
         <name>xTaskGetTickCount</name>
         <value>0x2000611d</value>
         <object_component_ref idref="oc-8b"/>
      </symbol>
      <symbol id="sm-e82">
         <name>xTaskGenericCreate</name>
         <value>0x200059a1</value>
         <object_component_ref idref="oc-8b"/>
      </symbol>
      <symbol id="sm-e83">
         <name>uxTaskGetSystemState</name>
         <value>0x20006179</value>
         <object_component_ref idref="oc-8b"/>
      </symbol>
      <symbol id="sm-e84">
         <name>vTaskDelete</name>
         <value>0x20005aaf</value>
         <object_component_ref idref="oc-8b"/>
      </symbol>
      <symbol id="sm-e85">
         <name>pxCurrentTCB</name>
         <value>0x2001b780</value>
         <object_component_ref idref="oc-91"/>
      </symbol>
      <symbol id="sm-e86">
         <name>eTaskGetState</name>
         <value>0x20005c31</value>
         <object_component_ref idref="oc-8b"/>
      </symbol>
      <symbol id="sm-e87">
         <name>vTaskSuspend</name>
         <value>0x20005e01</value>
         <object_component_ref idref="oc-8b"/>
      </symbol>
      <symbol id="sm-e88">
         <name>xTaskGetIdleTaskHandle</name>
         <value>0x20006237</value>
         <object_component_ref idref="oc-8b"/>
      </symbol>
      <symbol id="sm-e89">
         <name>xTaskGetTickCountFromISR</name>
         <value>0x20006131</value>
         <object_component_ref idref="oc-8b"/>
      </symbol>
      <symbol id="sm-e8a">
         <name>vTaskResume</name>
         <value>0x20005ef5</value>
         <object_component_ref idref="oc-8b"/>
      </symbol>
      <symbol id="sm-e8b">
         <name>vTaskSetTimeOutState</name>
         <value>0x200065bf</value>
         <object_component_ref idref="oc-8b"/>
      </symbol>
      <symbol id="sm-e8c">
         <name>xTaskIncrementTick</name>
         <value>0x20006251</value>
         <object_component_ref idref="oc-8b"/>
      </symbol>
      <symbol id="sm-e8d">
         <name>vTaskSwitchContext</name>
         <value>0x20006375</value>
         <object_component_ref idref="oc-8b"/>
      </symbol>
      <symbol id="sm-e8e">
         <name>uxTaskResetEventItemValue</name>
         <value>0x20006bc5</value>
         <object_component_ref idref="oc-8b"/>
      </symbol>
      <symbol id="sm-e8f">
         <name>xTaskGetSchedulerState</name>
         <value>0x20006a49</value>
         <object_component_ref idref="oc-8b"/>
      </symbol>
      <symbol id="sm-e90">
         <name>xTaskResumeFromISR</name>
         <value>0x20005f69</value>
         <object_component_ref idref="oc-8b"/>
      </symbol>
      <symbol id="sm-e91">
         <name>xTaskGetCurrentTaskHandle</name>
         <value>0x20006a35</value>
         <object_component_ref idref="oc-8b"/>
      </symbol>
      <symbol id="sm-e92">
         <name>vTaskPlaceOnUnorderedEventList</name>
         <value>0x20006459</value>
         <object_component_ref idref="oc-8b"/>
      </symbol>
      <symbol id="sm-e93">
         <name>xTaskRemoveFromEventList</name>
         <value>0x200064cd</value>
         <object_component_ref idref="oc-8b"/>
      </symbol>
      <symbol id="sm-ea9">
         <name>uxListRemove</name>
         <value>0x2000d795</value>
         <object_component_ref idref="oc-eb"/>
      </symbol>
      <symbol id="sm-eaa">
         <name>vListInsert</name>
         <value>0x2000d72f</value>
         <object_component_ref idref="oc-eb"/>
      </symbol>
      <symbol id="sm-eab">
         <name>vListInitialiseItem</name>
         <value>0x2000d6e3</value>
         <object_component_ref idref="oc-eb"/>
      </symbol>
      <symbol id="sm-eac">
         <name>vListInsertEnd</name>
         <value>0x2000d6f3</value>
         <object_component_ref idref="oc-eb"/>
      </symbol>
      <symbol id="sm-ead">
         <name>vListInitialise</name>
         <value>0x2000d6b3</value>
         <object_component_ref idref="oc-eb"/>
      </symbol>
      <symbol id="sm-f4b">
         <name>_sl_HandleAsync_InitComplete</name>
         <value>0x2000f025</value>
         <object_component_ref idref="oc-6c3"/>
      </symbol>
      <symbol id="sm-f4c">
         <name>_SlDrvDeviceEventHandler</name>
         <value>0x2000ea6d</value>
         <object_component_ref idref="oc-671"/>
      </symbol>
      <symbol id="sm-f4d">
         <name>_sl_HandleAsync_Stop</name>
         <value>0x2000fc61</value>
         <object_component_ref idref="oc-6ad"/>
      </symbol>
      <symbol id="sm-f4e">
         <name>sl_Stop</name>
         <value>0x2000dc11</value>
         <object_component_ref idref="oc-141"/>
      </symbol>
      <symbol id="sm-f4f">
         <name>sl_Start</name>
         <value>0x2000dd01</value>
         <object_component_ref idref="oc-135"/>
      </symbol>
      <symbol id="sm-f50">
         <name>sl_DevGet</name>
         <value>0x2000e4cd</value>
         <object_component_ref idref="oc-147"/>
      </symbol>
      <symbol id="sm-11e7">
         <name>RxIrqCnt</name>
         <value>0x2001bfa4</value>
      </symbol>
      <symbol id="sm-11e8">
         <name>g_bDeviceRestartIsRequired</name>
         <value>0x2001bfa5</value>
      </symbol>
      <symbol id="sm-11e9">
         <name>_SlDrvProtectionObjUnLock</name>
         <value>0x200101b1</value>
         <object_component_ref idref="oc-414"/>
      </symbol>
      <symbol id="sm-11ea">
         <name>_SlDrvBasicCmd</name>
         <value>0x2000fde1</value>
         <object_component_ref idref="oc-309"/>
      </symbol>
      <symbol id="sm-11eb">
         <name>_SlDrvObjUnLock</name>
         <value>0x20010281</value>
         <object_component_ref idref="oc-4b0"/>
      </symbol>
      <symbol id="sm-11ec">
         <name>_SlDrvObjLockWaitForever</name>
         <value>0x2001021d</value>
         <object_component_ref idref="oc-4aa"/>
      </symbol>
      <symbol id="sm-11ed">
         <name>_SlDrvMsgReadSpawnCtx</name>
         <value>0x2000ded5</value>
         <object_component_ref idref="oc-450"/>
      </symbol>
      <symbol id="sm-11ee">
         <name>_SlDrvDispatchHttpServerEvents</name>
         <value>0x20010399</value>
         <object_component_ref idref="oc-685"/>
      </symbol>
      <symbol id="sm-11ef">
         <name>_SlDriverHandleError</name>
         <value>0x2000e891</value>
         <object_component_ref idref="oc-42a"/>
      </symbol>
      <symbol id="sm-11f0">
         <name>_SlDrvDriverCBDeinit</name>
         <value>0x2000d7dd</value>
         <object_component_ref idref="oc-2e3"/>
      </symbol>
      <symbol id="sm-11f1">
         <name>_SlDrvStartMeasureTimeout</name>
         <value>0x200102db</value>
         <object_component_ref idref="oc-625"/>
      </symbol>
      <symbol id="sm-11f2">
         <name>_SlDrvResetCmdExt</name>
         <value>0x200103a9</value>
         <object_component_ref idref="oc-2f2"/>
      </symbol>
      <symbol id="sm-11f3">
         <name>_SlDrvIsTimeoutExpired</name>
         <value>0x2000ef99</value>
         <object_component_ref idref="oc-62b"/>
      </symbol>
      <symbol id="sm-11f4">
         <name>_SlDrvProtectAsyncRespSetting</name>
         <value>0x2000fcb1</value>
         <object_component_ref idref="oc-285"/>
      </symbol>
      <symbol id="sm-11f5">
         <name>_SlDrvReleasePoolObj</name>
         <value>0x2000c781</value>
         <object_component_ref idref="oc-2a3"/>
      </symbol>
      <symbol id="sm-11f6">
         <name>OpcodeTranslateTable</name>
         <value>0x2001080c</value>
         <object_component_ref idref="oc-5fe"/>
      </symbol>
      <symbol id="sm-11f7">
         <name>pPingCallBackFunc</name>
         <value>0x2001b82c</value>
         <object_component_ref idref="oc-2b2"/>
      </symbol>
      <symbol id="sm-11f8">
         <name>_SlDrvDriverCBInit</name>
         <value>0x2000ce61</value>
         <object_component_ref idref="oc-279"/>
      </symbol>
      <symbol id="sm-11f9">
         <name>g_pCB</name>
         <value>0x2001b828</value>
         <object_component_ref idref="oc-2b2"/>
      </symbol>
      <symbol id="sm-11fa">
         <name>_SlDrvProtectionObjLockWaitForever</name>
         <value>0x2001013d</value>
         <object_component_ref idref="oc-40e"/>
      </symbol>
      <symbol id="sm-11fb">
         <name>_SlDrvCmdOp</name>
         <value>0x2000e65d</value>
         <object_component_ref idref="oc-2c7"/>
      </symbol>
      <symbol id="sm-11fc">
         <name>_SlDrvSyncObjWaitTimeout</name>
         <value>0x2000feb5</value>
         <object_component_ref idref="oc-29d"/>
      </symbol>
      <symbol id="sm-11fd">
         <name>_SlDrvGlobalObjUnLock</name>
         <value>0x2001018d</value>
         <object_component_ref idref="oc-45f"/>
      </symbol>
      <symbol id="sm-11fe">
         <name>_SlDrvMemZero</name>
         <value>0x20010345</value>
         <object_component_ref idref="oc-3de"/>
      </symbol>
      <symbol id="sm-11ff">
         <name>_SlDrvWaitForPoolObj</name>
         <value>0x2000cff1</value>
         <object_component_ref idref="oc-408"/>
      </symbol>
      <symbol id="sm-1200">
         <name>_SlDrvSyncObjSignal</name>
         <value>0x2001029f</value>
         <object_component_ref idref="oc-437"/>
      </symbol>
      <symbol id="sm-1201">
         <name>_SlDrvDataReadOp</name>
         <value>0x2000c5a1</value>
         <object_component_ref idref="oc-365"/>
      </symbol>
      <symbol id="sm-1202">
         <name>_SlDrvRxIrqHandler</name>
         <value>0x2000fc11</value>
         <object_component_ref idref="oc-2b5"/>
      </symbol>
      <symbol id="sm-1203">
         <name>_SlDrvSyncObjWaitForever</name>
         <value>0x200101d5</value>
         <object_component_ref idref="oc-35b"/>
      </symbol>
      <symbol id="sm-1204">
         <name>g_SlDeviceStatus</name>
         <value>0x2001b824</value>
         <object_component_ref idref="oc-2b2"/>
      </symbol>
      <symbol id="sm-1205">
         <name>_SlDrvCmdSend</name>
         <value>0x2000f6c5</value>
         <object_component_ref idref="oc-6cd"/>
      </symbol>
      <symbol id="sm-1206">
         <name>_SlActionLookupTable</name>
         <value>0x20010848</value>
         <object_component_ref idref="oc-655"/>
      </symbol>
      <symbol id="sm-128d">
         <name>sl_NetAppMDNSUnRegisterService</name>
         <value>0x2000f8d5</value>
         <object_component_ref idref="oc-16b"/>
      </symbol>
      <symbol id="sm-128e">
         <name>_SlNetAppSendTokenValueCmdCtrl</name>
         <value>0x20010a6a</value>
         <object_component_ref idref="oc-6d3"/>
      </symbol>
      <symbol id="sm-128f">
         <name>_sl_HandleAsync_DnsGetHostByName</name>
         <value>0x2000ecd1</value>
         <object_component_ref idref="oc-679"/>
      </symbol>
      <symbol id="sm-1290">
         <name>_sl_HandleAsync_PingResponse</name>
         <value>0x2000ed61</value>
         <object_component_ref idref="oc-641"/>
      </symbol>
      <symbol id="sm-1291">
         <name>_SlDrvNetAppEventHandler</name>
         <value>0x2000da11</value>
         <object_component_ref idref="oc-63b"/>
      </symbol>
      <symbol id="sm-1292">
         <name>_sl_HandleAsync_DnsGetHostByService</name>
         <value>0x2000e401</value>
         <object_component_ref idref="oc-67f"/>
      </symbol>
      <symbol id="sm-1293">
         <name>_sl_NetAppSendTokenValue</name>
         <value>0x2000f731</value>
         <object_component_ref idref="oc-68b"/>
      </symbol>
      <symbol id="sm-1294">
         <name>sl_NetAppMDNSRegisterUnregisterService</name>
         <value>0x2000dfbd</value>
         <object_component_ref idref="oc-31e"/>
      </symbol>
      <symbol id="sm-12d4">
         <name>sl_NetCfgGet</name>
         <value>0x2000e259</value>
         <object_component_ref idref="oc-18b"/>
      </symbol>
      <symbol id="sm-12d5">
         <name>sl_NetCfgSet</name>
         <value>0x2000eb09</value>
         <object_component_ref idref="oc-15f"/>
      </symbol>
      <symbol id="sm-13d0">
         <name>sl_Accept</name>
         <value>0x2000c951</value>
         <object_component_ref idref="oc-1b9"/>
      </symbol>
      <symbol id="sm-13d1">
         <name>sl_Recv</name>
         <value>0x2000e931</value>
         <object_component_ref idref="oc-1c0"/>
      </symbol>
      <symbol id="sm-13d2">
         <name>_sl_HandleAsync_Connect</name>
         <value>0x2000f3e1</value>
         <object_component_ref idref="oc-6a1"/>
      </symbol>
      <symbol id="sm-13d3">
         <name>sl_Htons</name>
         <value>0x2000ffad</value>
         <object_component_ref idref="oc-195"/>
      </symbol>
      <symbol id="sm-13d4">
         <name>sl_Socket</name>
         <value>0x2000f0b1</value>
         <object_component_ref idref="oc-19b"/>
      </symbol>
      <symbol id="sm-13d5">
         <name>_sl_HandleAsync_Select</name>
         <value>0x2000fb15</value>
         <object_component_ref idref="oc-6a7"/>
      </symbol>
      <symbol id="sm-13d6">
         <name>sl_Close</name>
         <value>0x2000f939</value>
         <object_component_ref idref="oc-1a7"/>
      </symbol>
      <symbol id="sm-13d7">
         <name>_sl_HandleAsync_Accept</name>
         <value>0x2000f871</value>
         <object_component_ref idref="oc-69b"/>
      </symbol>
      <symbol id="sm-13d8">
         <name>sl_SetSockOpt</name>
         <value>0x2000eba1</value>
         <object_component_ref idref="oc-1b3"/>
      </symbol>
      <symbol id="sm-13d9">
         <name>sl_Listen</name>
         <value>0x2000f79d</value>
         <object_component_ref idref="oc-1ad"/>
      </symbol>
      <symbol id="sm-13da">
         <name>sl_Bind</name>
         <value>0x2000e7d9</value>
         <object_component_ref idref="oc-1a1"/>
      </symbol>
      <symbol id="sm-146b">
         <name>sl_WlanDisconnect</name>
         <value>0x20010021</value>
         <object_component_ref idref="oc-159"/>
      </symbol>
      <symbol id="sm-146c">
         <name>sl_WlanPolicySet</name>
         <value>0x2000edf1</value>
         <object_component_ref idref="oc-14d"/>
      </symbol>
      <symbol id="sm-146d">
         <name>sl_WlanProfileDel</name>
         <value>0x2000f999</value>
         <object_component_ref idref="oc-153"/>
      </symbol>
      <symbol id="sm-146e">
         <name>sl_WlanRxFilterSet</name>
         <value>0x2000f35d</value>
         <object_component_ref idref="oc-174"/>
      </symbol>
      <symbol id="sm-146f">
         <name>sl_WlanSet</name>
         <value>0x2000ec39</value>
         <object_component_ref idref="oc-165"/>
      </symbol>
      <symbol id="sm-1470">
         <name>sl_WlanSetMode</name>
         <value>0x2000f9f9</value>
         <object_component_ref idref="oc-13b"/>
      </symbol>
      <symbol id="sm-1588">
         <name>g_ucDinDout</name>
         <value>0x2001bec8</value>
      </symbol>
      <symbol id="sm-1589">
         <name>DMAMsgQ</name>
         <value>0x2001bf8c</value>
      </symbol>
      <symbol id="sm-158a">
         <name>g_cDummy</name>
         <value>0x2001bf90</value>
      </symbol>
      <symbol id="sm-158b">
         <name>NwpMaskInterrupt</name>
         <value>0x200103d5</value>
         <object_component_ref idref="oc-41b"/>
      </symbol>
      <symbol id="sm-158c">
         <name>NwpPrePowerOffTimout0</name>
         <value>0x20010241</value>
         <object_component_ref idref="oc-2d7"/>
      </symbol>
      <symbol id="sm-158d">
         <name>NwpRegisterInterruptHandler</name>
         <value>0x20010165</value>
         <object_component_ref idref="oc-291"/>
      </symbol>
      <symbol id="sm-158e">
         <name>g_pHostIntHdl</name>
         <value>0x2001b85c</value>
         <object_component_ref idref="oc-3f5"/>
      </symbol>
      <symbol id="sm-158f">
         <name>simplelink_timerA2_start</name>
         <value>0x2000ff71</value>
         <object_component_ref idref="oc-6b6"/>
      </symbol>
      <symbol id="sm-1590">
         <name>NwpUnMaskInterrupt</name>
         <value>0x200103e1</value>
         <object_component_ref idref="oc-423"/>
      </symbol>
      <symbol id="sm-1591">
         <name>NwpPowerOff</name>
         <value>0x2000ffe9</value>
         <object_component_ref idref="oc-28b"/>
      </symbol>
      <symbol id="sm-1592">
         <name>TimerGetCurrentTimestamp</name>
         <value>0x20010261</value>
         <object_component_ref idref="oc-665"/>
      </symbol>
      <symbol id="sm-1593">
         <name>spi_Read</name>
         <value>0x2000e17d</value>
         <object_component_ref idref="oc-5f1"/>
      </symbol>
      <symbol id="sm-1594">
         <name>DmaSpiSwIntHandler</name>
         <value>0x200100bd</value>
         <object_component_ref idref="oc-3fb"/>
      </symbol>
      <symbol id="sm-1595">
         <name>NwpPowerOn</name>
         <value>0x200100e9</value>
         <object_component_ref idref="oc-297"/>
      </symbol>
      <symbol id="sm-1596">
         <name>spi_Close</name>
         <value>0x2000f5dd</value>
         <object_component_ref idref="oc-2dd"/>
      </symbol>
      <symbol id="sm-1597">
         <name>spi_Write</name>
         <value>0x2000f13d</value>
         <object_component_ref idref="oc-58b"/>
      </symbol>
      <symbol id="sm-1598">
         <name>spi_Open</name>
         <value>0x2000d2f1</value>
         <object_component_ref idref="oc-27f"/>
      </symbol>
      <symbol id="sm-1599">
         <name>g_ucDMAEnabled</name>
         <value>0x2001b860</value>
         <object_component_ref idref="oc-3f5"/>
      </symbol>
      <symbol id="sm-159a">
         <name>g_SpiFd</name>
         <value>0x2001b858</value>
         <object_component_ref idref="oc-3f5"/>
      </symbol>
      <symbol id="sm-159b">
         <name>__TI_static_base__</name>
         <value>0x20010aa8</value>
      </symbol>
      <symbol id="sm-159e">
         <name>SHT$$INIT_ARRAY$$Limit</name>
         <value>0x0</value>
      </symbol>
      <symbol id="sm-159f">
         <name>SHT$$INIT_ARRAY$$Base</name>
         <value>0x0</value>
      </symbol>
   </symbol_table>
   <title>Link successful</title>
</link_info>
