******************************************************************************
                  TI ARM Linker PC v16.9.4                     
******************************************************************************
>> Linked Mon Mar 09 20:35:55 2020

OUTPUT FILE NAME:   <HighRise.out>
ENTRY POINT SYMBOL: "_c_int00"  address: 2000fef5


MEMORY CONFIGURATION

         name            origin    length      used     unused   attr    fill
----------------------  --------  ---------  --------  --------  ----  --------
  SRAM_CODE             20004000   00012fff  0000caf8  00006507  RW X
  SRAM_DATA             20017000   00019000  00005fa6  0001305a  RW X


SEGMENT ALLOCATION MAP

run origin  load origin   length   init length attrs members
----------  ----------- ---------- ----------- ----- -------
20004000    20004000    0000cb00   0000cb00    r-x
  20004000    20004000    00000400   00000400    r-- .intvecs
  20004400    20004400    0000c00a   0000c00a    r-x .text
  2001040c    2001040c    00000696   00000696    r-- .const
  20010aa8    20010aa8    00000058   00000058    r-- .cinit
20017000    20017000    00004fa6   00000000    rw-
  20017000    20017000    00004000   00000000    rw- .sysmem
  2001b000    2001b000    00000878   00000000    rw- .data
  2001b878    2001b878    0000072e   00000000    rw- .bss
2002f000    2002f000    00001000   00000000    rw-
  2002f000    2002f000    00001000   00000000    rw- .stack


SECTION ALLOCATION MAP

 output                                  attributes/
section   page    origin      length       input sections
--------  ----  ----------  ----------   ----------------
.intvecs   0    20004000    00000400     
                  20004000    00000400     startup_ccs.obj (.intvecs)

.init_array 
*          0    20004000    00000000     UNINITIALIZED

.text      0    20004400    0000c00a     
                  20004400    000015a0     main.obj (.text)
                  200059a0    0000125c     free_rtos.a : tasks.obj (.text)
                  20006bfc    00001122     rtsv7M4_T_le_eabi.lib : _printfi.obj (.text)
                  20007d1e    00000002                           : mpu_init.obj (.text)
                  20007d20    00000b60     prcm.obj (.text)
                  20008880    00000b24     free_rtos.a : queue.obj (.text)
                  200093a4    00000794     spi.obj (.text)
                  20009b38    00000590     simplelink.a : driver.obj (.text:_SlDrvMsgRead)
                  2000a0c8    000004a4     udma.obj (.text)
                  2000a56c    0000048c     uart.obj (.text)
                  2000a9f8    0000045c     free_rtos.a : osi_freertos.obj (.text)
                  2000ae54    000003d0     rtsv7M4_T_le_eabi.lib : memory.obj (.text)
                  2000b224    000003bc     timer.obj (.text)
                  2000b5e0    00000370     interrupt.obj (.text)
                  2000b950    00000300     flash.obj (.text)
                  2000bc50    00000290     uart_if.obj (.text)
                  2000bee0    00000280     pin.obj (.text)
                  2000c160    0000024c     simplelink.a : driver.obj (.text:_SlDrvRxHdrRead)
                  2000c3ac    000001f4     rtsv7M4_T_le_eabi.lib : ull_div_t2.obj (.text)
                  2000c5a0    000001e0     simplelink.a : driver.obj (.text:_SlDrvDataReadOp)
                  2000c780    000001d0                  : driver.obj (.text:_SlDrvReleasePoolObj)
                  2000c950    000001bc                  : socket.obj (.text:sl_Accept)
                  2000cb0c    000001b6     rtsv7M4_T_le_eabi.lib : fd_add_t2.obj (.text)
                  2000ccc2    00000002                           : startup.obj (.text)
                  2000ccc4    0000019c     simplelink.a : driver.obj (.text:_SlDrvMsgWrite)
                  2000ce60    00000190                  : driver.obj (.text:_SlDrvDriverCBInit)
                  2000cff0    00000190                  : driver.obj (.text:_SlDrvWaitForPoolObj)
                  2000d180    00000170                  : driver.obj (.text:_SlFindAndSetActiveObj)
                  2000d2f0    00000150                  : cc_pal.obj (.text:spi_Open)
                  2000d440    0000013c                  : driver.obj (.text:_SlDrvMsgReadCmdCtx)
                  2000d57c    00000136     rtsv7M4_T_le_eabi.lib : fd_div_t2.obj (.text)
                  2000d6b2    0000012a     free_rtos.a : list.obj (.text)
                  2000d7dc    00000124     simplelink.a : driver.obj (.text:_SlDrvDriverCBDeinit)
                  2000d900    00000110     free_rtos.a : port.obj (.text)
                  2000da10    00000104     simplelink.a : netapp.obj (.text:_SlDrvNetAppEventHandler)
                  2000db14    000000fc     rtsv7M4_T_le_eabi.lib : fd_mul_t2.obj (.text)
                  2000dc10    000000f0     simplelink.a : device.obj (.text:sl_Stop)
                  2000dd00    000000ec                  : device.obj (.text:sl_Start)
                  2000ddec    000000e8                  : driver.obj (.text:_SlAsyncEventGenericHandler)
                  2000ded4    000000e8                  : driver.obj (.text:_SlDrvMsgReadSpawnCtx)
                  2000dfbc    000000e4                  : netapp.obj (.text:sl_NetAppMDNSRegisterUnregisterService)
                  2000e0a0    000000dc                  : driver.obj (.text:_SlDrvClassifyRxMsg)
                  2000e17c    000000dc                  : cc_pal.obj (.text:spi_Read)
                  2000e258    000000d8                  : netcfg.obj (.text:sl_NetCfgGet)
                  2000e330    000000d0     rtsv7M4_T_le_eabi.lib : s_scalbn.obj (.text)
                  2000e400    000000cc     simplelink.a : netapp.obj (.text:_sl_HandleAsync_DnsGetHostByService)
                  2000e4cc    000000cc                  : device.obj (.text:sl_DevGet)
                  2000e598    000000c4                  : driver.obj (.text:_SlRemoveFromList)
                  2000e65c    000000c0                  : driver.obj (.text:_SlDrvCmdOp)
                  2000e71c    000000ba     free_rtos.a : portasm.obj (.text)
                  2000e7d6    00000002     --HOLE-- [fill = 0]
                  2000e7d8    000000b8     simplelink.a : socket.obj (.text:sl_Bind)
                  2000e890    000000a0                  : driver.obj (.text:_SlDriverHandleError)
                  2000e930    000000a0                  : socket.obj (.text:sl_Recv)
                  2000e9d0    0000009c     rtsv7M4_T_le_eabi.lib : memcpy_t2.obj (.text)
                  2000ea6c    0000009a     simplelink.a : device.obj (.text:_SlDrvDeviceEventHandler)
                  2000eb06    00000002     --HOLE-- [fill = 0]
                  2000eb08    00000098                  : netcfg.obj (.text:sl_NetCfgSet)
                  2000eba0    00000098                  : socket.obj (.text:sl_SetSockOpt)
                  2000ec38    00000098                  : wlan.obj (.text:sl_WlanSet)
                  2000ecd0    00000090                  : netapp.obj (.text:_sl_HandleAsync_DnsGetHostByName)
                  2000ed60    00000090                  : netapp.obj (.text:_sl_HandleAsync_PingResponse)
                  2000edf0    00000090                  : wlan.obj (.text:sl_WlanPolicySet)
                  2000ee80    0000008c                  : cc_pal.obj (.text:SetupDMAReceive)
                  2000ef0c    0000008c                  : cc_pal.obj (.text:SetupDMASend)
                  2000ef98    0000008c                  : driver.obj (.text:_SlDrvIsTimeoutExpired)
                  2000f024    0000008c                  : device.obj (.text:_sl_HandleAsync_InitComplete)
                  2000f0b0    0000008c                  : socket.obj (.text:sl_Socket)
                  2000f13c    0000008c                  : cc_pal.obj (.text:spi_Write)
                  2000f1c8    00000088     rtsv7M4_T_le_eabi.lib : vsnprintf.obj (.text)
                  2000f250    00000086                           : fd_cmp_t2.obj (.text:__aeabi_cdcmple)
                  2000f2d6    00000086                           : fd_cmp_t2.obj (.text:__aeabi_cdrcmple)
                  2000f35c    00000084     simplelink.a : wlan.obj (.text:sl_WlanRxFilterSet)
                  2000f3e0    00000080                  : socket.obj (.text:_sl_HandleAsync_Connect)
                  2000f460    00000080                  : cc_pal.obj (.text:spi_Read_CPU)
                  2000f4e0    00000080                  : cc_pal.obj (.text:spi_Write_CPU)
                  2000f560    0000007a     rtsv7M4_T_le_eabi.lib : memset_t2.obj (.text)
                  2000f5da    00000002     --HOLE-- [fill = 0]
                  2000f5dc    00000078     simplelink.a : cc_pal.obj (.text:spi_Close)
                  2000f654    00000070     rtsv7M4_T_le_eabi.lib : autoinit.obj (.text)
                  2000f6c4    0000006c     simplelink.a : driver.obj (.text:_SlDrvCmdSend)
                  2000f730    0000006c                  : netapp.obj (.text:_sl_NetAppSendTokenValue)
                  2000f79c    0000006c                  : socket.obj (.text:sl_Listen)
                  2000f808    00000068     rtsv7M4_T_le_eabi.lib : copy_decompress_lzss.obj (.text:decompress:lzss)
                  2000f870    00000064     simplelink.a : socket.obj (.text:_sl_HandleAsync_Accept)
                  2000f8d4    00000064                  : netapp.obj (.text:sl_NetAppMDNSUnRegisterService)
                  2000f938    00000060                  : socket.obj (.text:sl_Close)
                  2000f998    00000060                  : wlan.obj (.text:sl_WlanProfileDel)
                  2000f9f8    00000060                  : wlan.obj (.text:sl_WlanSetMode)
                  2000fa58    0000005e     cpu.obj (.text)
                  2000fab6    00000002     --HOLE-- [fill = 0]
                  2000fab8    0000005c     rtsv7M4_T_le_eabi.lib : s_frexp.obj (.text)
                  2000fb14    00000054     simplelink.a : socket.obj (.text:_sl_HandleAsync_Select)
                  2000fb68    00000054     rtsv7M4_T_le_eabi.lib : exit.obj (.text)
                  2000fbbc    00000054                           : ltoa.obj (.text)
                  2000fc10    00000050     simplelink.a : driver.obj (.text:_SlDrvRxIrqHandler)
                  2000fc60    00000050                  : device.obj (.text:_sl_HandleAsync_Stop)
                  2000fcb0    0000004c                  : driver.obj (.text:_SlDrvProtectAsyncRespSetting)
                  2000fcfc    0000004c                  : socket.obj (.text:_sl_BuildAddress)
                  2000fd48    0000004c     rtsv7M4_T_le_eabi.lib : atoi.obj (.text)
                  2000fd94    0000004c                           : cpy_tbl.obj (.text)
                  2000fde0    00000048     simplelink.a : driver.obj (.text:_SlDrvBasicCmd)
                  2000fe28    00000048     rtsv7M4_T_le_eabi.lib : fd_toi_t2.obj (.text)
                  2000fe70    00000044     simplelink.a : cc_pal.obj (.text:cc_SetupTransfer)
                  2000feb4    00000040                  : driver.obj (.text:_SlDrvSyncObjWaitTimeout)
                  2000fef4    00000040     rtsv7M4_T_le_eabi.lib : boot.obj (.text)
                  2000ff34    0000003c     simplelink.a : netapp.obj (.text:CopyPingResultsToReport)
                  2000ff70    0000003c                  : cc_pal.obj (.text:simplelink_timerA2_start)
                  2000ffac    0000003c                  : socket.obj (.text:sl_Htons)
                  2000ffe8    00000038                  : cc_pal.obj (.text:NwpPowerOff)
                  20010020    00000038                  : wlan.obj (.text:sl_WlanDisconnect)
                  20010058    00000034     pinmux.obj (.text)
                  2001008c    0000002e     rtsv7M4_T_le_eabi.lib : i_tofd_t2.obj (.text)
                  200100ba    00000002     --HOLE-- [fill = 0]
                  200100bc    0000002c     simplelink.a : cc_pal.obj (.text:DmaSpiSwIntHandler)
                  200100e8    0000002c                  : cc_pal.obj (.text:NwpPowerOn)
                  20010114    00000028                  : driver.obj (.text:_SlDrvObjGlobalLockWaitForever)
                  2001013c    00000028                  : driver.obj (.text:_SlDrvProtectionObjLockWaitForever)
                  20010164    00000026                  : cc_pal.obj (.text:NwpRegisterInterruptHandler)
                  2001018a    00000002     --HOLE-- [fill = 0]
                  2001018c    00000024                  : driver.obj (.text:_SlDrvGlobalObjUnLock)
                  200101b0    00000024                  : driver.obj (.text:_SlDrvProtectionObjUnLock)
                  200101d4    00000024                  : driver.obj (.text:_SlDrvSyncObjWaitForever)
                  200101f8    00000024     rtsv7M4_T_le_eabi.lib : memmov.obj (.text)
                  2001021c    00000022     simplelink.a : driver.obj (.text:_SlDrvObjLockWaitForever)
                  2001023e    00000002     --HOLE-- [fill = 0]
                  20010240    00000020                  : cc_pal.obj (.text:NwpPrePowerOffTimout0)
                  20010260    00000020                  : cc_pal.obj (.text:TimerGetCurrentTimestamp)
                  20010280    0000001e                  : driver.obj (.text:_SlDrvObjUnLock)
                  2001029e    0000001e                  : driver.obj (.text:_SlDrvSyncObjSignal)
                  200102bc    0000001e                  : cc_pal.obj (.text:cc_UDMAChannelSelect)
                  200102da    0000001c                  : driver.obj (.text:_SlDrvStartMeasureTimeout)
                  200102f6    0000001c     rtsv7M4_T_le_eabi.lib : memccpy.obj (.text)
                  20010312    00000002     --HOLE-- [fill = 0]
                  20010314    00000018     simplelink.a : device.obj (.text:_sl_GetStartResponseConvert)
                  2001032c    00000018     rtsv7M4_T_le_eabi.lib : args_main.obj (.text)
                  20010344    00000016     simplelink.a : driver.obj (.text:_SlDrvMemZero)
                  2001035a    00000016     rtsv7M4_T_le_eabi.lib : strchr.obj (.text)
                  20010370    00000014                           : _lock.obj (.text)
                  20010384    00000014                           : strlen.obj (.text)
                  20010398    00000010     simplelink.a : driver.obj (.text:_SlDrvDispatchHttpServerEvents)
                  200103a8    0000000e                  : driver.obj (.text:_SlDrvResetCmdExt)
                  200103b6    0000000e     rtsv7M4_T_le_eabi.lib : copy_decompress_none.obj (.text:decompress:none)
                  200103c4    0000000e     startup_ccs.obj (.text)
                  200103d2    00000002     --HOLE-- [fill = 0]
                  200103d4    0000000c     simplelink.a : cc_pal.obj (.text:NwpMaskInterrupt)
                  200103e0    0000000c                  : cc_pal.obj (.text:NwpUnMaskInterrupt)
                  200103ec    0000000c     rtsv7M4_T_le_eabi.lib : copy_zero_init.obj (.text:decompress:ZI)
                  200103f8    00000008                           : s_copysign.obj (.text)
                  20010400    00000006     utils.obj (.text:UtilsDelay)
                  20010406    00000004     rtsv7M4_T_le_eabi.lib : pre_init.obj (.text)

.const     0    2001040c    00000696     
                  2001040c    00000101     rtsv7M4_T_le_eabi.lib : ctype.obj (.const:.string:_ctypes_)
                  2001050d    00000003     --HOLE-- [fill = 0]
                  20010510    00000100     pin.obj (.const:g_ulPinToPadMap)
                  20010610    000000d4     interrupt.obj (.const:g_pulRegs)
                  200106e4    000000a8     prcm.obj (.const:PRCM_PeriphRegsList)
                  2001078c    00000040     flash.obj (.const:g_pulFMPPERegs)
                  200107cc    00000040     flash.obj (.const:g_pulFMPRERegs)
                  2001080c    0000003c     simplelink.a : driver.obj (.const:OpcodeTranslateTable)
                  20010848    00000038                  : driver.obj (.const:_SlActionLookupTable)
                  20010880    0000002c     main.obj (.const:$P$T1$2)
                  200108ac    00000024     spi.obj (.const:g_ppulSPIIntMap)
                  200108d0    00000022     main.obj (.const:.string:$P$T0$1)
                  200108f2    00000002     --HOLE-- [fill = 0]
                  200108f4    00000020     simplelink.a : driver.obj (.const:RxMsgClassLUT)
                  20010914    00000020     interrupt.obj (.const:g_pulPriority)
                  20010934    00000018     interrupt.obj (.const:g_pulDisRegs)
                  2001094c    00000018     interrupt.obj (.const:g_pulEnRegs)
                  20010964    00000018     interrupt.obj (.const:g_pulPendRegs)
                  2001097c    00000018     interrupt.obj (.const:g_pulUnpendRegs)
                  20010994    00000018     spi.obj (.const:g_ulSPIDmaMaskMap)
                  200109ac    00000014     simplelink.a : driver.obj (.const:$P$T0$1)
                  200109c0    00000014     main.obj (.const:$P$T2$3)
                  200109d4    00000012     main.obj (.const:.string:$P$T7$10)
                  200109e6    00000002     --HOLE-- [fill = 0]
                  200109e8    00000010     main.obj (.const:$P$T6$7)
                  200109f8    00000010     uart.obj (.const:g_ppulUARTIntMap)
                  20010a08    00000010     main.obj (.const)
                  20010a18    0000000e     main.obj (.const:.string:$P$T3$4)
                  20010a26    0000000a     main.obj (.const:.string:$P$T4$5)
                  20010a30    00000009     main.obj (.const:.string:$P$T5$6)
                  20010a39    00000008     simplelink.a : device.obj (.const:StartResponseLUT)
                  20010a41    00000003     --HOLE-- [fill = 0]
                  20010a44    00000008                  : driver.obj (.const:g_H2NCnysPattern)
                  20010a4c    00000008                  : driver.obj (.const:g_H2NSyncPattern)
                  20010a54    00000005     main.obj (.const:.string:$P$T8$17)
                  20010a59    00000001     --HOLE-- [fill = 0]
                  20010a5a    00000004     simplelink.a : socket.obj (.const:$P$T0$1)
                  20010a5e    00000004                  : socket.obj (.const:_SlAcceptCmdCtrl)
                  20010a62    00000004                  : device.obj (.const:_SlDeviceGetCmdCtrl)
                  20010a66    00000004                  : socket.obj (.const:_SlListenCmdCtrl)
                  20010a6a    00000004                  : netapp.obj (.const:_SlNetAppSendTokenValueCmdCtrl)
                  20010a6e    00000004                  : netcfg.obj (.const:_SlNetCfgGetCmdCtrl)
                  20010a72    00000004                  : netcfg.obj (.const:_SlNetCfgSetCmdCtrl)
                  20010a76    00000004                  : wlan.obj (.const:_SlPolicySetCmdCtrl)
                  20010a7a    00000004                  : wlan.obj (.const:_SlProfileDelCmdCtrl)
                  20010a7e    00000004                  : socket.obj (.const:_SlRecvCmdCtrl)
                  20010a82    00000004                  : netapp.obj (.const:_SlRegisterServiceCtrl)
                  20010a86    00000004                  : wlan.obj (.const:_SlRxFilterSetCmdCtrl)
                  20010a8a    00000004                  : socket.obj (.const:_SlSetSockOptCmdCtrl)
                  20010a8e    00000004                  : socket.obj (.const:_SlSockCloseCmdCtrl)
                  20010a92    00000004                  : socket.obj (.const:_SlSockSocketCmdCtrl)
                  20010a96    00000004                  : device.obj (.const:_SlStopCmdCtrl)
                  20010a9a    00000004                  : wlan.obj (.const:_SlWlanCfgSetCmdCtrl)
                  20010a9e    00000004                  : wlan.obj (.const:_SlWlanSetModeCmdCtrl)

.cinit     0    20010aa8    00000058     
                  20010aa8    00000034     (.cinit..data.load) [load image, compression = lzss]
                  20010adc    0000000c     (__TI_handler_table)
                  20010ae8    00000008     (.cinit..bss.load) [load image, compression = zero_init]
                  20010af0    00000010     (__TI_cinit_table)

.sysmem    0    20017000    00004000     UNINITIALIZED
                  20017000    00000008     rtsv7M4_T_le_eabi.lib : memory.obj (.sysmem)
                  20017008    00003ff8     --HOLE--

.data      0    2001b000    00000878     UNINITIALIZED
                  2001b000    00000780     main.obj (.data:g_cBsdRecvBuf)
                  2001b780    00000034     free_rtos.a : tasks.obj (.data)
                  2001b7b4    00000020     main.obj (.data:fcuChannels$15)
                  2001b7d4    00000020     main.obj (.data:myChannels$16)
                  2001b7f4    00000019     main.obj (.data:sbusBytes$11)
                  2001b80d    00000003     --HOLE--
                  2001b810    00000014     main.obj (.data)
                  2001b824    0000000d     simplelink.a : driver.obj (.data)
                  2001b831    00000003     --HOLE--
                  2001b834    0000000c     rtsv7M4_T_le_eabi.lib : exit.obj (.data:$O1$$)
                  2001b840    0000000c                           : memory.obj (.data:$O1$$)
                  2001b84c    0000000c     free_rtos.a : osi_freertos.obj (.data)
                  2001b858    00000009     simplelink.a : cc_pal.obj (.data)
                  2001b861    00000003     --HOLE--
                  2001b864    00000008     rtsv7M4_T_le_eabi.lib : _lock.obj (.data:$O1$$)
                  2001b86c    00000004     free_rtos.a : port.obj (.data)
                  2001b870    00000004     rtsv7M4_T_le_eabi.lib : errno.obj (.data)
                  2001b874    00000004                           : stkdepth_vars.obj (.data)

.bss       0    2001b878    0000072e     UNINITIALIZED
                  2001b878    000003c0     (.common:g_cBsdSendBuf)
                  2001bc38    00000178     simplelink.a : driver.obj (.bss:g_StatMem)
                  2001bdb0    000000c8     free_rtos.a : tasks.obj (.bss:pxReadyTasksLists)
                  2001be78    00000050                 : queue.obj (.bss:xQueueRegistry)
                  2001bec8    00000050     (.common:g_ucDinDout)
                  2001bf18    00000014     (.common:xDelayedTaskList1)
                  2001bf2c    00000014     (.common:xDelayedTaskList2)
                  2001bf40    00000014     (.common:xPendingReadyList)
                  2001bf54    00000014     (.common:xSuspendedTaskList)
                  2001bf68    00000014     (.common:xTasksWaitingTermination)
                  2001bf7c    0000000c     main.obj (.bss)
                  2001bf88    00000004     uart_if.obj (.bss)
                  2001bf8c    00000004     (.common:DMAMsgQ)
                  2001bf90    00000004     (.common:g_cDummy)
                  2001bf94    00000004     (.common:pccount)
                  2001bf98    00000004     (.common:pxDelayedTaskList)
                  2001bf9c    00000004     (.common:pxOverflowDelayedTaskList)
                  2001bfa0    00000004     (.common:recvCall)
                  2001bfa4    00000001     (.common:RxIrqCnt)
                  2001bfa5    00000001     (.common:g_bDeviceRestartIsRequired)

.stack     0    2002f000    00001000     UNINITIALIZED
                  2002f000    00001000     --HOLE--

MODULE SUMMARY

       Module                     code    ro data   rw data
       ------                     ----    -------   -------
    .\
       main.obj                   5536    186       3009   
       startup_ccs.obj            14      1024      0      
       uart_if.obj                656     0         4      
       pinmux.obj                 52      0         0      
    +--+--------------------------+-------+---------+---------+
       Total:                     6258    1210      3013   
                                                           
    .\driverlib\
       prcm.obj                   2912    168       0      
       spi.obj                    1940    60        0      
       interrupt.obj              880     340       0      
       udma.obj                   1188    0         0      
       uart.obj                   1164    16        0      
       timer.obj                  956     0         0      
       flash.obj                  768     128       0      
       pin.obj                    640     256       0      
       cpu.obj                    94      0         0      
       utils.obj                  6       0         0      
    +--+--------------------------+-------+---------+---------+
       Total:                     10548   968       0      
                                                           
    C:/ti/CC3200SDK_1.3.0/cc3200-sdk/oslib/ccs/free_rtos/free_rtos.a
       tasks.obj                  4700    0         360    
       queue.obj                  2852    0         80     
       osi_freertos.obj           1116    0         12     
       list.obj                   298     0         0      
       port.obj                   272     0         4      
       portasm.obj                186     0         0      
    +--+--------------------------+-------+---------+---------+
       Total:                     9424    0         456    
                                                           
    C:/ti/CC3200SDK_1.3.0/cc3200-sdk/simplelink/ccs/OS/simplelink.a
       driver.obj                 7278    184       391    
       cc_pal.obj                 1780    0         97     
       socket.obj                 1732    28        0      
       netapp.obj                 1248    8         0      
       device.obj                 1078    16        0      
       wlan.obj                   676     20        0      
       netcfg.obj                 368     8         0      
    +--+--------------------------+-------+---------+---------+
       Total:                     14160   264       488    
                                                           
    C:\ti\ccsv7\tools\compiler\ti-cgt-arm_16.9.4.LTS\lib\rtsv7M4_T_le_eabi.lib
       _printfi.obj               4386    0         0      
       memory.obj                 976     0         12     
       ull_div_t2.obj             500     0         0      
       fd_add_t2.obj              438     0         0      
       fd_div_t2.obj              310     0         0      
       fd_cmp_t2.obj              268     0         0      
       ctype.obj                  0       257       0      
       fd_mul_t2.obj              252     0         0      
       s_scalbn.obj               208     0         0      
       memcpy_t2.obj              156     0         0      
       vsnprintf.obj              136     0         0      
       memset_t2.obj              122     0         0      
       autoinit.obj               112     0         0      
       copy_decompress_lzss.obj   104     0         0      
       exit.obj                   84      0         12     
       s_frexp.obj                92      0         0      
       ltoa.obj                   84      0         0      
       atoi.obj                   76      0         0      
       cpy_tbl.obj                76      0         0      
       fd_toi_t2.obj              72      0         0      
       boot.obj                   64      0         0      
       i_tofd_t2.obj              46      0         0      
       memmov.obj                 36      0         0      
       _lock.obj                  20      0         8      
       memccpy.obj                28      0         0      
       args_main.obj              24      0         0      
       strchr.obj                 22      0         0      
       strlen.obj                 20      0         0      
       copy_decompress_none.obj   14      0         0      
       copy_zero_init.obj         12      0         0      
       s_copysign.obj             8       0         0      
       errno.obj                  0       0         4      
       pre_init.obj               4       0         0      
       stkdepth_vars.obj          0       0         4      
       mpu_init.obj               2       0         0      
       startup.obj                2       0         0      
    +--+--------------------------+-------+---------+---------+
       Total:                     8754    257       40     
                                                           
       Heap:                      0       0         16384  
       Stack:                     0       0         4096   
       Linker Generated:          0       88        0      
    +--+--------------------------+-------+---------+---------+
       Grand Total:               49144   2787      24477  


LINKER GENERATED COPY TABLES

__TI_cinit_table @ 20010af0 records: 2, size/record: 8, table size: 16
	.data: load addr=20010aa8, load size=00000034 bytes, run addr=2001b000, run size=00000878 bytes, compression=lzss
	.bss: load addr=20010ae8, load size=00000008 bytes, run addr=2001b878, run size=0000072e bytes, compression=zero_init


LINKER GENERATED HANDLER TABLE

__TI_handler_table @ 20010adc records: 3, size/record: 4, table size: 12
	index: 0, handler: __TI_decompress_lzss
	index: 1, handler: __TI_decompress_none
	index: 2, handler: __TI_zero_init


GLOBAL SYMBOLS: SORTED ALPHABETICALLY BY Name 

address   name                                  
-------   ----                                  
2000fb69  C$$EXIT                               
2000faad  CPUbasepriGet                         
2000fa97  CPUbasepriSet                         
2000fa59  CPUcpsid                              
2000fa77  CPUcpsie                              
2000fa6d  CPUprimask                            
2000fa8b  CPUwfi                                
2000bc91  ClearTerm                             
20005415  CommandManagerTask                    
2001bf8c  DMAMsgQ                               
200100bd  DmaSpiSwIntHandler                    
2000bc9b  Error                                 
2000b951  FlashDisable                          
2000b987  FlashErase                            
2000b9c1  FlashEraseNonBlocking                 
2000bbfb  FlashIntClear                         
2000bbcb  FlashIntDisable                       
2000bbb7  FlashIntEnable                        
2000bb93  FlashIntRegister                      
2000bbdf  FlashIntStatus                        
2000bba7  FlashIntUnregister                    
2000b9df  FlashMassErase                        
2000ba0b  FlashMassEraseNonBlocking             
2000ba1b  FlashProgram                          
2000ba9d  FlashProgramNonBlocking               
2000bb1f  FlashProtectGet                       
2000bcd3  GetCmd                                
2000bc51  InitTerm                              
2000b79d  IntDisable                            
2000b703  IntEnable                             
2000b5ed  IntMasterDisable                      
2000b5e3  IntMasterEnable                       
2000b8c5  IntPendClear                          
2000b837  IntPendSet                            
2000b6df  IntPriorityGet                        
2000b657  IntPriorityGroupingGet                
2000b63d  IntPriorityGroupingSet                
2000b929  IntPriorityMaskGet                    
2000b91d  IntPriorityMaskSet                    
2000b68f  IntPrioritySet                        
2000b607  IntRegister                           
2000b623  IntUnregister                         
2000b5f7  IntVTableBaseSet                      
2000bc6f  Message                               
200103d5  NwpMaskInterrupt                      
2000ffe9  NwpPowerOff                           
200100e9  NwpPowerOn                            
20010241  NwpPrePowerOffTimout0                 
20010165  NwpRegisterInterruptHandler           
200103e1  NwpUnMaskInterrupt                    
2001080c  OpcodeTranslateTable                  
20008685  PRCMCC3200MCUInit                     
200087e9  PRCMCameraFreqSet                     
200087bd  PRCMHIBRegRead                        
200087d3  PRCMHIBRegWrite                       
20008285  PRCMHibernateEnter                    
20008195  PRCMHibernateIntervalSet              
2000820d  PRCMHibernateWakeUpGPIOSelect         
20008179  PRCMHibernateWakeupCauseGet           
20008135  PRCMHibernateWakeupSourceDisable      
200080f1  PRCMHibernateWakeupSourceEnable       
20007f4d  PRCMI2SClockFreqSet                   
2000841d  PRCMIntDisable                        
200083e9  PRCMIntEnable                         
200083c1  PRCMIntRegister                       
20008451  PRCMIntStatus                         
200083d5  PRCMIntUnregister                     
20007fb3  PRCMLPDSEnter                         
20007fed  PRCMLPDSEnterKeepDebugIf              
20008059  PRCMLPDSIntervalSet                   
20007f9b  PRCMLPDSRestoreInfoSet                
20008081  PRCMLPDSWakeUpGPIOSelect              
2000804f  PRCMLPDSWakeupCauseGet                
2000803b  PRCMLPDSWakeupSourceDisable           
20008019  PRCMLPDSWakeupSourceEnable            
20007dc3  PRCMMCUReset                          
200083a1  PRCMOCRRegisterRead                   
2000837d  PRCMOCRRegisterWrite                  
20007e37  PRCMPeripheralClkDisable              
20007e05  PRCMPeripheralClkEnable               
20007e57  PRCMPeripheralClockGet                
20007ed5  PRCMPeripheralReset                   
20007f23  PRCMPeripheralStatusGet               
200084f5  PRCMRTCGet                            
2000845f  PRCMRTCInUseGet                       
20008457  PRCMRTCInUseSet                       
200085fd  PRCMRTCMatchGet                       
20008571  PRCMRTCMatchSet                       
20008475  PRCMRTCSet                            
200080d1  PRCMSRAMRetentionDisable              
200080ad  PRCMSRAMRetentionEnable               
2000809b  PRCMSleepEnter                        
200082e7  PRCMSlowClkCtrFastGet                 
200082a5  PRCMSlowClkCtrGet                     
2000833d  PRCMSlowClkCtrMatchGet                
2000831b  PRCMSlowClkCtrMatchSet                
20007de3  PRCMSysResetCauseGet                  
2000bfa1  PinConfigGet                          
2000bfdf  PinConfigSet                          
2000bf77  PinDirModeGet                         
2000bf43  PinDirModeSet                         
2000bf19  PinModeGet                            
2000bee1  PinModeSet                            
20010059  PinMuxConfig                          
2000c127  PinTypeADC                            
2000c0dd  PinTypeCamera                         
2000c0f7  PinTypeGPIO                           
2000c073  PinTypeI2C                            
2000c0a9  PinTypeI2S                            
2000c13b  PinTypeSDHost                         
2000c08f  PinTypeSPI                            
2000c0c3  PinTypeTimer                          
2000c059  PinTypeUART                           
2000be21  Report                                
200103c5  ResetISR                              
2001bfa4  RxIrqCnt                              
UNDEFED   SHT$$INIT_ARRAY$$Base                 
UNDEFED   SHT$$INIT_ARRAY$$Limit                
20009a7f  SPICSDisable                          
20009a67  SPICSEnable                           
20009701  SPIConfigSetExpClk                    
200097c3  SPIDataGet                            
20009799  SPIDataGetNonBlocking                 
2000980b  SPIDataPut                            
200097e3  SPIDataPutNonBlocking                 
20009693  SPIDisable                            
200096c5  SPIDmaDisable                         
200096ab  SPIDmaEnable                          
2000967b  SPIEnable                             
20009843  SPIFIFODisable                        
20009829  SPIFIFOEnable                         
20009891  SPIFIFOLevelGet                       
2000985d  SPIFIFOLevelSet                       
20009a29  SPIIntClear                           
2000996b  SPIIntDisable                         
20009927  SPIIntEnable                          
200098e7  SPIIntRegister                        
200099b5  SPIIntStatus                          
2000990d  SPIIntUnregister                      
200096df  SPIReset                              
20009a97  SPITransfer                           
200098c5  SPIWordCountSet                       
2000458f  SimpleLinkGeneralEventHandler         
20004583  SimpleLinkHttpServerCallback          
200044dd  SimpleLinkNetAppEventHandler          
200045f1  SimpleLinkPingReport                  
200045a9  SimpleLinkSockEventHandler            
20004451  SimpleLinkWlanEventHandler            
20004e99  TCPServerTask                         
2000b261  TimerConfigure                        
2000b2d1  TimerControlEvent                     
2000b29b  TimerControlLevel                     
2000b2fd  TimerControlStall                     
2000b5c7  TimerDMAEventGet                      
2000b5b5  TimerDMAEventSet                      
2000b243  TimerDisable                          
2000b225  TimerEnable                           
20010261  TimerGetCurrentTimestamp              
2000b5a3  TimerIntClear                         
2000b56d  TimerIntDisable                       
2000b551  TimerIntEnable                        
2000b489  TimerIntRegister                      
2000b585  TimerIntStatus                        
2000b4f5  TimerIntUnregister                    
2000b3e9  TimerLoadGet                          
2000b3bf  TimerLoadSet                          
2000b46d  TimerMatchGet                         
2000b443  TimerMatchSet                         
2000b35d  TimerPrescaleGet                      
2000b3a3  TimerPrescaleMatchGet                 
2000b379  TimerPrescaleMatchSet                 
2000b333  TimerPrescaleSet                      
2000b405  TimerValueGet                         
2000b421  TimerValueSet                         
2000bd89  TrimSpace                             
2000a8c9  UARTBreakCtl                          
2000a8f3  UARTBusy                              
2000a871  UARTCharGet                           
2000a855  UARTCharGetNonBlocking                
2000a8ab  UARTCharPut                           
2000a887  UARTCharPutNonBlocking                
2000a81b  UARTCharsAvail                        
2000a68d  UARTConfigGetExpClk                   
2000a617  UARTConfigSetExpClk                   
2000a9bb  UARTDMADisable                        
2000a9a3  UARTDMAEnable                         
2000a6fd  UARTDisable                           
2000a6d9  UARTEnable                            
2000a73d  UARTFIFODisable                       
2000a727  UARTFIFOEnable                        
2000a5ef  UARTFIFOLevelGet                      
2000a5d7  UARTFIFOLevelSet                      
2000a7db  UARTFlowControlGet                    
2000a7bf  UARTFlowControlSet                    
2000a991  UARTIntClear                          
2000a95b  UARTIntDisable                        
2000a943  UARTIntEnable                         
2000a90b  UARTIntRegister                       
2000a973  UARTIntStatus                         
2000a929  UARTIntUnregister                     
2000a777  UARTModemControlClear                 
2000a79b  UARTModemControlGet                   
2000a753  UARTModemControlSet                   
2000a7ad  UARTModemStatusGet                    
2000a5c5  UARTParityModeGet                     
2000a5a9  UARTParityModeSet                     
2000a9e9  UARTRxErrorClear                      
2000a9d3  UARTRxErrorGet                        
2000a833  UARTSpaceAvail                        
2000a809  UARTTxIntModeGet                      
2000a7ed  UARTTxIntModeSet                      
20010401  UtilsDelay                            
2000acc1  VDeleteSimpleLinkSpawnTask            
2000ac71  VStartSimpleLinkSpawnTask             
20010848  _SlActionLookupTable                  
2000e891  _SlDriverHandleError                  
2000fde1  _SlDrvBasicCmd                        
2000e65d  _SlDrvCmdOp                           
2000f6c5  _SlDrvCmdSend                         
2000c5a1  _SlDrvDataReadOp                      
2000ea6d  _SlDrvDeviceEventHandler              
20010399  _SlDrvDispatchHttpServerEvents        
2000d7dd  _SlDrvDriverCBDeinit                  
2000ce61  _SlDrvDriverCBInit                    
2001018d  _SlDrvGlobalObjUnLock                 
2000ef99  _SlDrvIsTimeoutExpired                
20010345  _SlDrvMemZero                         
2000ded5  _SlDrvMsgReadSpawnCtx                 
2000da11  _SlDrvNetAppEventHandler              
2001021d  _SlDrvObjLockWaitForever              
20010281  _SlDrvObjUnLock                       
2000fcb1  _SlDrvProtectAsyncRespSetting         
2001013d  _SlDrvProtectionObjLockWaitForever    
200101b1  _SlDrvProtectionObjUnLock             
2000c781  _SlDrvReleasePoolObj                  
200103a9  _SlDrvResetCmdExt                     
2000fc11  _SlDrvRxIrqHandler                    
200102db  _SlDrvStartMeasureTimeout             
2001029f  _SlDrvSyncObjSignal                   
200101d5  _SlDrvSyncObjWaitForever              
2000feb5  _SlDrvSyncObjWaitTimeout              
2000cff1  _SlDrvWaitForPoolObj                  
20010a6a  _SlNetAppSendTokenValueCmdCtrl        
20030000  __STACK_END                           
00001000  __STACK_SIZE                          
00004000  __SYSMEM_SIZE                         
20010af0  __TI_CINIT_Base                       
20010b00  __TI_CINIT_Limit                      
20010adc  __TI_Handler_Table_Base               
20010ae8  __TI_Handler_Table_Limit              
2000f655  __TI_auto_init                        
2001b834  __TI_cleanup_ptr                      
2000f809  __TI_decompress_lzss                  
200103b7  __TI_decompress_none                  
2001b838  __TI_dtors_ptr                        
2001b83c  __TI_enable_exit_profile_output       
ffffffff  __TI_pprof_out_hndl                   
20007435  __TI_printfi                          
ffffffff  __TI_prof_data_size                   
ffffffff  __TI_prof_data_start                  
20010aa8  __TI_static_base__                    
200103ed  __TI_zero_init                        
2000f251  __aeabi_cdcmpeq                       
2000f251  __aeabi_cdcmple                       
2000f2d7  __aeabi_cdrcmple                      
2000fe29  __aeabi_d2iz                          
2000cb17  __aeabi_dadd                          
2000d57d  __aeabi_ddiv                          
2000db15  __aeabi_dmul                          
2000cb0d  __aeabi_dsub                          
2001008d  __aeabi_i2d                           
2000f561  __aeabi_memclr                        
2000f561  __aeabi_memclr4                       
2000f561  __aeabi_memclr8                       
2000e9d1  __aeabi_memcpy                        
2000e9d1  __aeabi_memcpy4                       
2000e9d1  __aeabi_memcpy8                       
2000f563  __aeabi_memset                        
2000f563  __aeabi_memset4                       
2000f563  __aeabi_memset8                       
2000c3ad  __aeabi_uldivmod                      
ffffffff  __binit__                             
ffffffff  __c_args__                            
20007d1f  __mpu_init                            
2002f000  __stack                               
2001032d  _args_main                            
2000fef5  _c_int00                              
2001040c  _ctypes_                              
2001b864  _lock                                 
2001037f  _nop                                  
20010377  _register_lock                        
20010371  _register_unlock                      
20010a08  _sbusBaud                             
20010a0d  _sbusFooter                           
20010a0c  _sbusHeader                           
2000f871  _sl_HandleAsync_Accept                
2000f3e1  _sl_HandleAsync_Connect               
2000ecd1  _sl_HandleAsync_DnsGetHostByName      
2000e401  _sl_HandleAsync_DnsGetHostByService   
2000f025  _sl_HandleAsync_InitComplete          
2000ed61  _sl_HandleAsync_PingResponse          
2000fb15  _sl_HandleAsync_Select                
2000fc61  _sl_HandleAsync_Stop                  
2000f731  _sl_NetAppSendTokenValue              
20017000  _sys_memory                           
2000ccc3  _system_post_cinit                    
20010407  _system_pre_init                      
2001b868  _unlock                               
2000fb6d  abort                                 
2000fd49  atoi                                  
ffffffff  binit                                 
2000b1f5  calloc                                
200050d9  connectionManager                     
2000fd95  copy_in                               
200103f9  copysign                              
200103f9  copysignl                             
20005c31  eTaskGetState                         
2001b870  errno                                 
2000fb75  exit                                  
2000af3f  free                                  
2000fab9  frexp                                 
2000fab9  frexpl                                
2001b824  g_SlDeviceStatus                      
2001b858  g_SpiFd                               
2001bfa5  g_bDeviceRestartIsRequired            
2001b000  g_cBsdRecvBuf                         
2001b878  g_cBsdSendBuf                         
2001bf90  g_cDummy                              
2001b828  g_pCB                                 
2001b85c  g_pHostIntHdl                         
20004000  g_pfnVectors                          
2001b860  g_ucDMAEnabled                        
2001bec8  g_ucDinDout                           
2001b81c  g_uiGatewayIP                         
2001b818  g_ulPingPacketsRecv                   
2001b814  g_ulStaIp                             
2001b810  g_ulStatus                            
2000e331  ldexp                                 
2000e331  ldexpl                                
2000fbbd  ltoa                                  
20005789  main                                  
2001b874  main_func_sp                          
2000aed5  malloc                                
200052fb  mapValue                              
2000adc5  mem_Free                              
2000adb9  mem_Malloc                            
2000ade5  mem_copy                              
2000add1  mem_set                               
2000b109  memalign                              
200102f7  memccpy                               
2000e9d1  memcpy                                
200101f9  memmove                               
2000f569  memset                                
2000ae55  minit                                 
2001b820  msgQfb                                
2000ae3b  osi_ContextRestore                    
2000ae39  osi_ContextSave                       
2000adf9  osi_EnterCritical                     
2000ae03  osi_ExitCritical                      
2000aa1f  osi_InterruptDeRegister               
2000a9f9  osi_InterruptRegister                 
2000ab29  osi_LockObjCreate                     
2000ab9d  osi_LockObjDelete                     
2000abad  osi_LockObjLock                       
2000abd9  osi_LockObjUnlock                     
2000aced  osi_MsgQCreate                        
2000ad31  osi_MsgQDelete                        
2000ad7d  osi_MsgQRead                          
2000ad4b  osi_MsgQWrite                         
2000ae15  osi_Sleep                             
2000ac03  osi_Spawn                             
2000ab07  osi_SyncObjClear                      
2000aa31  osi_SyncObjCreate                     
2000aa61  osi_SyncObjDelete                     
2000aa7b  osi_SyncObjSignal                     
2000aaa3  osi_SyncObjSignalFromISR              
2000aadb  osi_SyncObjWait                       
2000ab4f  osi_TaskCreate                        
2000ab8f  osi_TaskDelete                        
2000ae25  osi_TaskDisable                       
2000ae2f  osi_TaskEnable                        
2000ae0d  osi_start                             
2001b82c  pPingCallBackFunc                     
20006155  pcTaskGetTaskName                     
2001bf94  pccount                               
2000e7d1  portCLZ                               
20004ccd  printBinary                           
20004d69  printdBinary                          
2000e7b9  prvPortStartFirstTask                 
20004401  pvPortMalloc                          
2001b780  pxCurrentTCB                          
2000d901  pxPortInitialiseStack                 
2000b001  realloc                               
2001bfa0  recvCall                              
2000e331  scalbn                                
2000e331  scalbnl                               
2000ff71  simplelink_timerA2_start              
2000c951  sl_Accept                             
2000e7d9  sl_Bind                               
2000f939  sl_Close                              
2000e4cd  sl_DevGet                             
2000ffad  sl_Htons                              
2000f79d  sl_Listen                             
2000dfbd  sl_NetAppMDNSRegisterUnregisterService
2000f8d5  sl_NetAppMDNSUnRegisterService        
2000e259  sl_NetCfgGet                          
2000eb09  sl_NetCfgSet                          
2000e931  sl_Recv                               
2000eba1  sl_SetSockOpt                         
2000f0b1  sl_Socket                             
2000dd01  sl_Start                              
2000dc11  sl_Stop                               
20010021  sl_WlanDisconnect                     
2000edf1  sl_WlanPolicySet                      
2000f999  sl_WlanProfileDel                     
2000f35d  sl_WlanRxFilterSet                    
2000ec39  sl_WlanSet                            
2000f9f9  sl_WlanSetMode                        
2000f5dd  spi_Close                             
2000d2f1  spi_Open                              
2000e17d  spi_Read                              
2000f13d  spi_Write                             
2001035b  strchr                                
20010385  strlen                                
2000a50d  uDMAChannelAssign                     
2000a1c1  uDMAChannelAttributeDisable           
2000a16d  uDMAChannelAttributeEnable            
2000a215  uDMAChannelAttributeGet               
2000a285  uDMAChannelControlSet                 
2000a0ff  uDMAChannelDisable                    
2000a0e7  uDMAChannelEnable                     
2000a117  uDMAChannelIsEnabled                  
2000a489  uDMAChannelModeGet                    
2000a155  uDMAChannelRequest                    
2000a3b9  uDMAChannelScatterGatherSet           
2000a441  uDMAChannelSizeGet                    
2000a2c1  uDMAChannelTransferSet                
2000a14f  uDMAControlAlternateBaseGet           
2000a149  uDMAControlBaseGet                    
2000a139  uDMAControlBaseSet                    
2000a0d1  uDMADisable                           
2000a0c9  uDMAEnable                            
2000a0df  uDMAErrorStatusClear                  
2000a0d9  uDMAErrorStatusGet                    
2000a4fd  uDMAIntClear                          
2000a4cf  uDMAIntRegister                       
2000a4f7  uDMAIntStatus                         
2000a4e5  uDMAIntUnregister                     
20009001  ucQueueGetQueueType                   
2000e721  ulPortSetInterruptMask                
2000d795  uxListRemove                          
20008fe1  uxQueueGetQueueNumber                 
20008f75  uxQueueMessagesWaiting                
20008fab  uxQueueMessagesWaitingFromISR         
20008f8b  uxQueueSpacesAvailable                
20006149  uxTaskGetNumberOfTasks                
20006179  uxTaskGetSystemState                  
2000666d  uxTaskGetTaskNumber                   
20005cc5  uxTaskPriorityGet                     
20006bc5  uxTaskResetEventItemValue             
20004443  vApplicationIdleHook                  
20004445  vApplicationMallocFailedHook          
20004447  vApplicationStackOverflowHook         
20004439  vAssertCalled                         
2000d6b3  vListInitialise                       
2000d6e3  vListInitialiseItem                   
2000d72f  vListInsert                           
2000d6f3  vListInsertEnd                        
2000e737  vPortClearInterruptMask               
2000d97d  vPortEndScheduler                     
2000d991  vPortEnterCritical                    
2000d9a9  vPortExitCritical                     
20004421  vPortFree                             
2000e791  vPortSVCHandler                       
2000d9dd  vPortSetupTimerInterrupt              
2000d97f  vPortYield                            
2000921b  vQueueAddToRegistry                   
20008fbd  vQueueDelete                          
20008fef  vQueueSetQueueNumber                  
2000925d  vQueueUnregisterQueue                 
20005bdb  vTaskDelay                            
20005b3f  vTaskDelayUntil                       
20005aaf  vTaskDelete                           
2000602d  vTaskEndScheduler                     
2000665f  vTaskMissedYield                      
200063f5  vTaskPlaceOnEventList                 
20006459  vTaskPlaceOnUnorderedEventList        
20006b3b  vTaskPriorityDisinherit               
20006a81  vTaskPriorityInherit                  
20005cfd  vTaskPrioritySet                      
20005ef5  vTaskResume                           
2000668d  vTaskSetTaskNumber                    
200065bf  vTaskSetTimeOutState                  
20005fe3  vTaskStartScheduler                   
20005e01  vTaskSuspend                          
2000603f  vTaskSuspendAll                       
20006375  vTaskSwitchContext                    
2000f1c9  vsnprintf                             
2001b84c  xHigherPriorityTaskWoken              
2000e745  xPortPendSVHandler                    
2000d951  xPortStartScheduler                   
2000d9c1  xPortSysTickHandler                   
200092ab  xQueueAddToSet                        
20008bdd  xQueueAltGenericReceive               
20008b31  xQueueAltGenericSend                  
20008a05  xQueueCreateCountingSemaphore         
20008987  xQueueCreateMutex                     
20009297  xQueueCreateSet                       
20008911  xQueueGenericCreate                   
20008d77  xQueueGenericReceive                  
20008881  xQueueGenericReset                    
20008a25  xQueueGenericSend                     
20008cdb  xQueueGenericSendFromISR              
200091b7  xQueueIsQueueEmptyFromISR             
200091f9  xQueueIsQueueFullFromISR              
20008f31  xQueuePeekFromISR                     
20008eb9  xQueueReceiveFromISR                  
2001be78  xQueueRegistry                        
200092df  xQueueRemoveFromSet                   
20009321  xQueueSelectFromSet                   
2000933b  xQueueSelectFromSetFromISR            
2001b850  xSimpleLinkSpawnQueue                 
2001b854  xSimpleLinkSpawnTaskHndl              
200065e5  xTaskCheckForTimeOut                  
200059a1  xTaskGenericCreate                    
20006a35  xTaskGetCurrentTaskHandle             
20006237  xTaskGetIdleTaskHandle                
20006a49  xTaskGetSchedulerState                
2000611d  xTaskGetTickCount                     
20006131  xTaskGetTickCountFromISR              
20006251  xTaskIncrementTick                    
200064cd  xTaskRemoveFromEventList              
20006551  xTaskRemoveFromUnorderedEventList     
20006051  xTaskResumeAll                        
20005f69  xTaskResumeFromISR                    


GLOBAL SYMBOLS: SORTED BY Symbol Address 

address   name                                  
-------   ----                                  
00001000  __STACK_SIZE                          
00004000  __SYSMEM_SIZE                         
20004000  g_pfnVectors                          
20004401  pvPortMalloc                          
20004421  vPortFree                             
20004439  vAssertCalled                         
20004443  vApplicationIdleHook                  
20004445  vApplicationMallocFailedHook          
20004447  vApplicationStackOverflowHook         
20004451  SimpleLinkWlanEventHandler            
200044dd  SimpleLinkNetAppEventHandler          
20004583  SimpleLinkHttpServerCallback          
2000458f  SimpleLinkGeneralEventHandler         
200045a9  SimpleLinkSockEventHandler            
200045f1  SimpleLinkPingReport                  
20004ccd  printBinary                           
20004d69  printdBinary                          
20004e99  TCPServerTask                         
200050d9  connectionManager                     
200052fb  mapValue                              
20005415  CommandManagerTask                    
20005789  main                                  
200059a1  xTaskGenericCreate                    
20005aaf  vTaskDelete                           
20005b3f  vTaskDelayUntil                       
20005bdb  vTaskDelay                            
20005c31  eTaskGetState                         
20005cc5  uxTaskPriorityGet                     
20005cfd  vTaskPrioritySet                      
20005e01  vTaskSuspend                          
20005ef5  vTaskResume                           
20005f69  xTaskResumeFromISR                    
20005fe3  vTaskStartScheduler                   
2000602d  vTaskEndScheduler                     
2000603f  vTaskSuspendAll                       
20006051  xTaskResumeAll                        
2000611d  xTaskGetTickCount                     
20006131  xTaskGetTickCountFromISR              
20006149  uxTaskGetNumberOfTasks                
20006155  pcTaskGetTaskName                     
20006179  uxTaskGetSystemState                  
20006237  xTaskGetIdleTaskHandle                
20006251  xTaskIncrementTick                    
20006375  vTaskSwitchContext                    
200063f5  vTaskPlaceOnEventList                 
20006459  vTaskPlaceOnUnorderedEventList        
200064cd  xTaskRemoveFromEventList              
20006551  xTaskRemoveFromUnorderedEventList     
200065bf  vTaskSetTimeOutState                  
200065e5  xTaskCheckForTimeOut                  
2000665f  vTaskMissedYield                      
2000666d  uxTaskGetTaskNumber                   
2000668d  vTaskSetTaskNumber                    
20006a35  xTaskGetCurrentTaskHandle             
20006a49  xTaskGetSchedulerState                
20006a81  vTaskPriorityInherit                  
20006b3b  vTaskPriorityDisinherit               
20006bc5  uxTaskResetEventItemValue             
20007435  __TI_printfi                          
20007d1f  __mpu_init                            
20007dc3  PRCMMCUReset                          
20007de3  PRCMSysResetCauseGet                  
20007e05  PRCMPeripheralClkEnable               
20007e37  PRCMPeripheralClkDisable              
20007e57  PRCMPeripheralClockGet                
20007ed5  PRCMPeripheralReset                   
20007f23  PRCMPeripheralStatusGet               
20007f4d  PRCMI2SClockFreqSet                   
20007f9b  PRCMLPDSRestoreInfoSet                
20007fb3  PRCMLPDSEnter                         
20007fed  PRCMLPDSEnterKeepDebugIf              
20008019  PRCMLPDSWakeupSourceEnable            
2000803b  PRCMLPDSWakeupSourceDisable           
2000804f  PRCMLPDSWakeupCauseGet                
20008059  PRCMLPDSIntervalSet                   
20008081  PRCMLPDSWakeUpGPIOSelect              
2000809b  PRCMSleepEnter                        
200080ad  PRCMSRAMRetentionEnable               
200080d1  PRCMSRAMRetentionDisable              
200080f1  PRCMHibernateWakeupSourceEnable       
20008135  PRCMHibernateWakeupSourceDisable      
20008179  PRCMHibernateWakeupCauseGet           
20008195  PRCMHibernateIntervalSet              
2000820d  PRCMHibernateWakeUpGPIOSelect         
20008285  PRCMHibernateEnter                    
200082a5  PRCMSlowClkCtrGet                     
200082e7  PRCMSlowClkCtrFastGet                 
2000831b  PRCMSlowClkCtrMatchSet                
2000833d  PRCMSlowClkCtrMatchGet                
2000837d  PRCMOCRRegisterWrite                  
200083a1  PRCMOCRRegisterRead                   
200083c1  PRCMIntRegister                       
200083d5  PRCMIntUnregister                     
200083e9  PRCMIntEnable                         
2000841d  PRCMIntDisable                        
20008451  PRCMIntStatus                         
20008457  PRCMRTCInUseSet                       
2000845f  PRCMRTCInUseGet                       
20008475  PRCMRTCSet                            
200084f5  PRCMRTCGet                            
20008571  PRCMRTCMatchSet                       
200085fd  PRCMRTCMatchGet                       
20008685  PRCMCC3200MCUInit                     
200087bd  PRCMHIBRegRead                        
200087d3  PRCMHIBRegWrite                       
200087e9  PRCMCameraFreqSet                     
20008881  xQueueGenericReset                    
20008911  xQueueGenericCreate                   
20008987  xQueueCreateMutex                     
20008a05  xQueueCreateCountingSemaphore         
20008a25  xQueueGenericSend                     
20008b31  xQueueAltGenericSend                  
20008bdd  xQueueAltGenericReceive               
20008cdb  xQueueGenericSendFromISR              
20008d77  xQueueGenericReceive                  
20008eb9  xQueueReceiveFromISR                  
20008f31  xQueuePeekFromISR                     
20008f75  uxQueueMessagesWaiting                
20008f8b  uxQueueSpacesAvailable                
20008fab  uxQueueMessagesWaitingFromISR         
20008fbd  vQueueDelete                          
20008fe1  uxQueueGetQueueNumber                 
20008fef  vQueueSetQueueNumber                  
20009001  ucQueueGetQueueType                   
200091b7  xQueueIsQueueEmptyFromISR             
200091f9  xQueueIsQueueFullFromISR              
2000921b  vQueueAddToRegistry                   
2000925d  vQueueUnregisterQueue                 
20009297  xQueueCreateSet                       
200092ab  xQueueAddToSet                        
200092df  xQueueRemoveFromSet                   
20009321  xQueueSelectFromSet                   
2000933b  xQueueSelectFromSetFromISR            
2000967b  SPIEnable                             
20009693  SPIDisable                            
200096ab  SPIDmaEnable                          
200096c5  SPIDmaDisable                         
200096df  SPIReset                              
20009701  SPIConfigSetExpClk                    
20009799  SPIDataGetNonBlocking                 
200097c3  SPIDataGet                            
200097e3  SPIDataPutNonBlocking                 
2000980b  SPIDataPut                            
20009829  SPIFIFOEnable                         
20009843  SPIFIFODisable                        
2000985d  SPIFIFOLevelSet                       
20009891  SPIFIFOLevelGet                       
200098c5  SPIWordCountSet                       
200098e7  SPIIntRegister                        
2000990d  SPIIntUnregister                      
20009927  SPIIntEnable                          
2000996b  SPIIntDisable                         
200099b5  SPIIntStatus                          
20009a29  SPIIntClear                           
20009a67  SPICSEnable                           
20009a7f  SPICSDisable                          
20009a97  SPITransfer                           
2000a0c9  uDMAEnable                            
2000a0d1  uDMADisable                           
2000a0d9  uDMAErrorStatusGet                    
2000a0df  uDMAErrorStatusClear                  
2000a0e7  uDMAChannelEnable                     
2000a0ff  uDMAChannelDisable                    
2000a117  uDMAChannelIsEnabled                  
2000a139  uDMAControlBaseSet                    
2000a149  uDMAControlBaseGet                    
2000a14f  uDMAControlAlternateBaseGet           
2000a155  uDMAChannelRequest                    
2000a16d  uDMAChannelAttributeEnable            
2000a1c1  uDMAChannelAttributeDisable           
2000a215  uDMAChannelAttributeGet               
2000a285  uDMAChannelControlSet                 
2000a2c1  uDMAChannelTransferSet                
2000a3b9  uDMAChannelScatterGatherSet           
2000a441  uDMAChannelSizeGet                    
2000a489  uDMAChannelModeGet                    
2000a4cf  uDMAIntRegister                       
2000a4e5  uDMAIntUnregister                     
2000a4f7  uDMAIntStatus                         
2000a4fd  uDMAIntClear                          
2000a50d  uDMAChannelAssign                     
2000a5a9  UARTParityModeSet                     
2000a5c5  UARTParityModeGet                     
2000a5d7  UARTFIFOLevelSet                      
2000a5ef  UARTFIFOLevelGet                      
2000a617  UARTConfigSetExpClk                   
2000a68d  UARTConfigGetExpClk                   
2000a6d9  UARTEnable                            
2000a6fd  UARTDisable                           
2000a727  UARTFIFOEnable                        
2000a73d  UARTFIFODisable                       
2000a753  UARTModemControlSet                   
2000a777  UARTModemControlClear                 
2000a79b  UARTModemControlGet                   
2000a7ad  UARTModemStatusGet                    
2000a7bf  UARTFlowControlSet                    
2000a7db  UARTFlowControlGet                    
2000a7ed  UARTTxIntModeSet                      
2000a809  UARTTxIntModeGet                      
2000a81b  UARTCharsAvail                        
2000a833  UARTSpaceAvail                        
2000a855  UARTCharGetNonBlocking                
2000a871  UARTCharGet                           
2000a887  UARTCharPutNonBlocking                
2000a8ab  UARTCharPut                           
2000a8c9  UARTBreakCtl                          
2000a8f3  UARTBusy                              
2000a90b  UARTIntRegister                       
2000a929  UARTIntUnregister                     
2000a943  UARTIntEnable                         
2000a95b  UARTIntDisable                        
2000a973  UARTIntStatus                         
2000a991  UARTIntClear                          
2000a9a3  UARTDMAEnable                         
2000a9bb  UARTDMADisable                        
2000a9d3  UARTRxErrorGet                        
2000a9e9  UARTRxErrorClear                      
2000a9f9  osi_InterruptRegister                 
2000aa1f  osi_InterruptDeRegister               
2000aa31  osi_SyncObjCreate                     
2000aa61  osi_SyncObjDelete                     
2000aa7b  osi_SyncObjSignal                     
2000aaa3  osi_SyncObjSignalFromISR              
2000aadb  osi_SyncObjWait                       
2000ab07  osi_SyncObjClear                      
2000ab29  osi_LockObjCreate                     
2000ab4f  osi_TaskCreate                        
2000ab8f  osi_TaskDelete                        
2000ab9d  osi_LockObjDelete                     
2000abad  osi_LockObjLock                       
2000abd9  osi_LockObjUnlock                     
2000ac03  osi_Spawn                             
2000ac71  VStartSimpleLinkSpawnTask             
2000acc1  VDeleteSimpleLinkSpawnTask            
2000aced  osi_MsgQCreate                        
2000ad31  osi_MsgQDelete                        
2000ad4b  osi_MsgQWrite                         
2000ad7d  osi_MsgQRead                          
2000adb9  mem_Malloc                            
2000adc5  mem_Free                              
2000add1  mem_set                               
2000ade5  mem_copy                              
2000adf9  osi_EnterCritical                     
2000ae03  osi_ExitCritical                      
2000ae0d  osi_start                             
2000ae15  osi_Sleep                             
2000ae25  osi_TaskDisable                       
2000ae2f  osi_TaskEnable                        
2000ae39  osi_ContextSave                       
2000ae3b  osi_ContextRestore                    
2000ae55  minit                                 
2000aed5  malloc                                
2000af3f  free                                  
2000b001  realloc                               
2000b109  memalign                              
2000b1f5  calloc                                
2000b225  TimerEnable                           
2000b243  TimerDisable                          
2000b261  TimerConfigure                        
2000b29b  TimerControlLevel                     
2000b2d1  TimerControlEvent                     
2000b2fd  TimerControlStall                     
2000b333  TimerPrescaleSet                      
2000b35d  TimerPrescaleGet                      
2000b379  TimerPrescaleMatchSet                 
2000b3a3  TimerPrescaleMatchGet                 
2000b3bf  TimerLoadSet                          
2000b3e9  TimerLoadGet                          
2000b405  TimerValueGet                         
2000b421  TimerValueSet                         
2000b443  TimerMatchSet                         
2000b46d  TimerMatchGet                         
2000b489  TimerIntRegister                      
2000b4f5  TimerIntUnregister                    
2000b551  TimerIntEnable                        
2000b56d  TimerIntDisable                       
2000b585  TimerIntStatus                        
2000b5a3  TimerIntClear                         
2000b5b5  TimerDMAEventSet                      
2000b5c7  TimerDMAEventGet                      
2000b5e3  IntMasterEnable                       
2000b5ed  IntMasterDisable                      
2000b5f7  IntVTableBaseSet                      
2000b607  IntRegister                           
2000b623  IntUnregister                         
2000b63d  IntPriorityGroupingSet                
2000b657  IntPriorityGroupingGet                
2000b68f  IntPrioritySet                        
2000b6df  IntPriorityGet                        
2000b703  IntEnable                             
2000b79d  IntDisable                            
2000b837  IntPendSet                            
2000b8c5  IntPendClear                          
2000b91d  IntPriorityMaskSet                    
2000b929  IntPriorityMaskGet                    
2000b951  FlashDisable                          
2000b987  FlashErase                            
2000b9c1  FlashEraseNonBlocking                 
2000b9df  FlashMassErase                        
2000ba0b  FlashMassEraseNonBlocking             
2000ba1b  FlashProgram                          
2000ba9d  FlashProgramNonBlocking               
2000bb1f  FlashProtectGet                       
2000bb93  FlashIntRegister                      
2000bba7  FlashIntUnregister                    
2000bbb7  FlashIntEnable                        
2000bbcb  FlashIntDisable                       
2000bbdf  FlashIntStatus                        
2000bbfb  FlashIntClear                         
2000bc51  InitTerm                              
2000bc6f  Message                               
2000bc91  ClearTerm                             
2000bc9b  Error                                 
2000bcd3  GetCmd                                
2000bd89  TrimSpace                             
2000be21  Report                                
2000bee1  PinModeSet                            
2000bf19  PinModeGet                            
2000bf43  PinDirModeSet                         
2000bf77  PinDirModeGet                         
2000bfa1  PinConfigGet                          
2000bfdf  PinConfigSet                          
2000c059  PinTypeUART                           
2000c073  PinTypeI2C                            
2000c08f  PinTypeSPI                            
2000c0a9  PinTypeI2S                            
2000c0c3  PinTypeTimer                          
2000c0dd  PinTypeCamera                         
2000c0f7  PinTypeGPIO                           
2000c127  PinTypeADC                            
2000c13b  PinTypeSDHost                         
2000c3ad  __aeabi_uldivmod                      
2000c5a1  _SlDrvDataReadOp                      
2000c781  _SlDrvReleasePoolObj                  
2000c951  sl_Accept                             
2000cb0d  __aeabi_dsub                          
2000cb17  __aeabi_dadd                          
2000ccc3  _system_post_cinit                    
2000ce61  _SlDrvDriverCBInit                    
2000cff1  _SlDrvWaitForPoolObj                  
2000d2f1  spi_Open                              
2000d57d  __aeabi_ddiv                          
2000d6b3  vListInitialise                       
2000d6e3  vListInitialiseItem                   
2000d6f3  vListInsertEnd                        
2000d72f  vListInsert                           
2000d795  uxListRemove                          
2000d7dd  _SlDrvDriverCBDeinit                  
2000d901  pxPortInitialiseStack                 
2000d951  xPortStartScheduler                   
2000d97d  vPortEndScheduler                     
2000d97f  vPortYield                            
2000d991  vPortEnterCritical                    
2000d9a9  vPortExitCritical                     
2000d9c1  xPortSysTickHandler                   
2000d9dd  vPortSetupTimerInterrupt              
2000da11  _SlDrvNetAppEventHandler              
2000db15  __aeabi_dmul                          
2000dc11  sl_Stop                               
2000dd01  sl_Start                              
2000ded5  _SlDrvMsgReadSpawnCtx                 
2000dfbd  sl_NetAppMDNSRegisterUnregisterService
2000e17d  spi_Read                              
2000e259  sl_NetCfgGet                          
2000e331  ldexp                                 
2000e331  ldexpl                                
2000e331  scalbn                                
2000e331  scalbnl                               
2000e401  _sl_HandleAsync_DnsGetHostByService   
2000e4cd  sl_DevGet                             
2000e65d  _SlDrvCmdOp                           
2000e721  ulPortSetInterruptMask                
2000e737  vPortClearInterruptMask               
2000e745  xPortPendSVHandler                    
2000e791  vPortSVCHandler                       
2000e7b9  prvPortStartFirstTask                 
2000e7d1  portCLZ                               
2000e7d9  sl_Bind                               
2000e891  _SlDriverHandleError                  
2000e931  sl_Recv                               
2000e9d1  __aeabi_memcpy                        
2000e9d1  __aeabi_memcpy4                       
2000e9d1  __aeabi_memcpy8                       
2000e9d1  memcpy                                
2000ea6d  _SlDrvDeviceEventHandler              
2000eb09  sl_NetCfgSet                          
2000eba1  sl_SetSockOpt                         
2000ec39  sl_WlanSet                            
2000ecd1  _sl_HandleAsync_DnsGetHostByName      
2000ed61  _sl_HandleAsync_PingResponse          
2000edf1  sl_WlanPolicySet                      
2000ef99  _SlDrvIsTimeoutExpired                
2000f025  _sl_HandleAsync_InitComplete          
2000f0b1  sl_Socket                             
2000f13d  spi_Write                             
2000f1c9  vsnprintf                             
2000f251  __aeabi_cdcmpeq                       
2000f251  __aeabi_cdcmple                       
2000f2d7  __aeabi_cdrcmple                      
2000f35d  sl_WlanRxFilterSet                    
2000f3e1  _sl_HandleAsync_Connect               
2000f561  __aeabi_memclr                        
2000f561  __aeabi_memclr4                       
2000f561  __aeabi_memclr8                       
2000f563  __aeabi_memset                        
2000f563  __aeabi_memset4                       
2000f563  __aeabi_memset8                       
2000f569  memset                                
2000f5dd  spi_Close                             
2000f655  __TI_auto_init                        
2000f6c5  _SlDrvCmdSend                         
2000f731  _sl_NetAppSendTokenValue              
2000f79d  sl_Listen                             
2000f809  __TI_decompress_lzss                  
2000f871  _sl_HandleAsync_Accept                
2000f8d5  sl_NetAppMDNSUnRegisterService        
2000f939  sl_Close                              
2000f999  sl_WlanProfileDel                     
2000f9f9  sl_WlanSetMode                        
2000fa59  CPUcpsid                              
2000fa6d  CPUprimask                            
2000fa77  CPUcpsie                              
2000fa8b  CPUwfi                                
2000fa97  CPUbasepriSet                         
2000faad  CPUbasepriGet                         
2000fab9  frexp                                 
2000fab9  frexpl                                
2000fb15  _sl_HandleAsync_Select                
2000fb69  C$$EXIT                               
2000fb6d  abort                                 
2000fb75  exit                                  
2000fbbd  ltoa                                  
2000fc11  _SlDrvRxIrqHandler                    
2000fc61  _sl_HandleAsync_Stop                  
2000fcb1  _SlDrvProtectAsyncRespSetting         
2000fd49  atoi                                  
2000fd95  copy_in                               
2000fde1  _SlDrvBasicCmd                        
2000fe29  __aeabi_d2iz                          
2000feb5  _SlDrvSyncObjWaitTimeout              
2000fef5  _c_int00                              
2000ff71  simplelink_timerA2_start              
2000ffad  sl_Htons                              
2000ffe9  NwpPowerOff                           
20010021  sl_WlanDisconnect                     
20010059  PinMuxConfig                          
2001008d  __aeabi_i2d                           
200100bd  DmaSpiSwIntHandler                    
200100e9  NwpPowerOn                            
2001013d  _SlDrvProtectionObjLockWaitForever    
20010165  NwpRegisterInterruptHandler           
2001018d  _SlDrvGlobalObjUnLock                 
200101b1  _SlDrvProtectionObjUnLock             
200101d5  _SlDrvSyncObjWaitForever              
200101f9  memmove                               
2001021d  _SlDrvObjLockWaitForever              
20010241  NwpPrePowerOffTimout0                 
20010261  TimerGetCurrentTimestamp              
20010281  _SlDrvObjUnLock                       
2001029f  _SlDrvSyncObjSignal                   
200102db  _SlDrvStartMeasureTimeout             
200102f7  memccpy                               
2001032d  _args_main                            
20010345  _SlDrvMemZero                         
2001035b  strchr                                
20010371  _register_unlock                      
20010377  _register_lock                        
2001037f  _nop                                  
20010385  strlen                                
20010399  _SlDrvDispatchHttpServerEvents        
200103a9  _SlDrvResetCmdExt                     
200103b7  __TI_decompress_none                  
200103c5  ResetISR                              
200103d5  NwpMaskInterrupt                      
200103e1  NwpUnMaskInterrupt                    
200103ed  __TI_zero_init                        
200103f9  copysign                              
200103f9  copysignl                             
20010401  UtilsDelay                            
20010407  _system_pre_init                      
2001040c  _ctypes_                              
2001080c  OpcodeTranslateTable                  
20010848  _SlActionLookupTable                  
20010a08  _sbusBaud                             
20010a0c  _sbusHeader                           
20010a0d  _sbusFooter                           
20010a6a  _SlNetAppSendTokenValueCmdCtrl        
20010aa8  __TI_static_base__                    
20010adc  __TI_Handler_Table_Base               
20010ae8  __TI_Handler_Table_Limit              
20010af0  __TI_CINIT_Base                       
20010b00  __TI_CINIT_Limit                      
20017000  _sys_memory                           
2001b000  g_cBsdRecvBuf                         
2001b780  pxCurrentTCB                          
2001b810  g_ulStatus                            
2001b814  g_ulStaIp                             
2001b818  g_ulPingPacketsRecv                   
2001b81c  g_uiGatewayIP                         
2001b820  msgQfb                                
2001b824  g_SlDeviceStatus                      
2001b828  g_pCB                                 
2001b82c  pPingCallBackFunc                     
2001b834  __TI_cleanup_ptr                      
2001b838  __TI_dtors_ptr                        
2001b83c  __TI_enable_exit_profile_output       
2001b84c  xHigherPriorityTaskWoken              
2001b850  xSimpleLinkSpawnQueue                 
2001b854  xSimpleLinkSpawnTaskHndl              
2001b858  g_SpiFd                               
2001b85c  g_pHostIntHdl                         
2001b860  g_ucDMAEnabled                        
2001b864  _lock                                 
2001b868  _unlock                               
2001b870  errno                                 
2001b874  main_func_sp                          
2001b878  g_cBsdSendBuf                         
2001be78  xQueueRegistry                        
2001bec8  g_ucDinDout                           
2001bf8c  DMAMsgQ                               
2001bf90  g_cDummy                              
2001bf94  pccount                               
2001bfa0  recvCall                              
2001bfa4  RxIrqCnt                              
2001bfa5  g_bDeviceRestartIsRequired            
2002f000  __stack                               
20030000  __STACK_END                           
ffffffff  __TI_pprof_out_hndl                   
ffffffff  __TI_prof_data_size                   
ffffffff  __TI_prof_data_start                  
ffffffff  __binit__                             
ffffffff  __c_args__                            
ffffffff  binit                                 
UNDEFED   SHT$$INIT_ARRAY$$Base                 
UNDEFED   SHT$$INIT_ARRAY$$Limit                

[535 symbols]
